Component: ARM Compiler 5.06 update 7 (build 960) Tool: armlink [4d3601]

==============================================================================

Section Cross References

    ws--load_n_store_asm_functions_prob.o(my_fancy_asm_code) refers to ws--load_n_store_main.o(.data) for gPtrArray10a
    ws--load_n_store_main.o(i.main) refers to ws--load_n_store_asm_functions_prob.o(my_fancy_asm_code) for task10
    ws--load_n_store_main.o(i.main) refers to noretval__2printf.o(.text) for __2printf
    ws--load_n_store_main.o(i.main) refers to ws--load_n_store_main.o(.data) for gPtrArray10c
    retarget_io.o(i.ITM_ReceiveChar) refers to retarget_io.o(.data) for ITM_RxBuffer
    retarget_io.o(i._sys_open) refers to strcmpv7m.o(.text) for strcmp
    retarget_io.o(i._sys_write) refers to retarget_io.o(i.stdout_putchar) for stdout_putchar
    retarget_io.o(i.stdout_putchar) refers to retarget_io.o(i.ITM_SendChar) for ITM_SendChar
    startup_armcm4.o(STACK) refers (Special) to heapauxi.o(.text) for __use_two_region_memory
    startup_armcm4.o(HEAP) refers (Special) to heapauxi.o(.text) for __use_two_region_memory
    startup_armcm4.o(RESET) refers (Special) to heapauxi.o(.text) for __use_two_region_memory
    startup_armcm4.o(RESET) refers to startup_armcm4.o(STACK) for __initial_sp
    startup_armcm4.o(RESET) refers to startup_armcm4.o(.text) for Reset_Handler
    startup_armcm4.o(.text) refers (Special) to heapauxi.o(.text) for __use_two_region_memory
    startup_armcm4.o(.text) refers to system_armcm4.o(i.SystemInit) for SystemInit
    startup_armcm4.o(.text) refers to __main.o(!!!main) for __main
    system_armcm4.o(i.SystemCoreClockUpdate) refers to system_armcm4.o(.data) for SystemCoreClock
    system_armcm4.o(i.SystemInit) refers to startup_armcm4.o(RESET) for __Vectors
    system_armcm4.o(i.SystemInit) refers to system_armcm4.o(.data) for SystemCoreClock
    __2printf.o(.text) refers to _printf_char_file.o(.text) for _printf_char_file
    __2printf.o(.text) refers to stdio_streams.o(.bss) for __stdout
    noretval__2printf.o(.text) refers to _printf_char_file.o(.text) for _printf_char_file
    noretval__2printf.o(.text) refers to stdio_streams.o(.bss) for __stdout
    __main.o(!!!main) refers to __rtentry.o(.ARM.Collect$$rtentry$$00000000) for __rt_entry
    __rtentry.o(.ARM.Collect$$rtentry$$00000000) refers (Special) to __rtentry2.o(.ARM.Collect$$rtentry$$0000000A) for __rt_entry_li
    __rtentry.o(.ARM.Collect$$rtentry$$00000000) refers (Special) to __rtentry2.o(.ARM.Collect$$rtentry$$0000000D) for __rt_entry_main
    __rtentry.o(.ARM.Collect$$rtentry$$00000000) refers (Special) to __rtentry2.o(.ARM.Collect$$rtentry$$0000000C) for __rt_entry_postli_1
    __rtentry.o(.ARM.Collect$$rtentry$$00000000) refers (Special) to __rtentry2.o(.ARM.Collect$$rtentry$$00000009) for __rt_entry_postsh_1
    __rtentry.o(.ARM.Collect$$rtentry$$00000000) refers (Special) to __rtentry2.o(.ARM.Collect$$rtentry$$00000002) for __rt_entry_presh_1
    __rtentry.o(.ARM.Collect$$rtentry$$00000000) refers (Special) to __rtentry5.o(.ARM.Collect$$rtentry$$00000005) for __rt_entry_sh
    _printf_char_file.o(.text) refers to _printf_char_common.o(.text) for _printf_char_common
    _printf_char_file.o(.text) refers to ferror.o(.text) for ferror
    _printf_char_file.o(.text) refers to fputc.o(i.fputc) for fputc
    stdio_streams.o(.bss) refers (Special) to initio.o(.text) for _initio
    stdio_streams.o(.bss) refers (Special) to initio.o(.text) for _initio
    stdio_streams.o(.bss) refers (Special) to initio.o(.text) for _initio
    stdio_streams.o(.data) refers (Special) to initio.o(.text) for _initio
    stdio_streams.o(.data) refers (Special) to initio.o(.text) for _initio
    stdio_streams.o(.data) refers (Special) to initio.o(.text) for _initio
    __rtentry2.o(.ARM.Collect$$rtentry$$00000008) refers to boardinit2.o(.text) for _platform_post_stackheap_init
    __rtentry2.o(.ARM.Collect$$rtentry$$0000000A) refers to libinit.o(.ARM.Collect$$libinit$$00000000) for __rt_lib_init
    __rtentry2.o(.ARM.Collect$$rtentry$$0000000B) refers to boardinit3.o(.text) for _platform_post_lib_init
    __rtentry2.o(.ARM.Collect$$rtentry$$0000000D) refers to ws--load_n_store_main.o(i.main) for main
    __rtentry2.o(.ARM.Collect$$rtentry$$0000000D) refers to exit.o(.text) for exit
    __rtentry2.o(.ARM.exidx) refers to __rtentry2.o(.ARM.Collect$$rtentry$$00000001) for .ARM.Collect$$rtentry$$00000001
    __rtentry2.o(.ARM.exidx) refers to __rtentry2.o(.ARM.Collect$$rtentry$$00000008) for .ARM.Collect$$rtentry$$00000008
    __rtentry2.o(.ARM.exidx) refers to __rtentry2.o(.ARM.Collect$$rtentry$$0000000A) for .ARM.Collect$$rtentry$$0000000A
    __rtentry2.o(.ARM.exidx) refers to __rtentry2.o(.ARM.Collect$$rtentry$$0000000B) for .ARM.Collect$$rtentry$$0000000B
    __rtentry2.o(.ARM.exidx) refers to __rtentry2.o(.ARM.Collect$$rtentry$$0000000D) for .ARM.Collect$$rtentry$$0000000D
[...]
    initio_locked.o(.text) refers (Special) to libinit2.o(.ARM.Collect$$libinit$$00000024) for __rt_lib_init_stdio_2
    initio_locked.o(.text) refers (Special) to libshutdown2.o(.ARM.Collect$$libshutdown$$00000005) for __rt_lib_shutdown_stdio_2
    initio_locked.o(.text) refers to rt_memclr_w.o(.text) for __aeabi_memclr4
    initio_locked.o(.text) refers to fopen.o(.text) for freopen
    initio_locked.o(.text) refers to defsig_rtred_outer.o(.text) for __rt_SIGRTRED
    initio_locked.o(.text) refers to setvbuf.o(.text) for setvbuf
    initio_locked.o(.text) refers to fclose.o(.text) for _fclose_internal
    initio_locked.o(.text) refers to h1_free.o(.text) for free
    initio_locked.o(.text) refers to stdio_streams.o(.bss) for __stdin
    initio_locked.o(.text) refers to stdio_streams.o(.bss) for __stdout
    initio_locked.o(.text) refers to stdio_streams.o(.bss) for __stderr
    initio_locked.o(.text) refers to stdio_streams.o(.data) for __aeabi_stdin
    initio_locked.o(.text) refers to stdio_streams.o(.data) for __aeabi_stdout
    initio_locked.o(.text) refers to stdio_streams.o(.data) for __aeabi_stderr
    initio_locked.o(.text) refers to streamlock.o(.data) for _stream_list_lock
    initio_locked.o(.text) refers to retarget_io.o(.constdata) for __stdin_name
    sys_stackheap_outer.o(.text) refers to libspace.o(.text) for __user_perproc_libspace
    sys_stackheap_outer.o(.text) refers to sys_stackheap.o(.text) for __user_initial_stackheap
    free.o(.text) refers (Special) to hguard.o(.text) for __heap$guard
    free.o(.text) refers to rt_heap_descriptor_intlibspace.o(.text) for __rt_heap_descriptor
    free.o(.text) refers to heapstubs.o(.text) for __Heap_Free
    h1_free.o(.text) refers to rt_heap_descriptor_intlibspace.o(.text) for __rt_heap_descriptor
    h1_free_mt.o(.text) refers to rt_heap_descriptor_intlibspace.o(.text) for __rt_heap_descriptor
    heap2.o(i._FDIterate) refers to heap2.o(.conststring) for .conststring
    heap2.o(i.___Heap_ProvideMemory$realtime) refers to fdtree.o(i._FDTree_Delete) for _FDTree_Delete
    heap2.o(i.___Heap_ProvideMemory$realtime) refers to fdtree.o(i._FDTree_Insert) for _FDTree_Insert
    heap2.o(i.___Heap_Stats$realtime) refers to heap2.o(i._Heap2_StatsIterate) for _Heap2_StatsIterate
    heap2.o(i.___Heap_Valid$realtime) refers to heap2.o(i._FDIterate) for _FDIterate
    heap2.o(i.___Heap_Valid$realtime) refers to heap2.o(.conststring) for .conststring
    heap2.o(i._free$realtime) refers to rt_heap_descriptor_intlibspace.o(.text) for __rt_heap_descriptor
    heap2.o(i._free$realtime) refers to fdtree.o(i._FDTree_Delete) for _FDTree_Delete
    heap2.o(i._free$realtime) refers to fdtree.o(i._FDTree_Insert) for _FDTree_Insert
    heap2.o(i._malloc$realtime) refers to rt_heap_descriptor_intlibspace.o(.text) for __rt_heap_descriptor
    heap2.o(i._malloc$realtime) refers to fdtree.o(i._FDTree_FindFirst) for _FDTree_FindFirst
    heap2.o(i._malloc$realtime) refers to init_alloc.o(.text) for __Heap_Full
    heap2.o(i._malloc$realtime) refers to fdtree.o(i._FDTree_RemoveNode) for _FDTree_RemoveNode
    heap2.o(i._malloc$realtime) refers to fdtree.o(i._FDTree_Insert) for _FDTree_Insert
    heap2.o(i._posix_memalign$realtime) refers to rt_heap_descriptor_intlibspace.o(.text) for __rt_heap_descriptor
    heap2.o(i._posix_memalign$realtime) refers to fdtree.o(i._FDTree_FindFirst) for _FDTree_FindFirst
    heap2.o(i._posix_memalign$realtime) refers to init_alloc.o(.text) for __Heap_Full
    heap2.o(i._posix_memalign$realtime) refers to fdtree.o(i._FDTree_RemoveNode) for _FDTree_RemoveNode
    heap2.o(i._posix_memalign$realtime) refers to fdtree.o(i._FDTree_Insert) for _FDTree_Insert
    heap2.o(i._realloc$realtime) refers to rt_heap_descriptor_intlibspace.o(.text) for __rt_heap_descriptor
    heap2.o(i._realloc$realtime) refers to fdtree.o(i._FDTree_Insert) for _FDTree_Insert
    heap2.o(i._realloc$realtime) refers to h1_free.o(.text) for free
    heap2.o(i._realloc$realtime) refers to h1_alloc.o(.text) for malloc
    heap2.o(i._realloc$realtime) refers to fdtree.o(i._FDTree_Delete) for _FDTree_Delete
    heap2.o(i._realloc$realtime) refers to rt_memcpy_w.o(.text) for __aeabi_memcpy4
    heap2mt.o(i._FDIterate) refers to heap2mt.o(.conststring) for .conststring
    heap2mt.o(i.___Heap_Initialize$realtime$concurrent) refers to mutex_dummy.o(.text) for _mutex_initialize
    heap2mt.o(i.___Heap_ProvideMemory$realtime$concurrent) refers to fdtree.o(i._FDTree_Delete) for _FDTree_Delete
    heap2mt.o(i.___Heap_ProvideMemory$realtime$concurrent) refers to fdtree.o(i._FDTree_Insert) for _FDTree_Insert
    heap2mt.o(i.___Heap_Stats$realtime$concurrent) refers to heap2mt.o(i._Heap2_StatsIterate) for _Heap2_StatsIterate
    heap2mt.o(i.___Heap_Valid$realtime$concurrent) refers to heap2mt.o(i._FDIterate) for _FDIterate
    heap2mt.o(i.___Heap_Valid$realtime$concurrent) refers to heap2mt.o(.conststring) for .conststring
    heap2mt.o(i._free$realtime$concurrent) refers to rt_heap_descriptor_intlibspace.o(.text) for __rt_heap_descriptor
    heap2mt.o(i._free$realtime$concurrent) refers to fdtree.o(i._FDTree_Delete) for _FDTree_Delete
    heap2mt.o(i._free$realtime$concurrent) refers to fdtree.o(i._FDTree_Insert) for _FDTree_Insert
    heap2mt.o(i._malloc$realtime$concurrent) refers to rt_heap_descriptor_intlibspace.o(.text) for __rt_heap_descriptor
    heap2mt.o(i._malloc$realtime$concurrent) refers to fdtree.o(i._FDTree_FindFirst) for _FDTree_FindFirst
    heap2mt.o(i._malloc$realtime$concurrent) refers to init_alloc.o(.text) for __Heap_Full
    heap2mt.o(i._malloc$realtime$concurrent) refers to fdtree.o(i._FDTree_RemoveNode) for _FDTree_RemoveNode
    heap2mt.o(i._malloc$realtime$concurrent) refers to fdtree.o(i._FDTree_Insert) for _FDTree_Insert
    heap2mt.o(i._posix_memalign$realtime$concurrent) refers to rt_heap_descriptor_intlibspace.o(.text) for __rt_heap_descriptor
    heap2mt.o(i._posix_memalign$realtime$concurrent) refers to fdtree.o(i._FDTree_FindFirst) for _FDTree_FindFirst
    heap2mt.o(i._posix_memalign$realtime$concurrent) refers to init_alloc.o(.text) for __Heap_Full
    heap2mt.o(i._posix_memalign$realtime$concurrent) refers to fdtree.o(i._FDTree_RemoveNode) for _FDTree_RemoveNode
    heap2mt.o(i._posix_memalign$realtime$concurrent) refers to fdtree.o(i._FDTree_Insert) for _FDTree_Insert
    heap2mt.o(i._realloc$realtime$concurrent) refers to rt_heap_descriptor_intlibspace.o(.text) for __rt_heap_descriptor
    heap2mt.o(i._realloc$realtime$concurrent) refers to fdtree.o(i._FDTree_Insert) for _FDTree_Insert
    heap2mt.o(i._realloc$realtime$concurrent) refers to h1_free.o(.text) for free
    heap2mt.o(i._realloc$realtime$concurrent) refers to h1_alloc.o(.text) for malloc
    heap2mt.o(i._realloc$realtime$concurrent) refers to fdtree.o(i._FDTree_Delete) for _FDTree_Delete
    heap2mt.o(i._realloc$realtime$concurrent) refers to rt_memcpy_w.o(.text) for __aeabi_memcpy4
    flsbuf.o(.text) refers to stdio.o(.text) for _deferredlazyseek
    flsbuf.o(.text) refers to retarget_io.o(i._sys_flen) for _sys_flen
    flsbuf.o(.text) refers to retarget_io.o(i._sys_istty) for _sys_istty
    flsbuf.o(.text) refers to h1_alloc.o(.text) for malloc
    streamlock.o(.data) refers (Special) to initio.o(.text) for _initio
    fopen.o(.text) refers to fclose.o(.text) for _fclose_internal
    fopen.o(.text) refers to retarget_io.o(i._sys_open) for _sys_open
    fopen.o(.text) refers to fseek.o(.text) for _fseek
    fopen.o(.text) refers to h1_alloc.o(.text) for malloc
    fopen.o(.text) refers to rt_memclr_w.o(.text) for __aeabi_memclr4
    fopen.o(.text) refers to stdio_streams.o(.bss) for __stdin
    fclose.o(.text) refers to stdio.o(.text) for _fflush
    fclose.o(.text) refers to retarget_io.o(i._sys_close) for _sys_close
    fclose.o(.text) refers to h1_free.o(.text) for free
    fclose.o(.text) refers to rt_memclr_w.o(.text) for __aeabi_memclr4
    fopen_locked.o(.text) refers to fclose.o(.text) for _fclose_internal
    fopen_locked.o(.text) refers to retarget_io.o(i._sys_open) for _sys_open
    fopen_locked.o(.text) refers to fseek.o(.text) for _fseek
    fopen_locked.o(.text) refers to h1_alloc.o(.text) for malloc
    fopen_locked.o(.text) refers to rt_memclr_w.o(.text) for __aeabi_memclr4
    fopen_locked.o(.text) refers to streamlock.o(.data) for _stream_list_lock
    fopen_locked.o(.text) refers to stdio_streams.o(.bss) for __stdin
    exit.o(.text) refers to rtexit.o(.ARM.Collect$$rtexit$$00000000) for __rt_exit
    defsig_rtred_outer.o(.text) refers to defsig_rtred_inner.o(.text) for __rt_SIGRTRED_inner
    defsig_rtred_outer.o(.text) refers to defsig_exit.o(.text) for __sig_exit
    defsig_rtred_formal.o(.text) refers to rt_raise.o(.text) for __rt_raise
    libinit.o(.ARM.Collect$$libinit$$00000000) refers (Special) to libinit2.o(.ARM.Collect$$libinit$$0000002E) for __rt_lib_init_alloca_1
    libinit.o(.ARM.Collect$$libinit$$00000000) refers (Special) to libinit2.o(.ARM.Collect$$libinit$$0000002C) for __rt_lib_init_argv_1
    libinit.o(.ARM.Collect$$libinit$$00000000) refers (Special) to libinit2.o(.ARM.Collect$$libinit$$0000001B) for __rt_lib_init_atexit_1
    libinit.o(.ARM.Collect$$libinit$$00000000) refers (Special) to libinit2.o(.ARM.Collect$$libinit$$00000021) for __rt_lib_init_clock_1
    libinit.o(.ARM.Collect$$libinit$$00000000) refers (Special) to libinit2.o(.ARM.Collect$$libinit$$00000032) for __rt_lib_init_cpp_1
    libinit.o(.ARM.Collect$$libinit$$00000000) refers (Special) to libinit2.o(.ARM.Collect$$libinit$$00000030) for __rt_lib_init_exceptions_1
    libinit.o(.ARM.Collect$$libinit$$00000000) refers (Special) to libinit2.o(.ARM.Collect$$libinit$$00000001) for __rt_lib_init_fp_1
    libinit.o(.ARM.Collect$$libinit$$00000000) refers (Special) to libinit2.o(.ARM.Collect$$libinit$$0000001F) for __rt_lib_init_fp_trap_1
    libinit.o(.ARM.Collect$$libinit$$00000000) refers (Special) to libinit2.o(.ARM.Collect$$libinit$$00000023) for __rt_lib_init_getenv_1
    libinit.o(.ARM.Collect$$libinit$$00000000) refers (Special) to libinit2.o(.ARM.Collect$$libinit$$0000000A) for __rt_lib_init_heap_1
    libinit.o(.ARM.Collect$$libinit$$00000000) refers (Special) to libinit2.o(.ARM.Collect$$libinit$$00000011) for __rt_lib_init_lc_collate_1
    libinit.o(.ARM.Collect$$libinit$$00000000) refers (Special) to libinit2.o(.ARM.Collect$$libinit$$00000013) for __rt_lib_init_lc_ctype_1
    libinit.o(.ARM.Collect$$libinit$$00000000) refers (Special) to libinit2.o(.ARM.Collect$$libinit$$00000015) for __rt_lib_init_lc_monetary_1
    libinit.o(.ARM.Collect$$libinit$$00000000) refers (Special) to libinit2.o(.ARM.Collect$$libinit$$00000017) for __rt_lib_init_lc_numeric_1
    libinit.o(.ARM.Collect$$libinit$$00000000) refers (Special) to libinit2.o(.ARM.Collect$$libinit$$00000019) for __rt_lib_init_lc_time_1
    libinit.o(.ARM.Collect$$libinit$$00000000) refers (Special) to libinit2.o(.ARM.Collect$$libinit$$00000004) for __rt_lib_init_preinit_1
    libinit.o(.ARM.Collect$$libinit$$00000000) refers (Special) to libinit2.o(.ARM.Collect$$libinit$$0000000E) for __rt_lib_init_rand_1
    libinit.o(.ARM.Collect$$libinit$$00000000) refers (Special) to libinit2.o(.ARM.Collect$$libinit$$00000033) for __rt_lib_init_return
    libinit.o(.ARM.Collect$$libinit$$00000000) refers (Special) to libinit2.o(.ARM.Collect$$libinit$$0000001D) for __rt_lib_init_signal_1
    libinit.o(.ARM.Collect$$libinit$$00000000) refers (Special) to libinit2.o(.ARM.Collect$$libinit$$00000025) for __rt_lib_init_stdio_1
    libinit.o(.ARM.Collect$$libinit$$00000000) refers (Special) to libinit2.o(.ARM.Collect$$libinit$$0000000C) for __rt_lib_init_user_alloc_1
    libinit2.o(.ARM.Collect$$libinit$$00000001) refers to fpinit.o(x$fpl$fpinit) for _fp_init
    libinit2.o(.ARM.Collect$$libinit$$00000005) refers (Weak) to init_alloc.o(.text) for _init_alloc
    libinit2.o(.ARM.Collect$$libinit$$00000010) refers to libinit2.o(.ARM.Collect$$libinit$$0000000F) for .ARM.Collect$$libinit$$0000000F
    libinit2.o(.ARM.Collect$$libinit$$00000012) refers to libinit2.o(.ARM.Collect$$libinit$$0000000F) for .ARM.Collect$$libinit$$0000000F
    libinit2.o(.ARM.Collect$$libinit$$00000014) refers to libinit2.o(.ARM.Collect$$libinit$$0000000F) for .ARM.Collect$$libinit$$0000000F
    libinit2.o(.ARM.Collect$$libinit$$00000016) refers to libinit2.o(.ARM.Collect$$libinit$$0000000F) for .ARM.Collect$$libinit$$0000000F
    libinit2.o(.ARM.Collect$$libinit$$00000018) refers to libinit2.o(.ARM.Collect$$libinit$$0000000F) for .ARM.Collect$$libinit$$0000000F
    libinit2.o(.ARM.Collect$$libinit$$00000024) refers (Weak) to initio.o(.text) for _initio
    libinit2.o(.ARM.Collect$$libinit$$00000026) refers to argv_veneer.o(.emb_text) for __ARM_argv_veneer
    libinit2.o(.ARM.Collect$$libinit$$00000027) refers to argv_veneer.o(.emb_text) for __ARM_argv_veneer
    libshutdown2.o(.ARM.Collect$$libshutdown$$00000005) refers (Weak) to initio.o(.text) for _terminateio
    libshutdown2.o(.ARM.Collect$$libshutdown$$0000000F) refers (Weak) to term_alloc.o(.text) for _terminate_alloc
    flsbuf_fwide.o(.text) refers to flsbuf.o(.text) for __flsbuf
    libspace.o(.text) refers to libspace.o(.bss) for __libspace_start
    sys_stackheap.o(.text) refers (Special) to indicate_semi.o(.text) for __semihosting_library_function
    sys_stackheap.o(.text) refers to use_no_semi.o(.text) for __I$use$semihosting
    rtexit.o(.ARM.Collect$$rtexit$$00000000) refers (Special) to rtexit2.o(.ARM.Collect$$rtexit$$00000004) for __rt_exit_exit
    rtexit.o(.ARM.Collect$$rtexit$$00000000) refers (Special) to rtexit2.o(.ARM.Collect$$rtexit$$00000003) for __rt_exit_ls
    rtexit.o(.ARM.Collect$$rtexit$$00000000) refers (Special) to rtexit2.o(.ARM.Collect$$rtexit$$00000002) for __rt_exit_prels_1
    rtexit.o(.ARM.exidx) refers (Special) to rtexit2.o(.ARM.Collect$$rtexit$$00000004) for __rt_exit_exit
    rtexit.o(.ARM.exidx) refers (Special) to rtexit2.o(.ARM.Collect$$rtexit$$00000003) for __rt_exit_ls
    rtexit.o(.ARM.exidx) refers (Special) to rtexit2.o(.ARM.Collect$$rtexit$$00000002) for __rt_exit_prels_1
    rtexit.o(.ARM.exidx) refers to rtexit.o(.ARM.Collect$$rtexit$$00000000) for .ARM.Collect$$rtexit$$00000000
    rt_raise.o(.text) refers to __raise.o(.text) for __raise
    rt_raise.o(.text) refers to sys_exit.o(.text) for _sys_exit
    rt_heap_descriptor.o(.text) refers to rt_heap_descriptor.o(.bss) for __rt_heap_descriptor_data
    rt_heap_descriptor_intlibspace.o(.text) refers to libspace.o(.bss) for __libspace_start
    init_alloc.o(.text) refers (Special) to hguard.o(.text) for __heap$guard
    init_alloc.o(.text) refers (Special) to libinit3.o(.ARM.Collect$$libinit$$00000006) for __rt_lib_init_heap_2
    init_alloc.o(.text) refers (Special) to maybetermalloc1.o(.emb_text) for _maybe_terminate_alloc
    init_alloc.o(.text) refers to h1_extend.o(.text) for __Heap_ProvideMemory
    init_alloc.o(.text) refers to defsig_rtmem_outer.o(.text) for __rt_SIGRTMEM
    init_alloc.o(.text) refers to rt_heap_descriptor_intlibspace.o(.text) for __rt_heap_descriptor
    init_alloc.o(.text) refers to h1_init.o(.text) for __Heap_Initialize
    malloc.o(.text) refers (Special) to hguard.o(.text) for __heap$guard
    malloc.o(.text) refers (Special) to init_alloc.o(.text) for _init_alloc
    malloc.o(.text) refers to rt_heap_descriptor_intlibspace.o(.text) for __rt_heap_descriptor
    malloc.o(.text) refers to heapstubs.o(.text) for __Heap_Alloc
    h1_alloc.o(.text) refers (Special) to h1_init.o(.text) for __Heap_Initialize
    h1_alloc.o(.text) refers to rt_heap_descriptor_intlibspace.o(.text) for __rt_heap_descriptor
    h1_alloc.o(.text) refers to init_alloc.o(.text) for __Heap_Full
    h1_alloc_mt.o(.text) refers (Special) to h1_init.o(.text) for __Heap_Initialize
    h1_alloc_mt.o(.text) refers to init_alloc.o(.text) for __Heap_Full
    h1_alloc_mt.o(.text) refers to rt_heap_descriptor_intlibspace.o(.text) for __rt_heap_descriptor
    _printf_char_file_locked.o(.text) refers to _printf_char_common.o(.text) for _printf_char_common
    _printf_char_file_locked.o(.text) refers to fputc.o(i._fputc$unlocked) for _fputc$unlocked
    fseek.o(.text) refers to retarget_io.o(i._sys_istty) for _sys_istty
    fseek.o(.text) refers to ftell.o(.text) for _ftell_internal
    fseek.o(.text) refers to retarget_io.o(i._sys_flen) for _sys_flen
    fseek.o(.text) refers to stdio.o(.text) for _seterr
    stdio.o(.text) refers to retarget_io.o(i._sys_seek) for _sys_seek
    stdio.o(.text) refers to retarget_io.o(i._sys_write) for _sys_write
    fwritefast.o(.text) refers to stdio.o(.text) for _writebuf
    fwritefast.o(.text) refers to flsbuf.o(.text) for __flsbuf_byte
    fwritefast.o(.text) refers to rt_memcpy_v6.o(.text) for __aeabi_memcpy
    fwritefast_locked.o(.text) refers to stdio.o(.text) for _writebuf
    fwritefast_locked.o(.text) refers to flsbuf.o(.text) for __flsbuf_byte
    fwritefast_locked.o(.text) refers to rt_memcpy_v6.o(.text) for __aeabi_memcpy
    defsig_exit.o(.text) refers to sys_exit.o(.text) for _sys_exit
    defsig_rtred_inner.o(.text) refers to defsig_general.o(.text) for __default_signal_display
    assert_stdio.o(.text) refers to fputs.o(.text) for fputs
    assert_stdio.o(.text) refers to fflush.o(.text) for fflush
    assert_stdio.o(.text) refers to stdio_streams.o(.bss) for __stderr
    argv_veneer.o(.emb_text) refers to no_argv.o(.text) for __ARM_get_argv
    libinit3.o(.ARM.Collect$$libinit$$00000006) refers to libinit3.o(.ARM.Collect$$libinit$$00002717) for __lit__00000000
    libinit3.o(.ARM.Collect$$libinit$$00000006) refers (Weak) to init_alloc.o(.text) for _init_alloc
    libinit3.o(.ARM.Collect$$libinit$$00002717) refers to startup_armcm4.o(HEAP) for __heap_base
    libinit3.o(.ARM.Collect$$libinit$$00000028) refers to libinit3.o(.ARM.Collect$$libinit$$00002739) for __lit__00000002
    libinit3.o(.ARM.Collect$$libinit$$00000028) refers to argv_veneer.o(.emb_text) for __ARM_argv_veneer
    libinit3.o(.ARM.Collect$$libinit$$00002739) refers to startup_armcm4.o(HEAP) for __heap_base
    sys_exit.o(.text) refers (Special) to use_no_semi.o(.text) for __I$use$semihosting
    sys_exit.o(.text) refers (Special) to indicate_semi.o(.text) for __semihosting_library_function
    rtexit2.o(.ARM.Collect$$rtexit$$00000003) refers to libshutdown.o(.ARM.Collect$$libshutdown$$00000000) for __rt_lib_shutdown
    rtexit2.o(.ARM.Collect$$rtexit$$00000004) refers to sys_exit.o(.text) for _sys_exit
    rtexit2.o(.ARM.exidx) refers to rtexit2.o(.ARM.Collect$$rtexit$$00000001) for .ARM.Collect$$rtexit$$00000001
    rtexit2.o(.ARM.exidx) refers to rtexit2.o(.ARM.Collect$$rtexit$$00000003) for .ARM.Collect$$rtexit$$00000003
    rtexit2.o(.ARM.exidx) refers to rtexit2.o(.ARM.Collect$$rtexit$$00000004) for .ARM.Collect$$rtexit$$00000004
    maybetermalloc2.o(.emb_text) refers (Special) to term_alloc.o(.text) for _terminate_alloc
    h1_extend.o(.text) refers to h1_free.o(.text) for free
    h1_init_mt.o(.text) refers to mutex_dummy.o(.text) for _mutex_initialize
    h1_extend_mt.o(.text) refers to h1_free_mt.o(.text) for _free_internal
    fflush.o(.text) refers to stdio.o(.text) for _fflush
    fflush.o(.text) refers to fseek.o(.text) for _fseek
    fflush.o(.text) refers to stdio_streams.o(.bss) for __stdin
    fputs.o(.text) refers to fputc.o(i.fputc) for fputc
    ftell.o(.text) refers to rt_errno_addr_intlibspace.o(.text) for __aeabi_errno_addr
    fflush_locked.o(.text) refers to stdio.o(.text) for _fflush
    fflush_locked.o(.text) refers to fseek.o(.text) for _fseek
    fflush_locked.o(.text) refers to fflush.o(.text) for _do_fflush
    fflush_locked.o(.text) refers to streamlock.o(.data) for _stream_list_lock
    fflush_locked.o(.text) refers to stdio_streams.o(.bss) for __stdin
    __raise.o(.text) refers to defsig.o(CL$$defsig) for __default_signal_handler
    defsig_general.o(.text) refers to sys_wrch.o(.text) for _ttywrch
    defsig_rtmem_outer.o(.text) refers to defsig_rtmem_inner.o(.text) for __rt_SIGRTMEM_inner
    defsig_rtmem_outer.o(.text) refers to defsig_exit.o(.text) for __sig_exit
    defsig_rtmem_formal.o(.text) refers to rt_raise.o(.text) for __rt_raise
    rt_memcpy_v6.o(.text) refers to rt_memcpy_w.o(.text) for __aeabi_memcpy4
    heapauxa.o(.text) refers to heapauxa.o(.data) for .data
    _get_argv.o(.text) refers (Special) to hrguard.o(.text) for __heap_region$guard
    _get_argv.o(.text) refers to h1_alloc.o(.text) for malloc
    _get_argv.o(.text) refers to defsig_rtmem_outer.o(.text) for __rt_SIGRTMEM
    _get_argv.o(.text) refers to sys_command.o(.text) for _sys_command_string
    _get_argv_nomalloc.o(.text) refers (Special) to hrguard.o(.text) for __heap_region$guard
    _get_argv_nomalloc.o(.text) refers to defsig_rtmem_outer.o(.text) for __rt_SIGRTMEM
    _get_argv_nomalloc.o(.text) refers to sys_command.o(.text) for _sys_command_string
    sys_wrch.o(.text) refers (Special) to use_no_semi.o(.text) for __I$use$semihosting
    sys_wrch.o(.text) refers (Special) to indicate_semi.o(.text) for __semihosting_library_function
    sys_command.o(.text) refers (Special) to use_no_semi.o(.text) for __I$use$semihosting
    sys_command.o(.text) refers (Special) to indicate_semi.o(.text) for __semihosting_library_function
    rt_errno_addr.o(.text) refers to rt_errno_addr.o(.bss) for __aeabi_errno_addr_data
    rt_errno_addr_intlibspace.o(.text) refers to libspace.o(.bss) for __libspace_start
    term_alloc.o(.text) refers (Special) to libshutdown2.o(.ARM.Collect$$libshutdown$$00000010) for __rt_lib_shutdown_heap_2
    term_alloc.o(.text) refers to rt_heap_descriptor_intlibspace.o(.text) for __rt_heap_descriptor
    term_alloc.o(.text) refers to h1_final.o(.text) for __Heap_Finalize
    defsig_rtmem_inner.o(.text) refers to defsig_general.o(.text) for __default_signal_display
    defsig.o(CL$$defsig) refers to defsig_rtred_inner.o(.text) for __rt_SIGRTRED_inner
    defsig.o(CL$$defsig) refers to defsig_rtmem_inner.o(.text) for __rt_SIGRTMEM_inner
    libshutdown.o(.ARM.Collect$$libshutdown$$00000000) refers (Special) to libshutdown2.o(.ARM.Collect$$libshutdown$$00000004) for __rt_lib_shutdown_cpp_1
    libshutdown.o(.ARM.Collect$$libshutdown$$00000000) refers (Special) to libshutdown2.o(.ARM.Collect$$libshutdown$$00000002) for __rt_lib_shutdown_fini_1
    libshutdown.o(.ARM.Collect$$libshutdown$$00000000) refers (Special) to libshutdown2.o(.ARM.Collect$$libshutdown$$00000009) for __rt_lib_shutdown_fp_trap_1
    libshutdown.o(.ARM.Collect$$libshutdown$$00000000) refers (Special) to libshutdown2.o(.ARM.Collect$$libshutdown$$00000011) for __rt_lib_shutdown_heap_1
    libshutdown.o(.ARM.Collect$$libshutdown$$00000000) refers (Special) to libshutdown2.o(.ARM.Collect$$libshutdown$$00000012) for __rt_lib_shutdown_return
    libshutdown.o(.ARM.Collect$$libshutdown$$00000000) refers (Special) to libshutdown2.o(.ARM.Collect$$libshutdown$$0000000C) for __rt_lib_shutdown_signal_1
    libshutdown.o(.ARM.Collect$$libshutdown$$00000000) refers (Special) to libshutdown2.o(.ARM.Collect$$libshutdown$$00000006) for __rt_lib_shutdown_stdio_1
    libshutdown.o(.ARM.Collect$$libshutdown$$00000000) refers (Special) to libshutdown2.o(.ARM.Collect$$libshutdown$$0000000E) for __rt_lib_shutdown_user_alloc_1
    defsig_abrt_inner.o(.text) refers to defsig_general.o(.text) for __default_signal_display
    defsig_fpe_inner.o(.text) refers to defsig_general.o(.text) for __default_signal_display
    defsig_stak_inner.o(.text) refers to defsig_general.o(.text) for __default_signal_display
    defsig_pvfn_inner.o(.text) refers to defsig_general.o(.text) for __default_signal_display
    defsig_cppl_inner.o(.text) refers to defsig_general.o(.text) for __default_signal_display
    defsig_segv_inner.o(.text) refers to defsig_general.o(.text) for __default_signal_display
    defsig_other.o(.text) refers to defsig_general.o(.text) for __default_signal_display


==============================================================================

Removing Unused input sections from the image.

    Removing retarget_io.o(i.ITM_ReceiveChar), (36 bytes).
    Removing retarget_io.o(i._sys_read), (46 bytes).
    Removing retarget_io.o(.data), (4 bytes).
    Removing system_armcm4.o(.rev16_text), (4 bytes).
    Removing system_armcm4.o(.revsh_text), (4 bytes).
    Removing system_armcm4.o(.rrx_text), (6 bytes).
    Removing system_armcm4.o(i.SystemCoreClockUpdate), (16 bytes).

7 unused section(s) (total 116 bytes) removed from the image.

==============================================================================

Image Symbol Table

    Local Symbols

    Symbol Name                              Value     Ov Type        Size  Object(Section)

    RESET                                    0x00000000   Section      960  startup_armcm4.o(RESET)
    ../clib/angel/boardlib.s                 0x00000000   Number         0  boardinit1.o ABSOLUTE
    ../clib/angel/boardlib.s                 0x00000000   Number         0  boardinit2.o ABSOLUTE
    ../clib/angel/boardlib.s                 0x00000000   Number         0  boardinit3.o ABSOLUTE
    ../clib/angel/boardlib.s                 0x00000000   Number         0  boardshut.o ABSOLUTE
    ../clib/angel/handlers.s                 0x00000000   Number         0  __scatter_copy.o ABSOLUTE
    ../clib/angel/handlers.s                 0x00000000   Number         0  __scatter_zi.o ABSOLUTE
    ../clib/angel/kernel.s                   0x00000000   Number         0  rtexit2.o ABSOLUTE
    ../clib/angel/kernel.s                   0x00000000   Number         0  rtexit.o ABSOLUTE
    ../clib/angel/kernel.s                   0x00000000   Number         0  __rtentry2.o ABSOLUTE
    ../clib/angel/kernel.s                   0x00000000   Number         0  __rtentry.o ABSOLUTE
    ../clib/angel/kernel.s                   0x00000000   Number         0  __rtentry5.o ABSOLUTE
    ../clib/angel/kernel.s                   0x00000000   Number         0  __rtentry4.o ABSOLUTE
    ../clib/angel/rt.s                       0x00000000   Number         0  rt_heap_descriptor.o ABSOLUTE
    ../clib/angel/rt.s                       0x00000000   Number         0  rt_raise.o ABSOLUTE
    ../clib/angel/rt.s                       0x00000000   Number         0  rt_errno_addr.o ABSOLUTE
    ../clib/angel/rt.s                       0x00000000   Number         0  rt_errno_addr_intlibspace.o ABSOLUTE
    ../clib/angel/rt.s                       0x00000000   Number         0  rt_heap_descriptor_intlibspace.o ABSOLUTE
    ../clib/angel/scatter.s                  0x00000000   Number         0  __scatter.o ABSOLUTE
    ../clib/angel/startup.s                  0x00000000   Number         0  __main.o ABSOLUTE
    ../clib/angel/sys.s                      0x00000000   Number         0  sys_stackheap.o ABSOLUTE
    ../clib/angel/sys.s                      0x00000000   Number         0  use_no_semi.o ABSOLUTE
    ../clib/angel/sys.s                      0x00000000   Number         0  sys_stackheap_outer.o ABSOLUTE
    ../clib/angel/sys.s                      0x00000000   Number         0  mutex_dummy.o ABSOLUTE
    ../clib/angel/sys.s                      0x00000000   Number         0  libspace.o ABSOLUTE
    ../clib/angel/sys.s                      0x00000000   Number         0  indicate_semi.o ABSOLUTE
    ../clib/angel/sysapp.c                   0x00000000   Number         0  sys_exit.o ABSOLUTE
    ../clib/angel/sysapp.c                   0x00000000   Number         0  sys_wrch.o ABSOLUTE
    ../clib/angel/sysapp.c                   0x00000000   Number         0  sys_command.o ABSOLUTE
    ../clib/armsys.c                         0x00000000   Number         0  argv_veneer.o ABSOLUTE
    ../clib/armsys.c                         0x00000000   Number         0  _get_argv.o ABSOLUTE
    ../clib/armsys.c                         0x00000000   Number         0  _get_argv_nomalloc.o ABSOLUTE
    ../clib/armsys.c                         0x00000000   Number         0  no_argv.o ABSOLUTE
    ../clib/armsys.c                         0x00000000   Number         0  argv_veneer.o ABSOLUTE
    ../clib/assert.c                         0x00000000   Number         0  assert_stdio.o ABSOLUTE
    ../clib/heap1.c                          0x00000000   Number         0  h1_extend_mt.o ABSOLUTE
    ../clib/heap1.c                          0x00000000   Number         0  h1_free.o ABSOLUTE
    ../clib/heap1.c                          0x00000000   Number         0  h1_final_mt.o ABSOLUTE
    ../clib/heap1.c                          0x00000000   Number         0  h1_free_mt.o ABSOLUTE
    ../clib/heap1.c                          0x00000000   Number         0  h1_final.o ABSOLUTE
    ../clib/heap1.c                          0x00000000   Number         0  h1_init.o ABSOLUTE
    ../clib/heap1.c                          0x00000000   Number         0  h1_extend.o ABSOLUTE
    ../clib/heap1.c                          0x00000000   Number         0  h1_alloc.o ABSOLUTE
    ../clib/heap1.c                          0x00000000   Number         0  h1_init_mt.o ABSOLUTE
    ../clib/heap1.c                          0x00000000   Number         0  h1_alloc_mt.o ABSOLUTE
    ../clib/heap2.c                          0x00000000   Number         0  fdtree.o ABSOLUTE
    ../clib/heap2.c                          0x00000000   Number         0  heap2.o ABSOLUTE
    ../clib/heap2.c                          0x00000000   Number         0  heap2mt.o ABSOLUTE
    ../clib/heapalloc.c                      0x00000000   Number         0  malloc.o ABSOLUTE
    ../clib/heapalloc.c                      0x00000000   Number         0  init_alloc.o ABSOLUTE
    ../clib/heapalloc.c                      0x00000000   Number         0  free.o ABSOLUTE
    ../clib/heapalloc.c                      0x00000000   Number         0  maybetermalloc2.o ABSOLUTE
    ../clib/heapalloc.c                      0x00000000   Number         0  maybetermalloc2.o ABSOLUTE
    ../clib/heapalloc.c                      0x00000000   Number         0  maybetermalloc1.o ABSOLUTE
    ../clib/heapalloc.c                      0x00000000   Number         0  maybetermalloc1.o ABSOLUTE
    ../clib/heapalloc.c                      0x00000000   Number         0  term_alloc.o ABSOLUTE
    ../clib/heapalloc.c                      0x00000000   Number         0  hrguard.o ABSOLUTE
    ../clib/heapalloc.c                      0x00000000   Number         0  hguard.o ABSOLUTE
    ../clib/heapalloc.c                      0x00000000   Number         0  heapstubs.o ABSOLUTE
    ../clib/heapaux.c                        0x00000000   Number         0  heapauxi.o ABSOLUTE
    ../clib/heapaux.c                        0x00000000   Number         0  heapauxa.o ABSOLUTE
    ../clib/libinit.s                        0x00000000   Number         0  libshutdown2.o ABSOLUTE
    ../clib/libinit.s                        0x00000000   Number         0  libshutdown.o ABSOLUTE
    ../clib/libinit.s                        0x00000000   Number         0  libinit3.o ABSOLUTE
    ../clib/libinit.s                        0x00000000   Number         0  libinit.o ABSOLUTE
    ../clib/libinit.s                        0x00000000   Number         0  libinit2.o ABSOLUTE
    ../clib/memcpset.s                       0x00000000   Number         0  rt_memcpy_w.o ABSOLUTE
    ../clib/memcpset.s                       0x00000000   Number         0  strcmpv7m.o ABSOLUTE
    ../clib/memcpset.s                       0x00000000   Number         0  rt_memcpy_v6.o ABSOLUTE
    ../clib/memcpset.s                       0x00000000   Number         0  rt_memclr_w.o ABSOLUTE
    ../clib/printf.c                         0x00000000   Number         0  _printf_char_common.o ABSOLUTE
    ../clib/printf.c                         0x00000000   Number         0  __printf_nopercent.o ABSOLUTE
    ../clib/printf.c                         0x00000000   Number         0  __2printf.o ABSOLUTE
    ../clib/printf.c                         0x00000000   Number         0  noretval__2printf.o ABSOLUTE
    ../clib/printf.c                         0x00000000   Number         0  _printf_char_file.o ABSOLUTE
    ../clib/printf.c                         0x00000000   Number         0  _printf_char_file_locked.o ABSOLUTE
    ../clib/signal.c                         0x00000000   Number         0  defsig_general.o ABSOLUTE
    ../clib/signal.c                         0x00000000   Number         0  __raise.o ABSOLUTE
    ../clib/signal.c                         0x00000000   Number         0  defsig_stak_inner.o ABSOLUTE
    ../clib/signal.c                         0x00000000   Number         0  defsig_exit.o ABSOLUTE
    ../clib/signal.c                         0x00000000   Number         0  defsig_abrt_inner.o ABSOLUTE
    ../clib/signal.c                         0x00000000   Number         0  defsig_segv_inner.o ABSOLUTE
    ../clib/signal.c                         0x00000000   Number         0  defsig_rtmem_inner.o ABSOLUTE
    ../clib/signal.c                         0x00000000   Number         0  defsig_fpe_inner.o ABSOLUTE
    ../clib/signal.c                         0x00000000   Number         0  defsig_rtred_formal.o ABSOLUTE
    ../clib/signal.c                         0x00000000   Number         0  defsig_rtred_outer.o ABSOLUTE
    ../clib/signal.c                         0x00000000   Number         0  defsig_cppl_inner.o ABSOLUTE
    ../clib/signal.c                         0x00000000   Number         0  defsig_other.o ABSOLUTE
    ../clib/signal.c                         0x00000000   Number         0  defsig_pvfn_inner.o ABSOLUTE
    ../clib/signal.c                         0x00000000   Number         0  defsig_rtmem_formal.o ABSOLUTE
    ../clib/signal.c                         0x00000000   Number         0  defsig_rtmem_outer.o ABSOLUTE
    ../clib/signal.c                         0x00000000   Number         0  defsig_rtred_inner.o ABSOLUTE
    ../clib/signal.s                         0x00000000   Number         0  defsig.o ABSOLUTE
    ../clib/stdio.c                          0x00000000   Number         0  initio_locked.o ABSOLUTE
    ../clib/stdio.c                          0x00000000   Number         0  flsbuf.o ABSOLUTE
    ../clib/stdio.c                          0x00000000   Number         0  setvbuf.o ABSOLUTE
    ../clib/stdio.c                          0x00000000   Number         0  streamlock.o ABSOLUTE
    ../clib/stdio.c                          0x00000000   Number         0  fopen.o ABSOLUTE
    ../clib/stdio.c                          0x00000000   Number         0  fclose.o ABSOLUTE
    ../clib/stdio.c                          0x00000000   Number         0  setvbuf_locked.o ABSOLUTE
    ../clib/stdio.c                          0x00000000   Number         0  fopen_locked.o ABSOLUTE
    ../clib/stdio.c                          0x00000000   Number         0  ferror.o ABSOLUTE
    ../clib/stdio.c                          0x00000000   Number         0  fseek.o ABSOLUTE
    ../clib/stdio.c                          0x00000000   Number         0  stdio.o ABSOLUTE
    ../clib/stdio.c                          0x00000000   Number         0  fwritefast.o ABSOLUTE
    ../clib/stdio.c                          0x00000000   Number         0  fwritefast_locked.o ABSOLUTE
    ../clib/stdio.c                          0x00000000   Number         0  fflush.o ABSOLUTE
    ../clib/stdio.c                          0x00000000   Number         0  fputs.o ABSOLUTE
    ../clib/stdio.c                          0x00000000   Number         0  ftell.o ABSOLUTE
    ../clib/stdio.c                          0x00000000   Number         0  fputs_locked.o ABSOLUTE
    ../clib/stdio.c                          0x00000000   Number         0  fflush_locked.o ABSOLUTE
    ../clib/stdio.c                          0x00000000   Number         0  stdio_streams.o ABSOLUTE
    ../clib/stdio.c                          0x00000000   Number         0  fputc.o ABSOLUTE
    ../clib/stdio.c                          0x00000000   Number         0  initio.o ABSOLUTE
    ../clib/stdio.c                          0x00000000   Number         0  fputc_locked.o ABSOLUTE
    ../clib/stdio.c                          0x00000000   Number         0  ferror_locked.o ABSOLUTE
    ../clib/stdlib.c                         0x00000000   Number         0  exit.o ABSOLUTE
    ../clib/wchar.c                          0x00000000   Number         0  flsbuf_fwide.o ABSOLUTE
    ../fplib/fpinit.s                        0x00000000   Number         0  fpinit.o ABSOLUTE
    C:\Users\illus\AppData\Local\Arm\Packs\Keil\ARM_Compiler\1.6.3\Source\retarget_io.c 0x00000000   Number         0  retarget_io.o ABSOLUTE
    RTE\Device\ARMCM4_FP\startup_ARMCM4.s    0x00000000   Number         0  startup_armcm4.o ABSOLUTE
    RTE\Device\ARMCM4_FP\system_ARMCM4.c     0x00000000   Number         0  system_armcm4.o ABSOLUTE
    RTE\\Device\\ARMCM4_FP\\system_ARMCM4.c  0x00000000   Number         0  system_armcm4.o ABSOLUTE
    dc.s                                     0x00000000   Number         0  dc.o ABSOLUTE
    source\ws--load_n_store_asm_functions_prob.s 0x00000000   Number         0  ws--load_n_store_asm_functions_prob.o ABSOLUTE
    source\ws--load_n_store_main.c           0x00000000   Number         0  ws--load_n_store_main.o ABSOLUTE
    !!!main                                  0x000003c0   Section        8  __main.o(!!!main)
    !!!scatter                               0x000003c8   Section       52  __scatter.o(!!!scatter)
    !!handler_copy                           0x000003fc   Section       26  __scatter_copy.o(!!handler_copy)
    !!handler_zi                             0x00000418   Section       28  __scatter_zi.o(!!handler_zi)
    .ARM.Collect$$libinit$$00000000          0x00000434   Section        2  libinit.o(.ARM.Collect$$libinit$$00000000)
    .ARM.Collect$$libinit$$00000001          0x00000436   Section        4  libinit2.o(.ARM.Collect$$libinit$$00000001)
    .ARM.Collect$$libinit$$00000004          0x0000043a   Section        0  libinit2.o(.ARM.Collect$$libinit$$00000004)
    .ARM.Collect$$libinit$$00000006          0x0000043a   Section        8  libinit3.o(.ARM.Collect$$libinit$$00000006)
    .ARM.Collect$$libinit$$0000000A          0x00000442   Section        0  libinit2.o(.ARM.Collect$$libinit$$0000000A)
    .ARM.Collect$$libinit$$0000000C          0x00000442   Section        0  libinit2.o(.ARM.Collect$$libinit$$0000000C)
    .ARM.Collect$$libinit$$0000000E          0x00000442   Section        0  libinit2.o(.ARM.Collect$$libinit$$0000000E)
    .ARM.Collect$$libinit$$00000011          0x00000442   Section        0  libinit2.o(.ARM.Collect$$libinit$$00000011)
    .ARM.Collect$$libinit$$00000013          0x00000442   Section        0  libinit2.o(.ARM.Collect$$libinit$$00000013)
    .ARM.Collect$$libinit$$00000015          0x00000442   Section        0  libinit2.o(.ARM.Collect$$libinit$$00000015)
    .ARM.Collect$$libinit$$00000017          0x00000442   Section        0  libinit2.o(.ARM.Collect$$libinit$$00000017)
    .ARM.Collect$$libinit$$00000019          0x00000442   Section        0  libinit2.o(.ARM.Collect$$libinit$$00000019)
    .ARM.Collect$$libinit$$0000001B          0x00000442   Section        0  libinit2.o(.ARM.Collect$$libinit$$0000001B)
    .ARM.Collect$$libinit$$0000001D          0x00000442   Section        0  libinit2.o(.ARM.Collect$$libinit$$0000001D)
    .ARM.Collect$$libinit$$0000001F          0x00000442   Section        0  libinit2.o(.ARM.Collect$$libinit$$0000001F)
    .ARM.Collect$$libinit$$00000021          0x00000442   Section        0  libinit2.o(.ARM.Collect$$libinit$$00000021)
    .ARM.Collect$$libinit$$00000023          0x00000442   Section        0  libinit2.o(.ARM.Collect$$libinit$$00000023)
    .ARM.Collect$$libinit$$00000024          0x00000442   Section        4  libinit2.o(.ARM.Collect$$libinit$$00000024)
    .ARM.Collect$$libinit$$00000025          0x00000446   Section        0  libinit2.o(.ARM.Collect$$libinit$$00000025)
    .ARM.Collect$$libinit$$0000002C          0x00000446   Section        0  libinit2.o(.ARM.Collect$$libinit$$0000002C)
    .ARM.Collect$$libinit$$0000002E          0x00000446   Section        0  libinit2.o(.ARM.Collect$$libinit$$0000002E)
    .ARM.Collect$$libinit$$00000030          0x00000446   Section        0  libinit2.o(.ARM.Collect$$libinit$$00000030)
    .ARM.Collect$$libinit$$00000032          0x00000446   Section        0  libinit2.o(.ARM.Collect$$libinit$$00000032)
    .ARM.Collect$$libinit$$00000033          0x00000446   Section        2  libinit2.o(.ARM.Collect$$libinit$$00000033)
    .ARM.Collect$$libinit$$00002717          0x00000448   Section        8  libinit3.o(.ARM.Collect$$libinit$$00002717)
    __lit__00000000                          0x00000448   Data           4  libinit3.o(.ARM.Collect$$libinit$$00002717)
    __lit__00000001                          0x0000044c   Data           4  libinit3.o(.ARM.Collect$$libinit$$00002717)
    .ARM.Collect$$libshutdown$$00000000      0x00000450   Section        2  libshutdown.o(.ARM.Collect$$libshutdown$$00000000)
    .ARM.Collect$$libshutdown$$00000002      0x00000452   Section        0  libshutdown2.o(.ARM.Collect$$libshutdown$$00000002)
    .ARM.Collect$$libshutdown$$00000004      0x00000452   Section        0  libshutdown2.o(.ARM.Collect$$libshutdown$$00000004)
    .ARM.Collect$$libshutdown$$00000005      0x00000452   Section        4  libshutdown2.o(.ARM.Collect$$libshutdown$$00000005)
    .ARM.Collect$$libshutdown$$00000006      0x00000456   Section        0  libshutdown2.o(.ARM.Collect$$libshutdown$$00000006)
    .ARM.Collect$$libshutdown$$00000009      0x00000456   Section        0  libshutdown2.o(.ARM.Collect$$libshutdown$$00000009)
    .ARM.Collect$$libshutdown$$0000000C      0x00000456   Section        0  libshutdown2.o(.ARM.Collect$$libshutdown$$0000000C)
    .ARM.Collect$$libshutdown$$0000000E      0x00000456   Section        0  libshutdown2.o(.ARM.Collect$$libshutdown$$0000000E)
    .ARM.Collect$$libshutdown$$00000011      0x00000456   Section        0  libshutdown2.o(.ARM.Collect$$libshutdown$$00000011)
    .ARM.Collect$$libshutdown$$00000012      0x00000456   Section        2  libshutdown2.o(.ARM.Collect$$libshutdown$$00000012)
    .ARM.Collect$$rtentry$$00000000          0x00000458   Section        0  __rtentry.o(.ARM.Collect$$rtentry$$00000000)
    .ARM.Collect$$rtentry$$00000002          0x00000458   Section        0  __rtentry2.o(.ARM.Collect$$rtentry$$00000002)
    .ARM.Collect$$rtentry$$00000005          0x00000458   Section        4  __rtentry5.o(.ARM.Collect$$rtentry$$00000005)
    .ARM.Collect$$rtentry$$00000009          0x0000045c   Section        0  __rtentry2.o(.ARM.Collect$$rtentry$$00000009)
    .ARM.Collect$$rtentry$$0000000A          0x0000045c   Section        4  __rtentry2.o(.ARM.Collect$$rtentry$$0000000A)
    .ARM.Collect$$rtentry$$0000000C          0x00000460   Section        0  __rtentry2.o(.ARM.Collect$$rtentry$$0000000C)
    .ARM.Collect$$rtentry$$0000000D          0x00000460   Section        8  __rtentry2.o(.ARM.Collect$$rtentry$$0000000D)
    .ARM.Collect$$rtentry$$00002716          0x00000468   Section        4  __rtentry5.o(.ARM.Collect$$rtentry$$00002716)
    __lit__00000000                          0x00000468   Data           4  __rtentry5.o(.ARM.Collect$$rtentry$$00002716)
    .ARM.Collect$$rtexit$$00000000           0x0000046c   Section        2  rtexit.o(.ARM.Collect$$rtexit$$00000000)
    .ARM.Collect$$rtexit$$00000002           0x0000046e   Section        0  rtexit2.o(.ARM.Collect$$rtexit$$00000002)
    .ARM.Collect$$rtexit$$00000003           0x0000046e   Section        4  rtexit2.o(.ARM.Collect$$rtexit$$00000003)
    .ARM.Collect$$rtexit$$00000004           0x00000472   Section        6  rtexit2.o(.ARM.Collect$$rtexit$$00000004)
    .emb_text                                0x00000478   Section        0  maybetermalloc1.o(.emb_text)
    .text                                    0x00000478   Section       56  startup_armcm4.o(.text)
    $v0                                      0x00000478   Number         0  startup_armcm4.o(.text)
    .text                                    0x000004b0   Section        0  noretval__2printf.o(.text)
    .text                                    0x000004c8   Section      128  strcmpv7m.o(.text)
    .text                                    0x00000548   Section        0  heapauxi.o(.text)
    .text                                    0x00000550   Section        0  _printf_char_file.o(.text)
    .text                                    0x00000574   Section        0  _printf_char_common.o(.text)
    _printf_input_char                       0x00000575   Thumb Code    10  _printf_char_common.o(.text)
    .text                                    0x000005a4   Section        0  ferror.o(.text)
    .text                                    0x000005ac   Section        0  initio.o(.text)
    .text                                    0x000006e4   Section        0  h1_free.o(.text)
    .text                                    0x00000732   Section        0  __printf_nopercent.o(.text)
    .text                                    0x0000075a   Section        0  flsbuf.o(.text)
    .text                                    0x00000930   Section        0  setvbuf.o(.text)
    .text                                    0x00000978   Section        0  fopen.o(.text)
    _freopen_locked                          0x00000979   Thumb Code     0  fopen.o(.text)
    .text                                    0x00000a64   Section        0  fclose.o(.text)
    .text                                    0x00000ab0   Section        0  exit.o(.text)
    .text                                    0x00000ac2   Section        0  defsig_rtred_outer.o(.text)
    .text                                    0x00000ad0   Section       78  rt_memclr_w.o(.text)
    .text                                    0x00000b20   Section        8  rt_heap_descriptor_intlibspace.o(.text)
    .text                                    0x00000b28   Section        0  hguard.o(.text)
    .text                                    0x00000b2c   Section        0  init_alloc.o(.text)
    .text                                    0x00000bb6   Section        0  h1_alloc.o(.text)
    .text                                    0x00000c14   Section        0  fseek.o(.text)
    .text                                    0x00000d0c   Section        0  stdio.o(.text)
    .text                                    0x00000dfc   Section        0  defsig_exit.o(.text)
    .text                                    0x00000e08   Section        0  defsig_rtred_inner.o(.text)
    .text                                    0x00000e3c   Section        0  sys_exit.o(.text)
    .text                                    0x00000e48   Section        2  use_no_semi.o(.text)
    .text                                    0x00000e4a   Section        0  h1_init.o(.text)
    .text                                    0x00000e4a   Section        0  indicate_semi.o(.text)
    .text                                    0x00000e58   Section        0  h1_extend.o(.text)
    .text                                    0x00000e8c   Section        0  ftell.o(.text)
    .text                                    0x00000ece   Section        0  defsig_general.o(.text)
    .text                                    0x00000f00   Section        0  defsig_rtmem_outer.o(.text)
    .text                                    0x00000f0e   Section        0  sys_wrch.o(.text)
    .text                                    0x00000f1c   Section        8  rt_errno_addr_intlibspace.o(.text)
    .text                                    0x00000f24   Section        0  defsig_rtmem_inner.o(.text)
    i.ITM_SendChar                           0x00000f74   Section        0  retarget_io.o(i.ITM_SendChar)
    i.SystemInit                             0x00000fa4   Section        0  system_armcm4.o(i.SystemInit)
    i._sys_close                             0x00000fd4   Section        0  retarget_io.o(i._sys_close)
    i._sys_flen                              0x00000ffa   Section        0  retarget_io.o(i._sys_flen)
    i._sys_istty                             0x0000101e   Section        0  retarget_io.o(i._sys_istty)
    i._sys_open                              0x00001044   Section        0  retarget_io.o(i._sys_open)
    i._sys_seek                              0x000010ac   Section        0  retarget_io.o(i._sys_seek)
    i._sys_write                             0x000010d8   Section        0  retarget_io.o(i._sys_write)
    i.fputc                                  0x0000111e   Section        0  fputc.o(i.fputc)
    i.main                                   0x00001138   Section        0  ws--load_n_store_main.o(i.main)
    i.stdout_putchar                         0x00001298   Section        0  retarget_io.o(i.stdout_putchar)
    stdout_putchar                           0x00001299   Thumb Code    12  retarget_io.o(i.stdout_putchar)
    my_fancy_asm_code                        0x000012a4   Section      292  ws--load_n_store_asm_functions_prob.o(my_fancy_asm_code)
    $v0                                      0x000012a4   Number         0  ws--load_n_store_asm_functions_prob.o(my_fancy_asm_code)
    x$fpl$fpinit                             0x000013c8   Section       10  fpinit.o(x$fpl$fpinit)
    $v0                                      0x000013c8   Number         0  fpinit.o(x$fpl$fpinit)
    .constdata                               0x000013d2   Section       23  retarget_io.o(.constdata)
    .data                                    0x20000000   Section       49  ws--load_n_store_main.o(.data)
    .data                                    0x20000034   Section        4  system_armcm4.o(.data)
    .data                                    0x20000038   Section        4  stdio_streams.o(.data)
    .data                                    0x2000003c   Section        4  stdio_streams.o(.data)
    .data                                    0x20000040   Section        4  stdio_streams.o(.data)
    .bss                                     0x20000044   Section       84  stdio_streams.o(.bss)
    .bss                                     0x20000098   Section       84  stdio_streams.o(.bss)
    .bss                                     0x200000ec   Section       84  stdio_streams.o(.bss)
    .bss                                     0x20000140   Section       96  libspace.o(.bss)
    HEAP                                     0x200001a0   Section     3072  startup_armcm4.o(HEAP)
    STACK                                    0x20000da0   Section     1024  startup_armcm4.o(STACK)

    Global Symbols

    Symbol Name                              Value     Ov Type        Size  Object(Section)

    BuildAttributes$$THM_ISAv4$E$P$D$K$B$S$7EM$VFPi3$EXTD16$VFPS$VFMA$PE$A:L22UL41UL21$X:L11$S22US41US21$IEEE1$IW$USESV6$~STKCKD$USESV7$~SHL$OTIME$ROPI$EBA8$UX$STANDARDLIB$REQ8$EABIv2 0x00000000   Number         0  anon$$obj.o ABSOLUTE
    __ARM_use_no_argv                        0x00000000   Number         0  ws--load_n_store_main.o ABSOLUTE
    __Vectors                                0x00000000   Data           4  startup_armcm4.o(RESET)
    Image$$ZI$$Limit                          - Undefined Weak Reference
    __ARM_exceptions_init                     - Undefined Weak Reference
    __alloca_initialize                       - Undefined Weak Reference
    __arm_fini_                               - Undefined Weak Reference
    __arm_preinit_                            - Undefined Weak Reference
    __cpp_initialize__aeabi_                  - Undefined Weak Reference
    __cxa_finalize                            - Undefined Weak Reference
    __rt_locale                               - Undefined Weak Reference
    __sigvec_lookup                           - Undefined Weak Reference
    __user_heap_extent                        - Undefined Weak Reference
    _atexit_init                              - Undefined Weak Reference
    _call_atexit_fns                          - Undefined Weak Reference
    _clock_init                               - Undefined Weak Reference
    _fp_trap_init                             - Undefined Weak Reference
    _fp_trap_shutdown                         - Undefined Weak Reference
    _get_lc_collate                           - Undefined Weak Reference
    _get_lc_ctype                             - Undefined Weak Reference
    _get_lc_monetary                          - Undefined Weak Reference
    _get_lc_numeric                           - Undefined Weak Reference
    _get_lc_time                              - Undefined Weak Reference
    _getenv_init                              - Undefined Weak Reference
    _handle_redirection                       - Undefined Weak Reference
    _mutex_acquire                            - Undefined Weak Reference
    _mutex_free                               - Undefined Weak Reference
    _mutex_release                            - Undefined Weak Reference
    _rand_init                                - Undefined Weak Reference
    _signal_finish                            - Undefined Weak Reference
    _signal_init                              - Undefined Weak Reference
    __Vectors_End                            0x000003c0   Data           0  startup_armcm4.o(RESET)
    __Vectors_Size                           0x000003c0   Number         0  startup_armcm4.o ABSOLUTE
    __main                                   0x000003c1   Thumb Code     8  __main.o(!!!main)
    __scatterload                            0x000003c9   Thumb Code     0  __scatter.o(!!!scatter)
    __scatterload_rt2                        0x000003c9   Thumb Code    44  __scatter.o(!!!scatter)
    __scatterload_rt2_thumb_only             0x000003c9   Thumb Code     0  __scatter.o(!!!scatter)
    __scatterload_null                       0x000003d7   Thumb Code     0  __scatter.o(!!!scatter)
    __scatterload_copy                       0x000003fd   Thumb Code    26  __scatter_copy.o(!!handler_copy)
    __scatterload_zeroinit                   0x00000419   Thumb Code    28  __scatter_zi.o(!!handler_zi)
    __rt_lib_init                            0x00000435   Thumb Code     0  libinit.o(.ARM.Collect$$libinit$$00000000)
    __rt_lib_init_fp_1                       0x00000437   Thumb Code     0  libinit2.o(.ARM.Collect$$libinit$$00000001)
    __rt_lib_init_heap_2                     0x0000043b   Thumb Code     0  libinit3.o(.ARM.Collect$$libinit$$00000006)
    __rt_lib_init_preinit_1                  0x0000043b   Thumb Code     0  libinit2.o(.ARM.Collect$$libinit$$00000004)
    __rt_lib_init_atexit_1                   0x00000443   Thumb Code     0  libinit2.o(.ARM.Collect$$libinit$$0000001B)
    __rt_lib_init_clock_1                    0x00000443   Thumb Code     0  libinit2.o(.ARM.Collect$$libinit$$00000021)
    __rt_lib_init_fp_trap_1                  0x00000443   Thumb Code     0  libinit2.o(.ARM.Collect$$libinit$$0000001F)
    __rt_lib_init_getenv_1                   0x00000443   Thumb Code     0  libinit2.o(.ARM.Collect$$libinit$$00000023)
    __rt_lib_init_heap_1                     0x00000443   Thumb Code     0  libinit2.o(.ARM.Collect$$libinit$$0000000A)
    __rt_lib_init_lc_collate_1               0x00000443   Thumb Code     0  libinit2.o(.ARM.Collect$$libinit$$00000011)
    __rt_lib_init_lc_ctype_1                 0x00000443   Thumb Code     0  libinit2.o(.ARM.Collect$$libinit$$00000013)
    __rt_lib_init_lc_monetary_1              0x00000443   Thumb Code     0  libinit2.o(.ARM.Collect$$libinit$$00000015)
    __rt_lib_init_lc_numeric_1               0x00000443   Thumb Code     0  libinit2.o(.ARM.Collect$$libinit$$00000017)
    __rt_lib_init_lc_time_1                  0x00000443   Thumb Code     0  libinit2.o(.ARM.Collect$$libinit$$00000019)
    __rt_lib_init_rand_1                     0x00000443   Thumb Code     0  libinit2.o(.ARM.Collect$$libinit$$0000000E)
    __rt_lib_init_signal_1                   0x00000443   Thumb Code     0  libinit2.o(.ARM.Collect$$libinit$$0000001D)
    __rt_lib_init_stdio_2                    0x00000443   Thumb Code     0  libinit2.o(.ARM.Collect$$libinit$$00000024)
    __rt_lib_init_user_alloc_1               0x00000443   Thumb Code     0  libinit2.o(.ARM.Collect$$libinit$$0000000C)
    __rt_lib_init_alloca_1                   0x00000447   Thumb Code     0  libinit2.o(.ARM.Collect$$libinit$$0000002E)
    __rt_lib_init_argv_1                     0x00000447   Thumb Code     0  libinit2.o(.ARM.Collect$$libinit$$0000002C)
    __rt_lib_init_cpp_1                      0x00000447   Thumb Code     0  libinit2.o(.ARM.Collect$$libinit$$00000032)
    __rt_lib_init_exceptions_1               0x00000447   Thumb Code     0  libinit2.o(.ARM.Collect$$libinit$$00000030)
    __rt_lib_init_return                     0x00000447   Thumb Code     0  libinit2.o(.ARM.Collect$$libinit$$00000033)
    __rt_lib_init_stdio_1                    0x00000447   Thumb Code     0  libinit2.o(.ARM.Collect$$libinit$$00000025)
    __rt_lib_shutdown                        0x00000451   Thumb Code     0  libshutdown.o(.ARM.Collect$$libshutdown$$00000000)
    __rt_lib_shutdown_cpp_1                  0x00000453   Thumb Code     0  libshutdown2.o(.ARM.Collect$$libshutdown$$00000004)
    __rt_lib_shutdown_fini_1                 0x00000453   Thumb Code     0  libshutdown2.o(.ARM.Collect$$libshutdown$$00000002)
    __rt_lib_shutdown_stdio_2                0x00000453   Thumb Code     0  libshutdown2.o(.ARM.Collect$$libshutdown$$00000005)
    __rt_lib_shutdown_fp_trap_1              0x00000457   Thumb Code     0  libshutdown2.o(.ARM.Collect$$libshutdown$$00000009)
    __rt_lib_shutdown_heap_1                 0x00000457   Thumb Code     0  libshutdown2.o(.ARM.Collect$$libshutdown$$00000011)
    __rt_lib_shutdown_return                 0x00000457   Thumb Code     0  libshutdown2.o(.ARM.Collect$$libshutdown$$00000012)
    __rt_lib_shutdown_signal_1               0x00000457   Thumb Code     0  libshutdown2.o(.ARM.Collect$$libshutdown$$0000000C)
    __rt_lib_shutdown_stdio_1                0x00000457   Thumb Code     0  libshutdown2.o(.ARM.Collect$$libshutdown$$00000006)
    __rt_lib_shutdown_user_alloc_1           0x00000457   Thumb Code     0  libshutdown2.o(.ARM.Collect$$libshutdown$$0000000E)
    __rt_entry                               0x00000459   Thumb Code     0  __rtentry.o(.ARM.Collect$$rtentry$$00000000)
    __rt_entry_presh_1                       0x00000459   Thumb Code     0  __rtentry2.o(.ARM.Collect$$rtentry$$00000002)
    __rt_entry_sh                            0x00000459   Thumb Code     0  __rtentry5.o(.ARM.Collect$$rtentry$$00000005)
    __rt_entry_li                            0x0000045d   Thumb Code     0  __rtentry2.o(.ARM.Collect$$rtentry$$0000000A)
    __rt_entry_postsh_1                      0x0000045d   Thumb Code     0  __rtentry2.o(.ARM.Collect$$rtentry$$00000009)
    __rt_entry_main                          0x00000461   Thumb Code     0  __rtentry2.o(.ARM.Collect$$rtentry$$0000000D)
    __rt_entry_postli_1                      0x00000461   Thumb Code     0  __rtentry2.o(.ARM.Collect$$rtentry$$0000000C)
    __rt_exit                                0x0000046d   Thumb Code     0  rtexit.o(.ARM.Collect$$rtexit$$00000000)
    __rt_exit_ls                             0x0000046f   Thumb Code     0  rtexit2.o(.ARM.Collect$$rtexit$$00000003)
    __rt_exit_prels_1                        0x0000046f   Thumb Code     0  rtexit2.o(.ARM.Collect$$rtexit$$00000002)
    __rt_exit_exit                           0x00000473   Thumb Code     0  rtexit2.o(.ARM.Collect$$rtexit$$00000004)
    Reset_Handler                            0x00000479   Thumb Code     8  startup_armcm4.o(.text)
    _maybe_terminate_alloc                   0x00000479   Thumb Code     0  maybetermalloc1.o(.emb_text)
    HardFault_Handler                        0x00000481   Thumb Code     2  startup_armcm4.o(.text)
    NMI_Handler                              0x00000483   Thumb Code     2  startup_armcm4.o(.text)
    MemManage_Handler                        0x00000485   Thumb Code     2  startup_armcm4.o(.text)
    BusFault_Handler                         0x00000487   Thumb Code     2  startup_armcm4.o(.text)
    UsageFault_Handler                       0x00000489   Thumb Code     2  startup_armcm4.o(.text)
    SVC_Handler                              0x0000048b   Thumb Code     2  startup_armcm4.o(.text)
    DebugMon_Handler                         0x0000048d   Thumb Code     2  startup_armcm4.o(.text)
    PendSV_Handler                           0x0000048f   Thumb Code     2  startup_armcm4.o(.text)
    SysTick_Handler                          0x00000491   Thumb Code     2  startup_armcm4.o(.text)
    Interrupt0_Handler                       0x00000493   Thumb Code     2  startup_armcm4.o(.text)
    Interrupt1_Handler                       0x00000495   Thumb Code     2  startup_armcm4.o(.text)
    Interrupt2_Handler                       0x00000497   Thumb Code     2  startup_armcm4.o(.text)
    Interrupt3_Handler                       0x00000499   Thumb Code     2  startup_armcm4.o(.text)
    Interrupt4_Handler                       0x0000049b   Thumb Code     2  startup_armcm4.o(.text)
    Interrupt5_Handler                       0x0000049d   Thumb Code     2  startup_armcm4.o(.text)
    Interrupt6_Handler                       0x0000049f   Thumb Code     2  startup_armcm4.o(.text)
    Interrupt7_Handler                       0x000004a1   Thumb Code     2  startup_armcm4.o(.text)
    Interrupt8_Handler                       0x000004a3   Thumb Code     2  startup_armcm4.o(.text)
    Interrupt9_Handler                       0x000004a5   Thumb Code     2  startup_armcm4.o(.text)
    __2printf                                0x000004b1   Thumb Code    20  noretval__2printf.o(.text)
    strcmp                                   0x000004c9   Thumb Code   128  strcmpv7m.o(.text)
    __use_two_region_memory                  0x00000549   Thumb Code     2  heapauxi.o(.text)
    __rt_heap_escrow                         0x0000054b   Thumb Code     2  heapauxi.o(.text)
    __rt_heap_expand                         0x0000054d   Thumb Code     2  heapauxi.o(.text)
    _printf_char_file                        0x00000551   Thumb Code    32  _printf_char_file.o(.text)
    _printf_char_common                      0x0000057f   Thumb Code    32  _printf_char_common.o(.text)
    ferror                                   0x000005a5   Thumb Code     8  ferror.o(.text)
    _initio                                  0x000005ad   Thumb Code   210  initio.o(.text)
    _terminateio                             0x0000067f   Thumb Code    56  initio.o(.text)
    free                                     0x000006e5   Thumb Code    78  h1_free.o(.text)
    __printf                                 0x00000733   Thumb Code    40  __printf_nopercent.o(.text)
    __flsbuf                                 0x0000075b   Thumb Code   470  flsbuf.o(.text)
    __flsbuf_byte                            0x0000075b   Thumb Code     0  flsbuf.o(.text)
    __flsbuf_wide                            0x0000075b   Thumb Code     0  flsbuf.o(.text)
    setvbuf                                  0x00000931   Thumb Code    70  setvbuf.o(.text)
    freopen                                  0x00000979   Thumb Code   158  fopen.o(.text)
    fopen                                    0x00000a17   Thumb Code    74  fopen.o(.text)
    _fclose_internal                         0x00000a65   Thumb Code    76  fclose.o(.text)
    fclose                                   0x00000a65   Thumb Code     0  fclose.o(.text)
    exit                                     0x00000ab1   Thumb Code    18  exit.o(.text)
    __rt_SIGRTRED                            0x00000ac3   Thumb Code    14  defsig_rtred_outer.o(.text)
    __aeabi_memclr4                          0x00000ad1   Thumb Code     0  rt_memclr_w.o(.text)
    __aeabi_memclr8                          0x00000ad1   Thumb Code     0  rt_memclr_w.o(.text)
    __rt_memclr_w                            0x00000ad1   Thumb Code    78  rt_memclr_w.o(.text)
    _memset_w                                0x00000ad5   Thumb Code     0  rt_memclr_w.o(.text)
    __rt_heap_descriptor                     0x00000b21   Thumb Code     8  rt_heap_descriptor_intlibspace.o(.text)
    __use_no_heap                            0x00000b29   Thumb Code     2  hguard.o(.text)
    __heap$guard                             0x00000b2b   Thumb Code     2  hguard.o(.text)
    _terminate_user_alloc                    0x00000b2d   Thumb Code     2  init_alloc.o(.text)
    _init_user_alloc                         0x00000b2f   Thumb Code     2  init_alloc.o(.text)
    __Heap_Full                              0x00000b31   Thumb Code    34  init_alloc.o(.text)
    __Heap_Broken                            0x00000b53   Thumb Code     6  init_alloc.o(.text)
    _init_alloc                              0x00000b59   Thumb Code    94  init_alloc.o(.text)
    malloc                                   0x00000bb7   Thumb Code    94  h1_alloc.o(.text)
    _fseek                                   0x00000c15   Thumb Code   242  fseek.o(.text)
    fseek                                    0x00000c15   Thumb Code     0  fseek.o(.text)
    _seterr                                  0x00000d0d   Thumb Code    20  stdio.o(.text)
    _writebuf                                0x00000d21   Thumb Code    84  stdio.o(.text)
    _fflush                                  0x00000d75   Thumb Code    70  stdio.o(.text)
    _deferredlazyseek                        0x00000dbb   Thumb Code    60  stdio.o(.text)
    __sig_exit                               0x00000dfd   Thumb Code    10  defsig_exit.o(.text)
    __rt_SIGRTRED_inner                      0x00000e09   Thumb Code    14  defsig_rtred_inner.o(.text)
    _sys_exit                                0x00000e3d   Thumb Code     8  sys_exit.o(.text)
    __I$use$semihosting                      0x00000e49   Thumb Code     0  use_no_semi.o(.text)
    __use_no_semihosting_swi                 0x00000e49   Thumb Code     2  use_no_semi.o(.text)
    __Heap_Initialize                        0x00000e4b   Thumb Code    10  h1_init.o(.text)
    __semihosting_library_function           0x00000e4b   Thumb Code     0  indicate_semi.o(.text)
    __Heap_DescSize                          0x00000e55   Thumb Code     4  h1_init.o(.text)
    __Heap_ProvideMemory                     0x00000e59   Thumb Code    52  h1_extend.o(.text)
    _ftell_internal                          0x00000e8d   Thumb Code    66  ftell.o(.text)
    ftell                                    0x00000e8d   Thumb Code     0  ftell.o(.text)
    __default_signal_display                 0x00000ecf   Thumb Code    50  defsig_general.o(.text)
    __rt_SIGRTMEM                            0x00000f01   Thumb Code    14  defsig_rtmem_outer.o(.text)
    _ttywrch                                 0x00000f0f   Thumb Code    14  sys_wrch.o(.text)
    __aeabi_errno_addr                       0x00000f1d   Thumb Code     8  rt_errno_addr_intlibspace.o(.text)
    __errno$intlibspace                      0x00000f1d   Thumb Code     0  rt_errno_addr_intlibspace.o(.text)
    __rt_errno_addr$intlibspace              0x00000f1d   Thumb Code     0  rt_errno_addr_intlibspace.o(.text)
    __rt_SIGRTMEM_inner                      0x00000f25   Thumb Code    22  defsig_rtmem_inner.o(.text)
    ITM_SendChar                             0x00000f75   Thumb Code    42  retarget_io.o(i.ITM_SendChar)
    SystemInit                               0x00000fa5   Thumb Code    30  system_armcm4.o(i.SystemInit)
    _sys_close                               0x00000fd5   Thumb Code    38  retarget_io.o(i._sys_close)
    _sys_flen                                0x00000ffb   Thumb Code    36  retarget_io.o(i._sys_flen)
    _sys_istty                               0x0000101f   Thumb Code    36  retarget_io.o(i._sys_istty)
    _sys_open                                0x00001045   Thumb Code    80  retarget_io.o(i._sys_open)
    _sys_seek                                0x000010ad   Thumb Code    44  retarget_io.o(i._sys_seek)
    _sys_write                               0x000010d9   Thumb Code    70  retarget_io.o(i._sys_write)
    fputc                                    0x0000111f   Thumb Code    26  fputc.o(i.fputc)
    main                                     0x00001139   Thumb Code   298  ws--load_n_store_main.o(i.main)
    task10                                   0x000012a5   Thumb Code    34  ws--load_n_store_asm_functions_prob.o(my_fancy_asm_code)
    task11                                   0x000012c7   Thumb Code    34  ws--load_n_store_asm_functions_prob.o(my_fancy_asm_code)
    task12                                   0x000012e9   Thumb Code    50  ws--load_n_store_asm_functions_prob.o(my_fancy_asm_code)
    task13                                   0x0000131b   Thumb Code    48  ws--load_n_store_asm_functions_prob.o(my_fancy_asm_code)
    task14                                   0x0000134b   Thumb Code    50  ws--load_n_store_asm_functions_prob.o(my_fancy_asm_code)
    task15                                   0x0000137d   Thumb Code    48  ws--load_n_store_asm_functions_prob.o(my_fancy_asm_code)
    _fp_init                                 0x000013c9   Thumb Code    10  fpinit.o(x$fpl$fpinit)
    __fplib_config_fpu_vfp                   0x000013d1   Thumb Code     0  fpinit.o(x$fpl$fpinit)
    __fplib_config_pureend_doubles           0x000013d1   Thumb Code     0  fpinit.o(x$fpl$fpinit)
    __stdin_name                             0x000013d2   Data           7  retarget_io.o(.constdata)
    __stdout_name                            0x000013d9   Data           8  retarget_io.o(.constdata)
    __stderr_name                            0x000013e1   Data           8  retarget_io.o(.constdata)
    Region$$Table$$Base                      0x000013ec   Number         0  anon$$obj.o(Region$$Table)
    Region$$Table$$Limit                     0x0000140c   Number         0  anon$$obj.o(Region$$Table)
    gPtrArray10c                             0x20000000   Data           4  ws--load_n_store_main.o(.data)
    gPtrArray11c                             0x20000004   Data           4  ws--load_n_store_main.o(.data)
    gPtrArray12c                             0x20000008   Data           4  ws--load_n_store_main.o(.data)
    gPtrArray13c                             0x2000000c   Data           4  ws--load_n_store_main.o(.data)
    gPtrArray14c                             0x20000010   Data           4  ws--load_n_store_main.o(.data)
    gPtrArray15c                             0x20000014   Data           4  ws--load_n_store_main.o(.data)
    gPtrArray10a                             0x20000018   Data           4  ws--load_n_store_main.o(.data)
    gPtrArray11a                             0x2000001c   Data           4  ws--load_n_store_main.o(.data)
    gPtrArray12a                             0x20000020   Data           4  ws--load_n_store_main.o(.data)
    gPtrArray13a                             0x20000024   Data           4  ws--load_n_store_main.o(.data)
    gPtrArray14a                             0x20000028   Data           4  ws--load_n_store_main.o(.data)
    gPtrArray15a                             0x2000002c   Data           4  ws--load_n_store_main.o(.data)
    gVar1                                    0x20000030   Data           1  ws--load_n_store_main.o(.data)
    SystemCoreClock                          0x20000034   Data           4  system_armcm4.o(.data)
    __aeabi_stdin                            0x20000038   Data           4  stdio_streams.o(.data)
    __aeabi_stdout                           0x2000003c   Data           4  stdio_streams.o(.data)
    __aeabi_stderr                           0x20000040   Data           4  stdio_streams.o(.data)
    __stdin                                  0x20000044   Data          84  stdio_streams.o(.bss)
    __stdout                                 0x20000098   Data          84  stdio_streams.o(.bss)
    __stderr                                 0x200000ec   Data          84  stdio_streams.o(.bss)
    __libspace_start                         0x20000140   Data          96  libspace.o(.bss)
    __heap_base                              0x200001a0   Data           0  startup_armcm4.o(HEAP)
    __temporary_stack_top$libspace           0x200001a0   Data           0  libspace.o(.bss)
    __heap_limit                             0x20000da0   Data           0  startup_armcm4.o(HEAP)
    __stack_limit                            0x20000da0   Data           0  startup_armcm4.o(STACK)
    __initial_sp                             0x200011a0   Data           0  startup_armcm4.o(STACK)



==============================================================================

Memory Map of the image

  Image Entry point : 0x000003c1

  Load Region LR_IROM1 (Base: 0x00000000, Size: 0x00001450, Max: 0x00040000, ABSOLUTE)

    Execution Region ER_IROM1 (Exec base: 0x00000000, Load base: 0x00000000, Size: 0x0000140c, Max: 0x00040000, ABSOLUTE)

    Exec Addr    Load Addr    Size         Type   Attr      Idx    E Section Name        Object

    0x00000000   0x00000000   0x000003c0   Data   RO          123    RESET               startup_armcm4.o
    0x000003c0   0x000003c0   0x00000008   Code   RO          194  * !!!main             c_w.l(__main.o)
    0x000003c8   0x000003c8   0x00000034   Code   RO          548    !!!scatter          c_w.l(__scatter.o)
    0x000003fc   0x000003fc   0x0000001a   Code   RO          550    !!handler_copy      c_w.l(__scatter_copy.o)
    0x00000416   0x00000416   0x00000002   PAD
    0x00000418   0x00000418   0x0000001c   Code   RO          552    !!handler_zi        c_w.l(__scatter_zi.o)
    0x00000434   0x00000434   0x00000002   Code   RO          329    .ARM.Collect$$libinit$$00000000  c_w.l(libinit.o)
    0x00000436   0x00000436   0x00000004   Code   RO          330    .ARM.Collect$$libinit$$00000001  c_w.l(libinit2.o)
    0x0000043a   0x0000043a   0x00000000   Code   RO          333    .ARM.Collect$$libinit$$00000004  c_w.l(libinit2.o)
    0x0000043a   0x0000043a   0x00000008   Code   RO          451    .ARM.Collect$$libinit$$00000006  c_w.l(libinit3.o)
    0x00000442   0x00000442   0x00000000   Code   RO          336    .ARM.Collect$$libinit$$0000000A  c_w.l(libinit2.o)
    0x00000442   0x00000442   0x00000000   Code   RO          338    .ARM.Collect$$libinit$$0000000C  c_w.l(libinit2.o)
    0x00000442   0x00000442   0x00000000   Code   RO          340    .ARM.Collect$$libinit$$0000000E  c_w.l(libinit2.o)
    0x00000442   0x00000442   0x00000000   Code   RO          343    .ARM.Collect$$libinit$$00000011  c_w.l(libinit2.o)
    0x00000442   0x00000442   0x00000000   Code   RO          345    .ARM.Collect$$libinit$$00000013  c_w.l(libinit2.o)
    0x00000442   0x00000442   0x00000000   Code   RO          347    .ARM.Collect$$libinit$$00000015  c_w.l(libinit2.o)
    0x00000442   0x00000442   0x00000000   Code   RO          349    .ARM.Collect$$libinit$$00000017  c_w.l(libinit2.o)
    0x00000442   0x00000442   0x00000000   Code   RO          351    .ARM.Collect$$libinit$$00000019  c_w.l(libinit2.o)
    0x00000442   0x00000442   0x00000000   Code   RO          353    .ARM.Collect$$libinit$$0000001B  c_w.l(libinit2.o)
    0x00000442   0x00000442   0x00000000   Code   RO          355    .ARM.Collect$$libinit$$0000001D  c_w.l(libinit2.o)
    0x00000442   0x00000442   0x00000000   Code   RO          357    .ARM.Collect$$libinit$$0000001F  c_w.l(libinit2.o)
    0x00000442   0x00000442   0x00000000   Code   RO          359    .ARM.Collect$$libinit$$00000021  c_w.l(libinit2.o)
    0x00000442   0x00000442   0x00000000   Code   RO          361    .ARM.Collect$$libinit$$00000023  c_w.l(libinit2.o)
    0x00000442   0x00000442   0x00000004   Code   RO          362    .ARM.Collect$$libinit$$00000024  c_w.l(libinit2.o)
    0x00000446   0x00000446   0x00000000   Code   RO          363    .ARM.Collect$$libinit$$00000025  c_w.l(libinit2.o)
    0x00000446   0x00000446   0x00000000   Code   RO          367    .ARM.Collect$$libinit$$0000002C  c_w.l(libinit2.o)
    0x00000446   0x00000446   0x00000000   Code   RO          369    .ARM.Collect$$libinit$$0000002E  c_w.l(libinit2.o)
    0x00000446   0x00000446   0x00000000   Code   RO          371    .ARM.Collect$$libinit$$00000030  c_w.l(libinit2.o)
    0x00000446   0x00000446   0x00000000   Code   RO          373    .ARM.Collect$$libinit$$00000032  c_w.l(libinit2.o)
    0x00000446   0x00000446   0x00000002   Code   RO          374    .ARM.Collect$$libinit$$00000033  c_w.l(libinit2.o)
    0x00000448   0x00000448   0x00000008   Code   RO          452    .ARM.Collect$$libinit$$00002717  c_w.l(libinit3.o)
    0x00000450   0x00000450   0x00000002   Code   RO          527    .ARM.Collect$$libshutdown$$00000000  c_w.l(libshutdown.o)
    0x00000452   0x00000452   0x00000000   Code   RO          376    .ARM.Collect$$libshutdown$$00000002  c_w.l(libshutdown2.o)
    0x00000452   0x00000452   0x00000000   Code   RO          378    .ARM.Collect$$libshutdown$$00000004  c_w.l(libshutdown2.o)
    0x00000452   0x00000452   0x00000004   Code   RO          379    .ARM.Collect$$libshutdown$$00000005  c_w.l(libshutdown2.o)
    0x00000456   0x00000456   0x00000000   Code   RO          380    .ARM.Collect$$libshutdown$$00000006  c_w.l(libshutdown2.o)
    0x00000456   0x00000456   0x00000000   Code   RO          383    .ARM.Collect$$libshutdown$$00000009  c_w.l(libshutdown2.o)
    0x00000456   0x00000456   0x00000000   Code   RO          386    .ARM.Collect$$libshutdown$$0000000C  c_w.l(libshutdown2.o)
    0x00000456   0x00000456   0x00000000   Code   RO          388    .ARM.Collect$$libshutdown$$0000000E  c_w.l(libshutdown2.o)
    0x00000456   0x00000456   0x00000000   Code   RO          391    .ARM.Collect$$libshutdown$$00000011  c_w.l(libshutdown2.o)
    0x00000456   0x00000456   0x00000002   Code   RO          392    .ARM.Collect$$libshutdown$$00000012  c_w.l(libshutdown2.o)
    0x00000458   0x00000458   0x00000000   Code   RO          196    .ARM.Collect$$rtentry$$00000000  c_w.l(__rtentry.o)
    0x00000458   0x00000458   0x00000000   Code   RO          206    .ARM.Collect$$rtentry$$00000002  c_w.l(__rtentry2.o)
    0x00000458   0x00000458   0x00000004   Code   RO          220    .ARM.Collect$$rtentry$$00000005  c_w.l(__rtentry5.o)
    0x0000045c   0x0000045c   0x00000000   Code   RO          208    .ARM.Collect$$rtentry$$00000009  c_w.l(__rtentry2.o)
    0x0000045c   0x0000045c   0x00000004   Code   RO          209    .ARM.Collect$$rtentry$$0000000A  c_w.l(__rtentry2.o)
    0x00000460   0x00000460   0x00000000   Code   RO          211    .ARM.Collect$$rtentry$$0000000C  c_w.l(__rtentry2.o)
    0x00000460   0x00000460   0x00000008   Code   RO          212    .ARM.Collect$$rtentry$$0000000D  c_w.l(__rtentry2.o)
    0x00000468   0x00000468   0x00000004   Code   RO          221    .ARM.Collect$$rtentry$$00002716  c_w.l(__rtentry5.o)
    0x0000046c   0x0000046c   0x00000002   Code   RO          400    .ARM.Collect$$rtexit$$00000000  c_w.l(rtexit.o)
    0x0000046e   0x0000046e   0x00000000   Code   RO          463    .ARM.Collect$$rtexit$$00000002  c_w.l(rtexit2.o)
    0x0000046e   0x0000046e   0x00000004   Code   RO          464    .ARM.Collect$$rtexit$$00000003  c_w.l(rtexit2.o)
    0x00000472   0x00000472   0x00000006   Code   RO          465    .ARM.Collect$$rtexit$$00000004  c_w.l(rtexit2.o)
    0x00000478   0x00000478   0x00000000   Code   RO          469    .emb_text           c_w.l(maybetermalloc1.o)
    0x00000478   0x00000478   0x00000038   Code   RO          124    .text               startup_armcm4.o
    0x000004b0   0x000004b0   0x00000018   Code   RO          188    .text               c_w.l(noretval__2printf.o)
    0x000004c8   0x000004c8   0x00000080   Code   RO          190    .text               c_w.l(strcmpv7m.o)
    0x00000548   0x00000548   0x00000006   Code   RO          192    .text               c_w.l(heapauxi.o)
    0x0000054e   0x0000054e   0x00000002   PAD
    0x00000550   0x00000550   0x00000024   Code   RO          197    .text               c_w.l(_printf_char_file.o)
    0x00000574   0x00000574   0x00000030   Code   RO          225    .text               c_w.l(_printf_char_common.o)
    0x000005a4   0x000005a4   0x00000008   Code   RO          227    .text               c_w.l(ferror.o)
    0x000005ac   0x000005ac   0x00000138   Code   RO          233    .text               c_w.l(initio.o)
    0x000006e4   0x000006e4   0x0000004e   Code   RO          247    .text               c_w.l(h1_free.o)
    0x00000732   0x00000732   0x00000028   Code   RO          301    .text               c_w.l(__printf_nopercent.o)
    0x0000075a   0x0000075a   0x000001d6   Code   RO          303    .text               c_w.l(flsbuf.o)
    0x00000930   0x00000930   0x00000046   Code   RO          305    .text               c_w.l(setvbuf.o)
    0x00000976   0x00000976   0x00000002   PAD
    0x00000978   0x00000978   0x000000ec   Code   RO          308    .text               c_w.l(fopen.o)
    0x00000a64   0x00000a64   0x0000004c   Code   RO          310    .text               c_w.l(fclose.o)
    0x00000ab0   0x00000ab0   0x00000012   Code   RO          316    .text               c_w.l(exit.o)
    0x00000ac2   0x00000ac2   0x0000000e   Code   RO          318    .text               c_w.l(defsig_rtred_outer.o)
    0x00000ad0   0x00000ad0   0x0000004e   Code   RO          322    .text               c_w.l(rt_memclr_w.o)
    0x00000b1e   0x00000b1e   0x00000002   PAD
    0x00000b20   0x00000b20   0x00000008   Code   RO          407    .text               c_w.l(rt_heap_descriptor_intlibspace.o)
    0x00000b28   0x00000b28   0x00000004   Code   RO          409    .text               c_w.l(hguard.o)
    0x00000b2c   0x00000b2c   0x0000008a   Code   RO          411    .text               c_w.l(init_alloc.o)
    0x00000bb6   0x00000bb6   0x0000005e   Code   RO          417    .text               c_w.l(h1_alloc.o)
    0x00000c14   0x00000c14   0x000000f8   Code   RO          433    .text               c_w.l(fseek.o)
    0x00000d0c   0x00000d0c   0x000000f0   Code   RO          435    .text               c_w.l(stdio.o)
    0x00000dfc   0x00000dfc   0x0000000a   Code   RO          441    .text               c_w.l(defsig_exit.o)
    0x00000e06   0x00000e06   0x00000002   PAD
    0x00000e08   0x00000e08   0x00000034   Code   RO          443    .text               c_w.l(defsig_rtred_inner.o)
    0x00000e3c   0x00000e3c   0x0000000c   Code   RO          457    .text               c_w.l(sys_exit.o)
    0x00000e48   0x00000e48   0x00000002   Code   RO          459    .text               c_w.l(use_no_semi.o)
    0x00000e4a   0x00000e4a   0x00000000   Code   RO          461    .text               c_w.l(indicate_semi.o)
    0x00000e4a   0x00000e4a   0x0000000e   Code   RO          471    .text               c_w.l(h1_init.o)
    0x00000e58   0x00000e58   0x00000034   Code   RO          473    .text               c_w.l(h1_extend.o)
    0x00000e8c   0x00000e8c   0x00000042   Code   RO          483    .text               c_w.l(ftell.o)
    0x00000ece   0x00000ece   0x00000032   Code   RO          491    .text               c_w.l(defsig_general.o)
    0x00000f00   0x00000f00   0x0000000e   Code   RO          493    .text               c_w.l(defsig_rtmem_outer.o)
    0x00000f0e   0x00000f0e   0x0000000e   Code   RO          508    .text               c_w.l(sys_wrch.o)
    0x00000f1c   0x00000f1c   0x00000008   Code   RO          515    .text               c_w.l(rt_errno_addr_intlibspace.o)
    0x00000f24   0x00000f24   0x00000050   Code   RO          521    .text               c_w.l(defsig_rtmem_inner.o)
    0x00000f74   0x00000f74   0x00000030   Code   RO           34    i.ITM_SendChar      retarget_io.o
    0x00000fa4   0x00000fa4   0x00000030   Code   RO          132    i.SystemInit        system_armcm4.o
    0x00000fd4   0x00000fd4   0x00000026   Code   RO           35    i._sys_close        retarget_io.o
    0x00000ffa   0x00000ffa   0x00000024   Code   RO           36    i._sys_flen         retarget_io.o
    0x0000101e   0x0000101e   0x00000024   Code   RO           37    i._sys_istty        retarget_io.o
    0x00001042   0x00001042   0x00000002   PAD
    0x00001044   0x00001044   0x00000068   Code   RO           38    i._sys_open         retarget_io.o
    0x000010ac   0x000010ac   0x0000002c   Code   RO           40    i._sys_seek         retarget_io.o
    0x000010d8   0x000010d8   0x00000046   Code   RO           41    i._sys_write        retarget_io.o
    0x0000111e   0x0000111e   0x0000001a   Code   RO          230    i.fputc             c_w.l(fputc.o)
    0x00001138   0x00001138   0x00000160   Code   RO            7    i.main              ws--load_n_store_main.o
    0x00001298   0x00001298   0x0000000c   Code   RO           42    i.stdout_putchar    retarget_io.o
    0x000012a4   0x000012a4   0x00000124   Code   RO            1    my_fancy_asm_code   ws--load_n_store_asm_functions_prob.o
    0x000013c8   0x000013c8   0x0000000a   Code   RO          455    x$fpl$fpinit        fz_wm.l(fpinit.o)
    0x000013d2   0x000013d2   0x00000017   Data   RO           43    .constdata          retarget_io.o
    0x000013e9   0x000013e9   0x00000003   PAD
    0x000013ec   0x000013ec   0x00000020   Data   RO          546    Region$$Table       anon$$obj.o


    Execution Region RW_IRAM1 (Exec base: 0x20000000, Load base: 0x0000140c, Size: 0x000011a0, Max: 0x00020000, ABSOLUTE)

    Exec Addr    Load Addr    Size         Type   Attr      Idx    E Section Name        Object

    0x20000000   0x0000140c   0x00000031   Data   RW            8    .data               ws--load_n_store_main.o
    0x20000031   0x0000143d   0x00000003   PAD
    0x20000034   0x00001440   0x00000004   Data   RW          133    .data               system_armcm4.o
    0x20000038   0x00001444   0x00000004   Data   RW          202    .data               c_w.l(stdio_streams.o)
    0x2000003c   0x00001448   0x00000004   Data   RW          203    .data               c_w.l(stdio_streams.o)
    0x20000040   0x0000144c   0x00000004   Data   RW          204    .data               c_w.l(stdio_streams.o)
    0x20000044        -       0x00000054   Zero   RW          199    .bss                c_w.l(stdio_streams.o)
    0x20000098        -       0x00000054   Zero   RW          200    .bss                c_w.l(stdio_streams.o)
    0x200000ec        -       0x00000054   Zero   RW          201    .bss                c_w.l(stdio_streams.o)
    0x20000140        -       0x00000060   Zero   RW          396    .bss                c_w.l(libspace.o)
    0x200001a0        -       0x00000c00   Zero   RW          122    HEAP                startup_armcm4.o
    0x20000da0        -       0x00000400   Zero   RW          121    STACK               startup_armcm4.o


==============================================================================

Image component sizes


      Code (inc. data)   RO Data    RW Data    ZI Data      Debug   Object Name

       388         30         23          0          0       7270   retarget_io.o
        56         10        960          0       4096       1248   startup_armcm4.o
        48         18          0          4          0        763   system_armcm4.o
       292         28          0          0          0        728   ws--load_n_store_asm_functions_prob.o
       352         54          0         49          0       6831   ws--load_n_store_main.o

    ----------------------------------------------------------------------
      1138        140       1018         56       4096      16840   Object Totals
         0          0         32          0          0          0   (incl. Generated)
         2          0          3          3          0          0   (incl. Padding)

    ----------------------------------------------------------------------

      Code (inc. data)   RO Data    RW Data    ZI Data      Debug   Library Member Name

         8          0          0          0          0         68   __main.o
        40          0          0          0          0         84   __printf_nopercent.o
         0          0          0          0          0          0   __rtentry.o
        12          0          0          0          0          0   __rtentry2.o
         8          4          0          0          0          0   __rtentry5.o
        52          8          0          0          0          0   __scatter.o
        26          0          0          0          0          0   __scatter_copy.o
        28          0          0          0          0          0   __scatter_zi.o
        48          6          0          0          0         96   _printf_char_common.o
        36          4          0          0          0         80   _printf_char_file.o
        10          0          0          0          0         68   defsig_exit.o
        50          0          0          0          0         88   defsig_general.o
        80         58          0          0          0         76   defsig_rtmem_inner.o
        14          0          0          0          0         80   defsig_rtmem_outer.o
        52         38          0          0          0         76   defsig_rtred_inner.o
        14          0          0          0          0         80   defsig_rtred_outer.o
        18          0          0          0          0         80   exit.o
        76          0          0          0          0         88   fclose.o
         8          0          0          0          0         68   ferror.o
       470          0          0          0          0         88   flsbuf.o
       236          4          0          0          0        128   fopen.o
        26          0          0          0          0         68   fputc.o
       248          6          0          0          0         84   fseek.o
        66          0          0          0          0         76   ftell.o
        94          0          0          0          0         80   h1_alloc.o
        52          0          0          0          0         68   h1_extend.o
        78          0          0          0          0         80   h1_free.o
        14          0          0          0          0         84   h1_init.o
         6          0          0          0          0        152   heapauxi.o
         4          0          0          0          0        136   hguard.o
         0          0          0          0          0          0   indicate_semi.o
       138          0          0          0          0        168   init_alloc.o
       312         46          0          0          0        112   initio.o
         2          0          0          0          0          0   libinit.o
        10          0          0          0          0          0   libinit2.o
        16          8          0          0          0          0   libinit3.o
         2          0          0          0          0          0   libshutdown.o
         6          0          0          0          0          0   libshutdown2.o
         0          0          0          0         96          0   libspace.o
         0          0          0          0          0          0   maybetermalloc1.o
        24          4          0          0          0         84   noretval__2printf.o
         8          4          0          0          0         68   rt_errno_addr_intlibspace.o
         8          4          0          0          0         68   rt_heap_descriptor_intlibspace.o
        78          0          0          0          0         80   rt_memclr_w.o
         2          0          0          0          0          0   rtexit.o
        10          0          0          0          0          0   rtexit2.o
        70          0          0          0          0         80   setvbuf.o
       240          6          0          0          0        156   stdio.o
         0          0          0         12        252          0   stdio_streams.o
       128          0          0          0          0         68   strcmpv7m.o
        12          4          0          0          0         68   sys_exit.o
        14          0          0          0          0         76   sys_wrch.o
         2          0          0          0          0         68   use_no_semi.o
        10          0          0          0          0        116   fpinit.o

    ----------------------------------------------------------------------
      2976        204          0         12        348       3288   Library Totals
        10          0          0          0          0          0   (incl. Padding)

    ----------------------------------------------------------------------

      Code (inc. data)   RO Data    RW Data    ZI Data      Debug   Library Name

      2956        204          0         12        348       3172   c_w.l
        10          0          0          0          0        116   fz_wm.l

    ----------------------------------------------------------------------
      2976        204          0         12        348       3288   Library Totals

    ----------------------------------------------------------------------

==============================================================================


      Code (inc. data)   RO Data    RW Data    ZI Data      Debug   

      4114        344       1018         68       4444      17612   Grand Totals
      4114        344       1018         68       4444      17612   ELF Image Totals
      4114        344       1018         68          0          0   ROM Totals

==============================================================================

    Total RO  Size (Code + RO Data)                 5132 (   5.01kB)
    Total RW  Size (RW Data + ZI Data)              4512 (   4.41kB)
    Total ROM Size (Code + RO Data + RW Data)       5200 (   5.08kB)

==============================================================================

