Component: ARM Compiler 5.06 update 7 (build 960) Tool: armlink [4d3601]

==============================================================================

Section Cross References

    ws_unity_intro_functions.o(i.rank_ascending_c) refers to ws_unity_intro_functions.o(i.swap_c_1) for swap_c_1
    ws_unity_intro_functions.o(i.rank_descending_c) refers to ws_unity_intro_functions.o(i.swap_c_1) for swap_c_1
    ws_unity_intro_testfunctions_all.o(i.main) refers to unity.o(i.UnityBegin) for UnityBegin
    ws_unity_intro_testfunctions_all.o(i.main) refers to unity.o(i.UnityDefaultTestRun) for UnityDefaultTestRun
    ws_unity_intro_testfunctions_all.o(i.main) refers to unity.o(i.UnityEnd) for UnityEnd
    ws_unity_intro_testfunctions_all.o(i.main) refers to ws_unity_intro_testfunctions_all.o(i.test_swap_c_1) for test_swap_c_1
    ws_unity_intro_testfunctions_all.o(i.main) refers to ws_unity_intro_testfunctions_all.o(i.test_rank_ascending_c) for test_rank_ascending_c
    ws_unity_intro_testfunctions_all.o(i.main) refers to ws_unity_intro_testfunctions_all.o(i.test_rank_desending_c) for test_rank_desending_c
    ws_unity_intro_testfunctions_all.o(i.main) refers to ws_unity_intro_testfunctions_all.o(i.test_swap_c_1_fail) for test_swap_c_1_fail
    ws_unity_intro_testfunctions_all.o(i.test_rank_ascending_c) refers to rt_memcpy_w.o(.text) for __aeabi_memcpy4
    ws_unity_intro_testfunctions_all.o(i.test_rank_ascending_c) refers to ws_unity_intro_functions.o(i.rank_ascending_c) for rank_ascending_c
    ws_unity_intro_testfunctions_all.o(i.test_rank_ascending_c) refers to unity.o(i.UnityAssertEqualIntArray) for UnityAssertEqualIntArray
    ws_unity_intro_testfunctions_all.o(i.test_rank_ascending_c) refers to ws_unity_intro_testfunctions_all.o(.constdata) for .constdata
    ws_unity_intro_testfunctions_all.o(i.test_rank_desending_c) refers to rt_memcpy_w.o(.text) for __aeabi_memcpy4
    ws_unity_intro_testfunctions_all.o(i.test_rank_desending_c) refers to ws_unity_intro_functions.o(i.rank_descending_c) for rank_descending_c
    ws_unity_intro_testfunctions_all.o(i.test_rank_desending_c) refers to unity.o(i.UnityAssertEqualIntArray) for UnityAssertEqualIntArray
    ws_unity_intro_testfunctions_all.o(i.test_rank_desending_c) refers to ws_unity_intro_testfunctions_all.o(.constdata) for .constdata
    ws_unity_intro_testfunctions_all.o(i.test_swap_c_1) refers to ws_unity_intro_functions.o(i.swap_c_1) for swap_c_1
    ws_unity_intro_testfunctions_all.o(i.test_swap_c_1) refers to unity.o(i.UnityAssertEqualIntArray) for UnityAssertEqualIntArray
    ws_unity_intro_testfunctions_all.o(i.test_swap_c_1) refers to unity.o(i.UnityAssertEqualNumber) for UnityAssertEqualNumber
    ws_unity_intro_testfunctions_all.o(i.test_swap_c_1) refers to ws_unity_intro_testfunctions_all.o(.constdata) for .constdata
    ws_unity_intro_testfunctions_all.o(i.test_swap_c_1_fail) refers to ws_unity_intro_functions.o(i.swap_c_1) for swap_c_1
    ws_unity_intro_testfunctions_all.o(i.test_swap_c_1_fail) refers to unity.o(i.UnityAssertEqualIntArray) for UnityAssertEqualIntArray
    ws_unity_intro_testfunctions_all.o(i.test_swap_c_1_fail) refers to ws_unity_intro_testfunctions_all.o(.constdata) for .constdata
    unity.o(i.UnityAddMsgIfSpecified) refers to unity.o(i.UnityPrint) for UnityPrint
    unity.o(i.UnityAddMsgIfSpecified) refers to unity.o(.constdata) for UnityStrSpacer
    unity.o(i.UnityAddMsgIfSpecified) refers to unity.o(.bss) for Unity
    unity.o(i.UnityAssertBits) refers to unity.o(i.UnityTestResultsFailBegin) for UnityTestResultsFailBegin
    unity.o(i.UnityAssertBits) refers to unity.o(i.UnityPrint) for UnityPrint
    unity.o(i.UnityAssertBits) refers to unity.o(i.UnityPrintMask) for UnityPrintMask
    unity.o(i.UnityAssertBits) refers to unity.o(i.UnityAddMsgIfSpecified) for UnityAddMsgIfSpecified
    unity.o(i.UnityAssertBits) refers to setjmp.o(.text) for longjmp
    unity.o(i.UnityAssertBits) refers to unity.o(.bss) for Unity
    unity.o(i.UnityAssertBits) refers to unity.o(.constdata) for UnityStrExpected
    unity.o(i.UnityAssertEqualFloatArray) refers to unity.o(i.UnityTestResultsFailBegin) for UnityTestResultsFailBegin
    unity.o(i.UnityAssertEqualFloatArray) refers to unity.o(i.UnityPrint) for UnityPrint
    unity.o(i.UnityAssertEqualFloatArray) refers to unity.o(i.UnityAddMsgIfSpecified) for UnityAddMsgIfSpecified
    unity.o(i.UnityAssertEqualFloatArray) refers to setjmp.o(.text) for longjmp
    unity.o(i.UnityAssertEqualFloatArray) refers to unity.o(i.UnityIsOneArrayNull) for UnityIsOneArrayNull
    unity.o(i.UnityAssertEqualFloatArray) refers to unity.o(i.UnityFloatsWithin) for UnityFloatsWithin
    unity.o(i.UnityAssertEqualFloatArray) refers to unity.o(i.UnityPrintNumberUnsigned) for UnityPrintNumberUnsigned
    unity.o(i.UnityAssertEqualFloatArray) refers to unity.o(i.UnityPrintFloat) for UnityPrintFloat
[...]
    flsbuf_fwide.o(.text) refers to flsbuf.o(.text) for __flsbuf
    sys_stackheap_outer.o(.text) refers to libspace.o(.text) for __user_perproc_libspace
    sys_stackheap_outer.o(.text) refers to sys_stackheap.o(.text) for __user_initial_stackheap
    rt_raise.o(.text) refers to __raise.o(.text) for __raise
    rt_raise.o(.text) refers to sys_exit.o(.text) for _sys_exit
    rt_heap_descriptor.o(.text) refers to rt_heap_descriptor.o(.bss) for __rt_heap_descriptor_data
    rt_heap_descriptor_intlibspace.o(.text) refers to libspace.o(.bss) for __libspace_start
    init_alloc.o(.text) refers (Special) to hguard.o(.text) for __heap$guard
    init_alloc.o(.text) refers (Special) to libinit3.o(.ARM.Collect$$libinit$$00000006) for __rt_lib_init_heap_2
    init_alloc.o(.text) refers (Special) to maybetermalloc1.o(.emb_text) for _maybe_terminate_alloc
    init_alloc.o(.text) refers to h1_extend.o(.text) for __Heap_ProvideMemory
    init_alloc.o(.text) refers to defsig_rtmem_outer.o(.text) for __rt_SIGRTMEM
    init_alloc.o(.text) refers to rt_heap_descriptor_intlibspace.o(.text) for __rt_heap_descriptor
    init_alloc.o(.text) refers to h1_init.o(.text) for __Heap_Initialize
    malloc.o(.text) refers (Special) to hguard.o(.text) for __heap$guard
    malloc.o(.text) refers (Special) to init_alloc.o(.text) for _init_alloc
    malloc.o(.text) refers to rt_heap_descriptor_intlibspace.o(.text) for __rt_heap_descriptor
    malloc.o(.text) refers to heapstubs.o(.text) for __Heap_Alloc
    h1_alloc.o(.text) refers (Special) to h1_init.o(.text) for __Heap_Initialize
    h1_alloc.o(.text) refers to rt_heap_descriptor_intlibspace.o(.text) for __rt_heap_descriptor
    h1_alloc.o(.text) refers to init_alloc.o(.text) for __Heap_Full
    h1_alloc_mt.o(.text) refers (Special) to h1_init.o(.text) for __Heap_Initialize
    h1_alloc_mt.o(.text) refers to init_alloc.o(.text) for __Heap_Full
    h1_alloc_mt.o(.text) refers to rt_heap_descriptor_intlibspace.o(.text) for __rt_heap_descriptor
    fseek.o(.text) refers to retarget_io.o(i._sys_istty) for _sys_istty
    fseek.o(.text) refers to ftell.o(.text) for _ftell_internal
    fseek.o(.text) refers to retarget_io.o(i._sys_flen) for _sys_flen
    fseek.o(.text) refers to stdio.o(.text) for _seterr
    stdio.o(.text) refers to retarget_io.o(i._sys_seek) for _sys_seek
    stdio.o(.text) refers to retarget_io.o(i._sys_write) for _sys_write
    fwritefast.o(.text) refers to stdio.o(.text) for _writebuf
    fwritefast.o(.text) refers to flsbuf.o(.text) for __flsbuf_byte
    fwritefast.o(.text) refers to rt_memcpy_v6.o(.text) for __aeabi_memcpy
    fwritefast_locked.o(.text) refers to stdio.o(.text) for _writebuf
    fwritefast_locked.o(.text) refers to flsbuf.o(.text) for __flsbuf_byte
    fwritefast_locked.o(.text) refers to rt_memcpy_v6.o(.text) for __aeabi_memcpy
    exit.o(.text) refers to rtexit.o(.ARM.Collect$$rtexit$$00000000) for __rt_exit
    defsig_exit.o(.text) refers to sys_exit.o(.text) for _sys_exit
    defsig_rtred_inner.o(.text) refers to defsig_general.o(.text) for __default_signal_display
    assert_stdio.o(.text) refers to fputs.o(.text) for fputs
    assert_stdio.o(.text) refers to fflush.o(.text) for fflush
    assert_stdio.o(.text) refers to stdio_streams.o(.bss) for __stderr
    argv_veneer.o(.emb_text) refers to no_argv.o(.text) for __ARM_get_argv
    libinit.o(.ARM.Collect$$libinit$$00000000) refers (Special) to libinit2.o(.ARM.Collect$$libinit$$0000002E) for __rt_lib_init_alloca_1
    libinit.o(.ARM.Collect$$libinit$$00000000) refers (Special) to libinit2.o(.ARM.Collect$$libinit$$0000002C) for __rt_lib_init_argv_1
    libinit.o(.ARM.Collect$$libinit$$00000000) refers (Special) to libinit2.o(.ARM.Collect$$libinit$$0000001B) for __rt_lib_init_atexit_1
    libinit.o(.ARM.Collect$$libinit$$00000000) refers (Special) to libinit2.o(.ARM.Collect$$libinit$$00000021) for __rt_lib_init_clock_1
    libinit.o(.ARM.Collect$$libinit$$00000000) refers (Special) to libinit2.o(.ARM.Collect$$libinit$$00000032) for __rt_lib_init_cpp_1
    libinit.o(.ARM.Collect$$libinit$$00000000) refers (Special) to libinit2.o(.ARM.Collect$$libinit$$00000030) for __rt_lib_init_exceptions_1
    libinit.o(.ARM.Collect$$libinit$$00000000) refers (Special) to libinit2.o(.ARM.Collect$$libinit$$00000001) for __rt_lib_init_fp_1
    libinit.o(.ARM.Collect$$libinit$$00000000) refers (Special) to libinit2.o(.ARM.Collect$$libinit$$0000001F) for __rt_lib_init_fp_trap_1
    libinit.o(.ARM.Collect$$libinit$$00000000) refers (Special) to libinit2.o(.ARM.Collect$$libinit$$00000023) for __rt_lib_init_getenv_1
    libinit.o(.ARM.Collect$$libinit$$00000000) refers (Special) to libinit2.o(.ARM.Collect$$libinit$$0000000A) for __rt_lib_init_heap_1
    libinit.o(.ARM.Collect$$libinit$$00000000) refers (Special) to libinit2.o(.ARM.Collect$$libinit$$00000011) for __rt_lib_init_lc_collate_1
    libinit.o(.ARM.Collect$$libinit$$00000000) refers (Special) to libinit2.o(.ARM.Collect$$libinit$$00000013) for __rt_lib_init_lc_ctype_1
    libinit.o(.ARM.Collect$$libinit$$00000000) refers (Special) to libinit2.o(.ARM.Collect$$libinit$$00000015) for __rt_lib_init_lc_monetary_1
    libinit.o(.ARM.Collect$$libinit$$00000000) refers (Special) to libinit2.o(.ARM.Collect$$libinit$$00000017) for __rt_lib_init_lc_numeric_1
    libinit.o(.ARM.Collect$$libinit$$00000000) refers (Special) to libinit2.o(.ARM.Collect$$libinit$$00000019) for __rt_lib_init_lc_time_1
    libinit.o(.ARM.Collect$$libinit$$00000000) refers (Special) to libinit2.o(.ARM.Collect$$libinit$$00000004) for __rt_lib_init_preinit_1
    libinit.o(.ARM.Collect$$libinit$$00000000) refers (Special) to libinit2.o(.ARM.Collect$$libinit$$0000000E) for __rt_lib_init_rand_1
    libinit.o(.ARM.Collect$$libinit$$00000000) refers (Special) to libinit2.o(.ARM.Collect$$libinit$$00000033) for __rt_lib_init_return
    libinit.o(.ARM.Collect$$libinit$$00000000) refers (Special) to libinit2.o(.ARM.Collect$$libinit$$0000001D) for __rt_lib_init_signal_1
    libinit.o(.ARM.Collect$$libinit$$00000000) refers (Special) to libinit2.o(.ARM.Collect$$libinit$$00000025) for __rt_lib_init_stdio_1
    libinit.o(.ARM.Collect$$libinit$$00000000) refers (Special) to libinit2.o(.ARM.Collect$$libinit$$0000000C) for __rt_lib_init_user_alloc_1
    sys_exit.o(.text) refers (Special) to use_no_semi.o(.text) for __I$use$semihosting
    sys_exit.o(.text) refers (Special) to indicate_semi.o(.text) for __semihosting_library_function
    libspace.o(.text) refers to libspace.o(.bss) for __libspace_start
    sys_stackheap.o(.text) refers (Special) to indicate_semi.o(.text) for __semihosting_library_function
    sys_stackheap.o(.text) refers to use_no_semi.o(.text) for __I$use$semihosting
    rtexit.o(.ARM.Collect$$rtexit$$00000000) refers (Special) to rtexit2.o(.ARM.Collect$$rtexit$$00000004) for __rt_exit_exit
    rtexit.o(.ARM.Collect$$rtexit$$00000000) refers (Special) to rtexit2.o(.ARM.Collect$$rtexit$$00000003) for __rt_exit_ls
    rtexit.o(.ARM.Collect$$rtexit$$00000000) refers (Special) to rtexit2.o(.ARM.Collect$$rtexit$$00000002) for __rt_exit_prels_1
    rtexit.o(.ARM.exidx) refers (Special) to rtexit2.o(.ARM.Collect$$rtexit$$00000004) for __rt_exit_exit
    rtexit.o(.ARM.exidx) refers (Special) to rtexit2.o(.ARM.Collect$$rtexit$$00000003) for __rt_exit_ls
    rtexit.o(.ARM.exidx) refers (Special) to rtexit2.o(.ARM.Collect$$rtexit$$00000002) for __rt_exit_prels_1
    rtexit.o(.ARM.exidx) refers to rtexit.o(.ARM.Collect$$rtexit$$00000000) for .ARM.Collect$$rtexit$$00000000
    maybetermalloc2.o(.emb_text) refers (Special) to term_alloc.o(.text) for _terminate_alloc
    h1_extend.o(.text) refers to h1_free.o(.text) for free
    h1_init_mt.o(.text) refers to mutex_dummy.o(.text) for _mutex_initialize
    h1_extend_mt.o(.text) refers to h1_free_mt.o(.text) for _free_internal
    fflush.o(.text) refers to stdio.o(.text) for _fflush
    fflush.o(.text) refers to fseek.o(.text) for _fseek
    fflush.o(.text) refers to stdio_streams.o(.bss) for __stdin
    fputs.o(.text) refers to fputc.o(i.fputc) for fputc
    ftell.o(.text) refers to rt_errno_addr_intlibspace.o(.text) for __aeabi_errno_addr
    fflush_locked.o(.text) refers to stdio.o(.text) for _fflush
    fflush_locked.o(.text) refers to fseek.o(.text) for _fseek
    fflush_locked.o(.text) refers to fflush.o(.text) for _do_fflush
    fflush_locked.o(.text) refers to streamlock.o(.data) for _stream_list_lock
    fflush_locked.o(.text) refers to stdio_streams.o(.bss) for __stdin
    __raise.o(.text) refers to defsig.o(CL$$defsig) for __default_signal_handler
    defsig_general.o(.text) refers to sys_wrch.o(.text) for _ttywrch
    defsig_rtmem_outer.o(.text) refers to defsig_rtmem_inner.o(.text) for __rt_SIGRTMEM_inner
    defsig_rtmem_outer.o(.text) refers to defsig_exit.o(.text) for __sig_exit
    defsig_rtmem_formal.o(.text) refers to rt_raise.o(.text) for __rt_raise
    rt_memcpy_v6.o(.text) refers to rt_memcpy_w.o(.text) for __aeabi_memcpy4
    heapauxa.o(.text) refers to heapauxa.o(.data) for .data
    _get_argv.o(.text) refers (Special) to hrguard.o(.text) for __heap_region$guard
    _get_argv.o(.text) refers to h1_alloc.o(.text) for malloc
    _get_argv.o(.text) refers to defsig_rtmem_outer.o(.text) for __rt_SIGRTMEM
    _get_argv.o(.text) refers to sys_command.o(.text) for _sys_command_string
    _get_argv_nomalloc.o(.text) refers (Special) to hrguard.o(.text) for __heap_region$guard
    _get_argv_nomalloc.o(.text) refers to defsig_rtmem_outer.o(.text) for __rt_SIGRTMEM
    _get_argv_nomalloc.o(.text) refers to sys_command.o(.text) for _sys_command_string
    libinit3.o(.ARM.Collect$$libinit$$00000006) refers to libinit3.o(.ARM.Collect$$libinit$$00002717) for __lit__00000000
    libinit3.o(.ARM.Collect$$libinit$$00000006) refers (Weak) to init_alloc.o(.text) for _init_alloc
    libinit3.o(.ARM.Collect$$libinit$$00002717) refers to startup_armcm4.o(HEAP) for __heap_base
    libinit3.o(.ARM.Collect$$libinit$$00000028) refers to libinit3.o(.ARM.Collect$$libinit$$00002739) for __lit__00000002
    libinit3.o(.ARM.Collect$$libinit$$00000028) refers to argv_veneer.o(.emb_text) for __ARM_argv_veneer
    libinit3.o(.ARM.Collect$$libinit$$00002739) refers to startup_armcm4.o(HEAP) for __heap_base
    sys_wrch.o(.text) refers (Special) to use_no_semi.o(.text) for __I$use$semihosting
    sys_wrch.o(.text) refers (Special) to indicate_semi.o(.text) for __semihosting_library_function
    sys_command.o(.text) refers (Special) to use_no_semi.o(.text) for __I$use$semihosting
    sys_command.o(.text) refers (Special) to indicate_semi.o(.text) for __semihosting_library_function
    rtexit2.o(.ARM.Collect$$rtexit$$00000003) refers to libshutdown.o(.ARM.Collect$$libshutdown$$00000000) for __rt_lib_shutdown
    rtexit2.o(.ARM.Collect$$rtexit$$00000004) refers to sys_exit.o(.text) for _sys_exit
    rtexit2.o(.ARM.exidx) refers to rtexit2.o(.ARM.Collect$$rtexit$$00000001) for .ARM.Collect$$rtexit$$00000001
    rtexit2.o(.ARM.exidx) refers to rtexit2.o(.ARM.Collect$$rtexit$$00000003) for .ARM.Collect$$rtexit$$00000003
    rtexit2.o(.ARM.exidx) refers to rtexit2.o(.ARM.Collect$$rtexit$$00000004) for .ARM.Collect$$rtexit$$00000004
    rt_errno_addr.o(.text) refers to rt_errno_addr.o(.bss) for __aeabi_errno_addr_data
    rt_errno_addr_intlibspace.o(.text) refers to libspace.o(.bss) for __libspace_start
    term_alloc.o(.text) refers (Special) to libshutdown2.o(.ARM.Collect$$libshutdown$$00000010) for __rt_lib_shutdown_heap_2
    term_alloc.o(.text) refers to rt_heap_descriptor_intlibspace.o(.text) for __rt_heap_descriptor
    term_alloc.o(.text) refers to h1_final.o(.text) for __Heap_Finalize
    defsig_rtmem_inner.o(.text) refers to defsig_general.o(.text) for __default_signal_display
    defsig.o(CL$$defsig) refers to defsig_rtred_inner.o(.text) for __rt_SIGRTRED_inner
    defsig.o(CL$$defsig) refers to defsig_rtmem_inner.o(.text) for __rt_SIGRTMEM_inner
    defsig_abrt_inner.o(.text) refers to defsig_general.o(.text) for __default_signal_display
    defsig_fpe_inner.o(.text) refers to defsig_general.o(.text) for __default_signal_display
    defsig_stak_inner.o(.text) refers to defsig_general.o(.text) for __default_signal_display
    defsig_pvfn_inner.o(.text) refers to defsig_general.o(.text) for __default_signal_display
    defsig_cppl_inner.o(.text) refers to defsig_general.o(.text) for __default_signal_display
    defsig_segv_inner.o(.text) refers to defsig_general.o(.text) for __default_signal_display
    defsig_other.o(.text) refers to defsig_general.o(.text) for __default_signal_display
    libshutdown.o(.ARM.Collect$$libshutdown$$00000000) refers (Special) to libshutdown2.o(.ARM.Collect$$libshutdown$$00000004) for __rt_lib_shutdown_cpp_1
    libshutdown.o(.ARM.Collect$$libshutdown$$00000000) refers (Special) to libshutdown2.o(.ARM.Collect$$libshutdown$$00000002) for __rt_lib_shutdown_fini_1
    libshutdown.o(.ARM.Collect$$libshutdown$$00000000) refers (Special) to libshutdown2.o(.ARM.Collect$$libshutdown$$00000009) for __rt_lib_shutdown_fp_trap_1
    libshutdown.o(.ARM.Collect$$libshutdown$$00000000) refers (Special) to libshutdown2.o(.ARM.Collect$$libshutdown$$00000011) for __rt_lib_shutdown_heap_1
    libshutdown.o(.ARM.Collect$$libshutdown$$00000000) refers (Special) to libshutdown2.o(.ARM.Collect$$libshutdown$$00000012) for __rt_lib_shutdown_return
    libshutdown.o(.ARM.Collect$$libshutdown$$00000000) refers (Special) to libshutdown2.o(.ARM.Collect$$libshutdown$$0000000C) for __rt_lib_shutdown_signal_1
    libshutdown.o(.ARM.Collect$$libshutdown$$00000000) refers (Special) to libshutdown2.o(.ARM.Collect$$libshutdown$$00000006) for __rt_lib_shutdown_stdio_1
    libshutdown.o(.ARM.Collect$$libshutdown$$00000000) refers (Special) to libshutdown2.o(.ARM.Collect$$libshutdown$$0000000E) for __rt_lib_shutdown_user_alloc_1


==============================================================================

Removing Unused input sections from the image.

    Removing unity.o(i.UnityAssertBits), (116 bytes).
    Removing unity.o(i.UnityAssertEqualFloatArray), (284 bytes).
    Removing unity.o(i.UnityAssertEqualMemory), (304 bytes).
    Removing unity.o(i.UnityAssertEqualString), (128 bytes).
    Removing unity.o(i.UnityAssertEqualStringArray), (272 bytes).
    Removing unity.o(i.UnityAssertEqualStringLen), (140 bytes).
    Removing unity.o(i.UnityAssertFloatSpecial), (308 bytes).
    Removing unity.o(i.UnityAssertFloatsWithin), (132 bytes).
    Removing unity.o(i.UnityAssertGreaterOrLessOrEqualNumber), (240 bytes).
    Removing unity.o(i.UnityAssertNumbersWithin), (216 bytes).
    Removing unity.o(i.UnityFail), (152 bytes).
    Removing unity.o(i.UnityFloatToPtr), (12 bytes).
    Removing unity.o(i.UnityFloatsWithin), (184 bytes).
    Removing unity.o(i.UnityIgnore), (88 bytes).
    Removing unity.o(i.UnityNumToPtr), (44 bytes).
    Removing unity.o(i.UnityPrintExpectedAndActualStrings), (100 bytes).
    Removing unity.o(i.UnityPrintExpectedAndActualStringsLen), (108 bytes).
    Removing unity.o(i.UnityPrintFloat), (748 bytes).
    Removing unity.o(i.UnityPrintLen), (128 bytes).
    Removing unity.o(i.UnityPrintMask), (72 bytes).
    Removing unity.o(i.__ARM_isinff), (20 bytes).
    Removing unity.o(i.__ARM_isnanf), (14 bytes).
    Removing unity.o(i.setUp), (2 bytes).
    Removing unity.o(i.suiteSetUp), (2 bytes).
    Removing unity.o(i.suiteTearDown), (2 bytes).
    Removing unity.o(i.tearDown), (2 bytes).
    Removing unity.o(.data), (4 bytes).
    Removing retarget_io.o(i.ITM_ReceiveChar), (36 bytes).
    Removing retarget_io.o(i._sys_read), (46 bytes).
    Removing retarget_io.o(.data), (4 bytes).
    Removing system_armcm4.o(.rev16_text), (4 bytes).
    Removing system_armcm4.o(.revsh_text), (4 bytes).
    Removing system_armcm4.o(.rrx_text), (6 bytes).
    Removing system_armcm4.o(i.SystemCoreClockUpdate), (16 bytes).

34 unused section(s) (total 3938 bytes) removed from the image.

==============================================================================

Image Symbol Table

    Local Symbols

    Symbol Name                              Value     Ov Type        Size  Object(Section)

    RESET                                    0x00000000   Section      960  startup_armcm4.o(RESET)
    ../clib/angel/boardlib.s                 0x00000000   Number         0  boardshut.o ABSOLUTE
    ../clib/angel/boardlib.s                 0x00000000   Number         0  boardinit3.o ABSOLUTE
    ../clib/angel/boardlib.s                 0x00000000   Number         0  boardinit1.o ABSOLUTE
    ../clib/angel/boardlib.s                 0x00000000   Number         0  boardinit2.o ABSOLUTE
    ../clib/angel/handlers.s                 0x00000000   Number         0  __scatter_zi.o ABSOLUTE
    ../clib/angel/handlers.s                 0x00000000   Number         0  __scatter_copy.o ABSOLUTE
    ../clib/angel/kernel.s                   0x00000000   Number         0  __rtentry2.o ABSOLUTE
    ../clib/angel/kernel.s                   0x00000000   Number         0  __rtentry4.o ABSOLUTE
    ../clib/angel/kernel.s                   0x00000000   Number         0  __rtentry5.o ABSOLUTE
    ../clib/angel/kernel.s                   0x00000000   Number         0  __rtentry.o ABSOLUTE
    ../clib/angel/kernel.s                   0x00000000   Number         0  rtexit.o ABSOLUTE
    ../clib/angel/kernel.s                   0x00000000   Number         0  rtexit2.o ABSOLUTE
    ../clib/angel/rt.s                       0x00000000   Number         0  rt_raise.o ABSOLUTE
    ../clib/angel/rt.s                       0x00000000   Number         0  rt_heap_descriptor_intlibspace.o ABSOLUTE
    ../clib/angel/rt.s                       0x00000000   Number         0  rt_errno_addr.o ABSOLUTE
    ../clib/angel/rt.s                       0x00000000   Number         0  rt_errno_addr_intlibspace.o ABSOLUTE
    ../clib/angel/rt.s                       0x00000000   Number         0  rt_heap_descriptor.o ABSOLUTE
    ../clib/angel/scatter.s                  0x00000000   Number         0  __scatter.o ABSOLUTE
    ../clib/angel/startup.s                  0x00000000   Number         0  __main.o ABSOLUTE
    ../clib/angel/sys.s                      0x00000000   Number         0  indicate_semi.o ABSOLUTE
    ../clib/angel/sys.s                      0x00000000   Number         0  sys_stackheap_outer.o ABSOLUTE
    ../clib/angel/sys.s                      0x00000000   Number         0  use_no_semi.o ABSOLUTE
    ../clib/angel/sys.s                      0x00000000   Number         0  libspace.o ABSOLUTE
    ../clib/angel/sys.s                      0x00000000   Number         0  sys_stackheap.o ABSOLUTE
    ../clib/angel/sys.s                      0x00000000   Number         0  mutex_dummy.o ABSOLUTE
    ../clib/angel/sysapp.c                   0x00000000   Number         0  sys_command.o ABSOLUTE
    ../clib/angel/sysapp.c                   0x00000000   Number         0  sys_exit.o ABSOLUTE
    ../clib/angel/sysapp.c                   0x00000000   Number         0  sys_wrch.o ABSOLUTE
    ../clib/armsys.c                         0x00000000   Number         0  argv_veneer.o ABSOLUTE
    ../clib/armsys.c                         0x00000000   Number         0  argv_veneer.o ABSOLUTE
    ../clib/armsys.c                         0x00000000   Number         0  no_argv.o ABSOLUTE
    ../clib/armsys.c                         0x00000000   Number         0  _get_argv_nomalloc.o ABSOLUTE
    ../clib/armsys.c                         0x00000000   Number         0  _get_argv.o ABSOLUTE
    ../clib/assert.c                         0x00000000   Number         0  assert_stdio.o ABSOLUTE
    ../clib/heap1.c                          0x00000000   Number         0  h1_init_mt.o ABSOLUTE
    ../clib/heap1.c                          0x00000000   Number         0  h1_final_mt.o ABSOLUTE
    ../clib/heap1.c                          0x00000000   Number         0  h1_final.o ABSOLUTE
    ../clib/heap1.c                          0x00000000   Number         0  h1_extend_mt.o ABSOLUTE
    ../clib/heap1.c                          0x00000000   Number         0  h1_alloc.o ABSOLUTE
    ../clib/heap1.c                          0x00000000   Number         0  h1_free.o ABSOLUTE
    ../clib/heap1.c                          0x00000000   Number         0  h1_free_mt.o ABSOLUTE
    ../clib/heap1.c                          0x00000000   Number         0  h1_init.o ABSOLUTE
    ../clib/heap1.c                          0x00000000   Number         0  h1_extend.o ABSOLUTE
    ../clib/heap1.c                          0x00000000   Number         0  h1_alloc_mt.o ABSOLUTE
    ../clib/heap2.c                          0x00000000   Number         0  heap2mt.o ABSOLUTE
    ../clib/heap2.c                          0x00000000   Number         0  heap2.o ABSOLUTE
    ../clib/heap2.c                          0x00000000   Number         0  fdtree.o ABSOLUTE
    ../clib/heapalloc.c                      0x00000000   Number         0  maybetermalloc2.o ABSOLUTE
    ../clib/heapalloc.c                      0x00000000   Number         0  term_alloc.o ABSOLUTE
    ../clib/heapalloc.c                      0x00000000   Number         0  maybetermalloc1.o ABSOLUTE
    ../clib/heapalloc.c                      0x00000000   Number         0  free.o ABSOLUTE
    ../clib/heapalloc.c                      0x00000000   Number         0  hguard.o ABSOLUTE
    ../clib/heapalloc.c                      0x00000000   Number         0  init_alloc.o ABSOLUTE
    ../clib/heapalloc.c                      0x00000000   Number         0  hrguard.o ABSOLUTE
    ../clib/heapalloc.c                      0x00000000   Number         0  malloc.o ABSOLUTE
    ../clib/heapalloc.c                      0x00000000   Number         0  maybetermalloc2.o ABSOLUTE
    ../clib/heapalloc.c                      0x00000000   Number         0  heapstubs.o ABSOLUTE
    ../clib/heapalloc.c                      0x00000000   Number         0  maybetermalloc1.o ABSOLUTE
    ../clib/heapaux.c                        0x00000000   Number         0  heapauxa.o ABSOLUTE
    ../clib/heapaux.c                        0x00000000   Number         0  heapauxi.o ABSOLUTE
    ../clib/libinit.s                        0x00000000   Number         0  libshutdown2.o ABSOLUTE
    ../clib/libinit.s                        0x00000000   Number         0  libinit.o ABSOLUTE
    ../clib/libinit.s                        0x00000000   Number         0  libshutdown.o ABSOLUTE
    ../clib/libinit.s                        0x00000000   Number         0  libinit2.o ABSOLUTE
    ../clib/libinit.s                        0x00000000   Number         0  libinit3.o ABSOLUTE
    ../clib/memcpset.s                       0x00000000   Number         0  rt_memcpy_v6.o ABSOLUTE
    ../clib/memcpset.s                       0x00000000   Number         0  rt_memcpy_w.o ABSOLUTE
    ../clib/memcpset.s                       0x00000000   Number         0  strcmpv7m.o ABSOLUTE
    ../clib/memcpset.s                       0x00000000   Number         0  rt_memclr_w.o ABSOLUTE
    ../clib/signal.c                         0x00000000   Number         0  defsig_stak_inner.o ABSOLUTE
    ../clib/signal.c                         0x00000000   Number         0  defsig_rtred_formal.o ABSOLUTE
    ../clib/signal.c                         0x00000000   Number         0  defsig_exit.o ABSOLUTE
    ../clib/signal.c                         0x00000000   Number         0  defsig_abrt_inner.o ABSOLUTE
    ../clib/signal.c                         0x00000000   Number         0  defsig_fpe_inner.o ABSOLUTE
    ../clib/signal.c                         0x00000000   Number         0  defsig_other.o ABSOLUTE
    ../clib/signal.c                         0x00000000   Number         0  defsig_rtmem_inner.o ABSOLUTE
    ../clib/signal.c                         0x00000000   Number         0  defsig_rtmem_formal.o ABSOLUTE
    ../clib/signal.c                         0x00000000   Number         0  defsig_pvfn_inner.o ABSOLUTE
    ../clib/signal.c                         0x00000000   Number         0  defsig_cppl_inner.o ABSOLUTE
    ../clib/signal.c                         0x00000000   Number         0  defsig_segv_inner.o ABSOLUTE
    ../clib/signal.c                         0x00000000   Number         0  defsig_rtred_outer.o ABSOLUTE
    ../clib/signal.c                         0x00000000   Number         0  defsig_rtred_inner.o ABSOLUTE
    ../clib/signal.c                         0x00000000   Number         0  defsig_rtmem_outer.o ABSOLUTE
    ../clib/signal.c                         0x00000000   Number         0  __raise.o ABSOLUTE
    ../clib/signal.c                         0x00000000   Number         0  defsig_general.o ABSOLUTE
    ../clib/signal.s                         0x00000000   Number         0  defsig.o ABSOLUTE
    ../clib/stdio.c                          0x00000000   Number         0  fputs.o ABSOLUTE
    ../clib/stdio.c                          0x00000000   Number         0  fflush.o ABSOLUTE
    ../clib/stdio.c                          0x00000000   Number         0  fseek.o ABSOLUTE
    ../clib/stdio.c                          0x00000000   Number         0  ftell.o ABSOLUTE
    ../clib/stdio.c                          0x00000000   Number         0  fflush_locked.o ABSOLUTE
    ../clib/stdio.c                          0x00000000   Number         0  fputs_locked.o ABSOLUTE
    ../clib/stdio.c                          0x00000000   Number         0  putc.o ABSOLUTE
    ../clib/stdio.c                          0x00000000   Number         0  fopen_locked.o ABSOLUTE
    ../clib/stdio.c                          0x00000000   Number         0  setvbuf_locked.o ABSOLUTE
    ../clib/stdio.c                          0x00000000   Number         0  fclose.o ABSOLUTE
    ../clib/stdio.c                          0x00000000   Number         0  stdio_streams.o ABSOLUTE
    ../clib/stdio.c                          0x00000000   Number         0  streamlock.o ABSOLUTE
    ../clib/stdio.c                          0x00000000   Number         0  initio.o ABSOLUTE
    ../clib/stdio.c                          0x00000000   Number         0  setvbuf.o ABSOLUTE
    ../clib/stdio.c                          0x00000000   Number         0  fopen.o ABSOLUTE
    ../clib/stdio.c                          0x00000000   Number         0  flsbuf.o ABSOLUTE
    ../clib/stdio.c                          0x00000000   Number         0  fwritefast_locked.o ABSOLUTE
    ../clib/stdio.c                          0x00000000   Number         0  fwritefast.o ABSOLUTE
    ../clib/stdio.c                          0x00000000   Number         0  stdio.o ABSOLUTE
    ../clib/stdio.c                          0x00000000   Number         0  fputc_locked.o ABSOLUTE
    ../clib/stdio.c                          0x00000000   Number         0  initio_locked.o ABSOLUTE
    ../clib/stdio.c                          0x00000000   Number         0  fputc.o ABSOLUTE
    ../clib/stdlib.c                         0x00000000   Number         0  exit.o ABSOLUTE
    ../clib/wchar.c                          0x00000000   Number         0  flsbuf_fwide.o ABSOLUTE
    ../fplib/fpinit.s                        0x00000000   Number         0  fpinit.o ABSOLUTE
    ../fplib/setjmp.s                        0x00000000   Number         0  setjmp.o ABSOLUTE
    C:\Users\illus\AppData\Local\Arm\Packs\Keil\ARM_Compiler\1.6.3\Source\retarget_io.c 0x00000000   Number         0  retarget_io.o ABSOLUTE
    C:\pjct_arm\_lib\unity\unity.c           0x00000000   Number         0  unity.o ABSOLUTE
    RTE\Device\ARMCM4_FP\startup_ARMCM4.s    0x00000000   Number         0  startup_armcm4.o ABSOLUTE
    RTE\Device\ARMCM4_FP\system_ARMCM4.c     0x00000000   Number         0  system_armcm4.o ABSOLUTE
    RTE\\Device\\ARMCM4_FP\\system_ARMCM4.c  0x00000000   Number         0  system_armcm4.o ABSOLUTE
    dc.s                                     0x00000000   Number         0  dc.o ABSOLUTE
    source\ws_unity_intro_functions.c        0x00000000   Number         0  ws_unity_intro_functions.o ABSOLUTE
    source\ws_unity_intro_testFunctions_all.c 0x00000000   Number         0  ws_unity_intro_testfunctions_all.o ABSOLUTE
    !!!main                                  0x000003c0   Section        8  __main.o(!!!main)
    !!!scatter                               0x000003c8   Section       52  __scatter.o(!!!scatter)
    !!handler_copy                           0x000003fc   Section       26  __scatter_copy.o(!!handler_copy)
    !!handler_zi                             0x00000418   Section       28  __scatter_zi.o(!!handler_zi)
    .ARM.Collect$$libinit$$00000000          0x00000434   Section        2  libinit.o(.ARM.Collect$$libinit$$00000000)
    .ARM.Collect$$libinit$$00000001          0x00000436   Section        4  libinit2.o(.ARM.Collect$$libinit$$00000001)
    .ARM.Collect$$libinit$$00000004          0x0000043a   Section        0  libinit2.o(.ARM.Collect$$libinit$$00000004)
    .ARM.Collect$$libinit$$00000006          0x0000043a   Section        8  libinit3.o(.ARM.Collect$$libinit$$00000006)
    .ARM.Collect$$libinit$$0000000A          0x00000442   Section        0  libinit2.o(.ARM.Collect$$libinit$$0000000A)
    .ARM.Collect$$libinit$$0000000C          0x00000442   Section        0  libinit2.o(.ARM.Collect$$libinit$$0000000C)
    .ARM.Collect$$libinit$$0000000E          0x00000442   Section        0  libinit2.o(.ARM.Collect$$libinit$$0000000E)
    .ARM.Collect$$libinit$$00000011          0x00000442   Section        0  libinit2.o(.ARM.Collect$$libinit$$00000011)
    .ARM.Collect$$libinit$$00000013          0x00000442   Section        0  libinit2.o(.ARM.Collect$$libinit$$00000013)
    .ARM.Collect$$libinit$$00000015          0x00000442   Section        0  libinit2.o(.ARM.Collect$$libinit$$00000015)
    .ARM.Collect$$libinit$$00000017          0x00000442   Section        0  libinit2.o(.ARM.Collect$$libinit$$00000017)
    .ARM.Collect$$libinit$$00000019          0x00000442   Section        0  libinit2.o(.ARM.Collect$$libinit$$00000019)
    .ARM.Collect$$libinit$$0000001B          0x00000442   Section        0  libinit2.o(.ARM.Collect$$libinit$$0000001B)
    .ARM.Collect$$libinit$$0000001D          0x00000442   Section        0  libinit2.o(.ARM.Collect$$libinit$$0000001D)
    .ARM.Collect$$libinit$$0000001F          0x00000442   Section        0  libinit2.o(.ARM.Collect$$libinit$$0000001F)
    .ARM.Collect$$libinit$$00000021          0x00000442   Section        0  libinit2.o(.ARM.Collect$$libinit$$00000021)
    .ARM.Collect$$libinit$$00000023          0x00000442   Section        0  libinit2.o(.ARM.Collect$$libinit$$00000023)
    .ARM.Collect$$libinit$$00000024          0x00000442   Section        4  libinit2.o(.ARM.Collect$$libinit$$00000024)
    .ARM.Collect$$libinit$$00000025          0x00000446   Section        0  libinit2.o(.ARM.Collect$$libinit$$00000025)
    .ARM.Collect$$libinit$$0000002C          0x00000446   Section        0  libinit2.o(.ARM.Collect$$libinit$$0000002C)
    .ARM.Collect$$libinit$$0000002E          0x00000446   Section        0  libinit2.o(.ARM.Collect$$libinit$$0000002E)
    .ARM.Collect$$libinit$$00000030          0x00000446   Section        0  libinit2.o(.ARM.Collect$$libinit$$00000030)
    .ARM.Collect$$libinit$$00000032          0x00000446   Section        0  libinit2.o(.ARM.Collect$$libinit$$00000032)
    .ARM.Collect$$libinit$$00000033          0x00000446   Section        2  libinit2.o(.ARM.Collect$$libinit$$00000033)
    .ARM.Collect$$libinit$$00002717          0x00000448   Section        8  libinit3.o(.ARM.Collect$$libinit$$00002717)
    __lit__00000000                          0x00000448   Data           4  libinit3.o(.ARM.Collect$$libinit$$00002717)
    __lit__00000001                          0x0000044c   Data           4  libinit3.o(.ARM.Collect$$libinit$$00002717)
    .ARM.Collect$$libshutdown$$00000000      0x00000450   Section        2  libshutdown.o(.ARM.Collect$$libshutdown$$00000000)
    .ARM.Collect$$libshutdown$$00000002      0x00000452   Section        0  libshutdown2.o(.ARM.Collect$$libshutdown$$00000002)
    .ARM.Collect$$libshutdown$$00000004      0x00000452   Section        0  libshutdown2.o(.ARM.Collect$$libshutdown$$00000004)
    .ARM.Collect$$libshutdown$$00000005      0x00000452   Section        4  libshutdown2.o(.ARM.Collect$$libshutdown$$00000005)
    .ARM.Collect$$libshutdown$$00000006      0x00000456   Section        0  libshutdown2.o(.ARM.Collect$$libshutdown$$00000006)
    .ARM.Collect$$libshutdown$$00000009      0x00000456   Section        0  libshutdown2.o(.ARM.Collect$$libshutdown$$00000009)
    .ARM.Collect$$libshutdown$$0000000C      0x00000456   Section        0  libshutdown2.o(.ARM.Collect$$libshutdown$$0000000C)
    .ARM.Collect$$libshutdown$$0000000E      0x00000456   Section        0  libshutdown2.o(.ARM.Collect$$libshutdown$$0000000E)
    .ARM.Collect$$libshutdown$$00000011      0x00000456   Section        0  libshutdown2.o(.ARM.Collect$$libshutdown$$00000011)
    .ARM.Collect$$libshutdown$$00000012      0x00000456   Section        2  libshutdown2.o(.ARM.Collect$$libshutdown$$00000012)
    .ARM.Collect$$rtentry$$00000000          0x00000458   Section        0  __rtentry.o(.ARM.Collect$$rtentry$$00000000)
    .ARM.Collect$$rtentry$$00000002          0x00000458   Section        0  __rtentry2.o(.ARM.Collect$$rtentry$$00000002)
    .ARM.Collect$$rtentry$$00000005          0x00000458   Section        4  __rtentry5.o(.ARM.Collect$$rtentry$$00000005)
    .ARM.Collect$$rtentry$$00000009          0x0000045c   Section        0  __rtentry2.o(.ARM.Collect$$rtentry$$00000009)
    .ARM.Collect$$rtentry$$0000000A          0x0000045c   Section        4  __rtentry2.o(.ARM.Collect$$rtentry$$0000000A)
    .ARM.Collect$$rtentry$$0000000C          0x00000460   Section        0  __rtentry2.o(.ARM.Collect$$rtentry$$0000000C)
    .ARM.Collect$$rtentry$$0000000D          0x00000460   Section        8  __rtentry2.o(.ARM.Collect$$rtentry$$0000000D)
    .ARM.Collect$$rtentry$$00002716          0x00000468   Section        4  __rtentry5.o(.ARM.Collect$$rtentry$$00002716)
    __lit__00000000                          0x00000468   Data           4  __rtentry5.o(.ARM.Collect$$rtentry$$00002716)
    .ARM.Collect$$rtexit$$00000000           0x0000046c   Section        2  rtexit.o(.ARM.Collect$$rtexit$$00000000)
    .ARM.Collect$$rtexit$$00000002           0x0000046e   Section        0  rtexit2.o(.ARM.Collect$$rtexit$$00000002)
    .ARM.Collect$$rtexit$$00000003           0x0000046e   Section        4  rtexit2.o(.ARM.Collect$$rtexit$$00000003)
    .ARM.Collect$$rtexit$$00000004           0x00000472   Section        6  rtexit2.o(.ARM.Collect$$rtexit$$00000004)
    .emb_text                                0x00000478   Section        0  maybetermalloc1.o(.emb_text)
    .text                                    0x00000478   Section       56  startup_armcm4.o(.text)
    $v0                                      0x00000478   Number         0  startup_armcm4.o(.text)
    .text                                    0x000004b0   Section        0  putc.o(.text)
    .text                                    0x000004b4   Section      100  rt_memcpy_w.o(.text)
    .text                                    0x00000518   Section      128  strcmpv7m.o(.text)
    .text                                    0x00000598   Section        0  heapauxi.o(.text)
    .text                                    0x0000059e   Section       98  setjmp.o(.text)
    $v0                                      0x0000059e   Number         0  setjmp.o(.text)
    .text                                    0x00000600   Section        0  initio.o(.text)
    .text                                    0x00000738   Section        0  h1_free.o(.text)
    .text                                    0x00000786   Section        0  flsbuf.o(.text)
    .text                                    0x0000095c   Section        0  setvbuf.o(.text)
    .text                                    0x000009a4   Section        0  fopen.o(.text)
    _freopen_locked                          0x000009a5   Thumb Code     0  fopen.o(.text)
    .text                                    0x00000a90   Section        0  fclose.o(.text)
    .text                                    0x00000adc   Section        0  defsig_rtred_outer.o(.text)
    .text                                    0x00000aea   Section       78  rt_memclr_w.o(.text)
    .text                                    0x00000b38   Section        8  rt_heap_descriptor_intlibspace.o(.text)
    .text                                    0x00000b40   Section        0  hguard.o(.text)
    .text                                    0x00000b44   Section        0  init_alloc.o(.text)
    .text                                    0x00000bce   Section        0  h1_alloc.o(.text)
    .text                                    0x00000c2c   Section        0  fseek.o(.text)
    .text                                    0x00000d24   Section        0  stdio.o(.text)
    .text                                    0x00000e14   Section        0  exit.o(.text)
    .text                                    0x00000e26   Section        0  defsig_exit.o(.text)
    .text                                    0x00000e30   Section        0  defsig_rtred_inner.o(.text)
    .text                                    0x00000e64   Section        0  sys_exit.o(.text)
    .text                                    0x00000e70   Section        0  h1_init.o(.text)
    .text                                    0x00000e7e   Section        0  h1_extend.o(.text)
    .text                                    0x00000eb2   Section        0  ftell.o(.text)
    .text                                    0x00000ef4   Section        0  defsig_general.o(.text)
    .text                                    0x00000f26   Section        0  defsig_rtmem_outer.o(.text)
    .text                                    0x00000f34   Section        0  sys_wrch.o(.text)
    .text                                    0x00000f42   Section        2  use_no_semi.o(.text)
    .text                                    0x00000f44   Section        0  indicate_semi.o(.text)
    .text                                    0x00000f44   Section        8  rt_errno_addr_intlibspace.o(.text)
    .text                                    0x00000f4c   Section        0  defsig_rtmem_inner.o(.text)
    i.ITM_SendChar                           0x00000f9c   Section        0  retarget_io.o(i.ITM_SendChar)
    i.SystemInit                             0x00000fcc   Section        0  system_armcm4.o(i.SystemInit)
    i.UnityAddMsgIfSpecified                 0x00000ffc   Section        0  unity.o(i.UnityAddMsgIfSpecified)
    UnityAddMsgIfSpecified                   0x00000ffd   Thumb Code    66  unity.o(i.UnityAddMsgIfSpecified)
    i.UnityAssertEqualIntArray               0x00001050   Section        0  unity.o(i.UnityAssertEqualIntArray)
    i.UnityAssertEqualNumber                 0x00001190   Section        0  unity.o(i.UnityAssertEqualNumber)
    i.UnityBegin                             0x000011fc   Section        0  unity.o(i.UnityBegin)
    i.UnityConcludeTest                      0x0000121c   Section        0  unity.o(i.UnityConcludeTest)
    i.UnityDefaultTestRun                    0x00001270   Section        0  unity.o(i.UnityDefaultTestRun)
    i.UnityEnd                               0x000012b4   Section        0  unity.o(i.UnityEnd)
    i.UnityIsOneArrayNull                    0x00001340   Section        0  unity.o(i.UnityIsOneArrayNull)
    UnityIsOneArrayNull                      0x00001341   Thumb Code    74  unity.o(i.UnityIsOneArrayNull)
    i.UnityPrint                             0x00001394   Section        0  unity.o(i.UnityPrint)
    i.UnityPrintChar                         0x000013b0   Section        0  unity.o(i.UnityPrintChar)
    UnityPrintChar                           0x000013b1   Thumb Code   100  unity.o(i.UnityPrintChar)
    i.UnityPrintNumber                       0x00001418   Section        0  unity.o(i.UnityPrintNumber)
    i.UnityPrintNumberByStyle                0x00001438   Section        0  unity.o(i.UnityPrintNumberByStyle)
    i.UnityPrintNumberHex                    0x00001480   Section        0  unity.o(i.UnityPrintNumberHex)
    i.UnityPrintNumberUnsigned               0x000014cc   Section        0  unity.o(i.UnityPrintNumberUnsigned)
    i.UnityTestResultsBegin                  0x00001510   Section        0  unity.o(i.UnityTestResultsBegin)
    UnityTestResultsBegin                    0x00001511   Thumb Code    52  unity.o(i.UnityTestResultsBegin)
    i.UnityTestResultsFailBegin              0x0000154c   Section        0  unity.o(i.UnityTestResultsFailBegin)
    UnityTestResultsFailBegin                0x0000154d   Thumb Code    30  unity.o(i.UnityTestResultsFailBegin)
    i._sys_close                             0x00001578   Section        0  retarget_io.o(i._sys_close)
    i._sys_flen                              0x0000159e   Section        0  retarget_io.o(i._sys_flen)
    i._sys_istty                             0x000015c2   Section        0  retarget_io.o(i._sys_istty)
    i._sys_open                              0x000015e8   Section        0  retarget_io.o(i._sys_open)
    i._sys_seek                              0x00001650   Section        0  retarget_io.o(i._sys_seek)
    i._sys_write                             0x0000167c   Section        0  retarget_io.o(i._sys_write)
    i.fputc                                  0x000016c2   Section        0  fputc.o(i.fputc)
    i.main                                   0x000016dc   Section        0  ws_unity_intro_testfunctions_all.o(i.main)
    i.rank_ascending_c                       0x000017a4   Section        0  ws_unity_intro_functions.o(i.rank_ascending_c)
    i.rank_descending_c                      0x000017e2   Section        0  ws_unity_intro_functions.o(i.rank_descending_c)
    i.setUp                                  0x00001820   Section        0  ws_unity_intro_testfunctions_all.o(i.setUp)
    i.stdout_putchar                         0x00001822   Section        0  retarget_io.o(i.stdout_putchar)
    stdout_putchar                           0x00001823   Thumb Code    12  retarget_io.o(i.stdout_putchar)
    i.swap_c_1                               0x0000182e   Section        0  ws_unity_intro_functions.o(i.swap_c_1)
    i.tearDown                               0x00001842   Section        0  ws_unity_intro_testfunctions_all.o(i.tearDown)
    i.test_rank_ascending_c                  0x00001844   Section        0  ws_unity_intro_testfunctions_all.o(i.test_rank_ascending_c)
    i.test_rank_desending_c                  0x000018c0   Section        0  ws_unity_intro_testfunctions_all.o(i.test_rank_desending_c)
    i.test_swap_c_1                          0x0000193c   Section        0  ws_unity_intro_testfunctions_all.o(i.test_swap_c_1)
    i.test_swap_c_1_fail                     0x000019f8   Section        0  ws_unity_intro_testfunctions_all.o(i.test_swap_c_1_fail)
    x$fpl$fpinit                             0x00001a38   Section       10  fpinit.o(x$fpl$fpinit)
    $v0                                      0x00001a38   Number         0  fpinit.o(x$fpl$fpinit)
    .constdata                               0x00001a44   Section      256  ws_unity_intro_testfunctions_all.o(.constdata)
    .constdata                               0x00001b44   Section      520  unity.o(.constdata)
    UnityStrOk                               0x00001b44   Data           3  unity.o(.constdata)
    UnityStrPass                             0x00001b47   Data           5  unity.o(.constdata)
    UnityStrFail                             0x00001b4c   Data           5  unity.o(.constdata)
    UnityStrIgnore                           0x00001b51   Data           7  unity.o(.constdata)
    UnityStrNull                             0x00001b58   Data           5  unity.o(.constdata)
    UnityStrSpacer                           0x00001b5d   Data           3  unity.o(.constdata)
    UnityStrExpected                         0x00001b60   Data          11  unity.o(.constdata)
    UnityStrWas                              0x00001b6b   Data           6  unity.o(.constdata)
    UnityStrGt                               0x00001b71   Data          21  unity.o(.constdata)
    UnityStrLt                               0x00001b86   Data          18  unity.o(.constdata)
    UnityStrOrEqual                          0x00001b98   Data          13  unity.o(.constdata)
    UnityStrElement                          0x00001ba5   Data          10  unity.o(.constdata)
    UnityStrByte                             0x00001baf   Data           7  unity.o(.constdata)
    UnityStrMemory                           0x00001bb6   Data          18  unity.o(.constdata)
    UnityStrDelta                            0x00001bc8   Data          26  unity.o(.constdata)
    UnityStrPointless                        0x00001be2   Data          55  unity.o(.constdata)
    UnityStrNullPointerForExpected           0x00001c19   Data          29  unity.o(.constdata)
    UnityStrNullPointerForActual             0x00001c36   Data          25  unity.o(.constdata)
    UnityStrNot                              0x00001c4f   Data           5  unity.o(.constdata)
    UnityStrInf                              0x00001c54   Data           9  unity.o(.constdata)
    UnityStrNegInf                           0x00001c5d   Data          18  unity.o(.constdata)
    UnityStrNaN                              0x00001c6f   Data           4  unity.o(.constdata)
    UnityStrDet                              0x00001c73   Data          12  unity.o(.constdata)
    UnityStrInvalidFloatTrait                0x00001c7f   Data          20  unity.o(.constdata)
    UnityStrBreaker                          0x00001cef   Data          24  unity.o(.constdata)
    UnityStrResultsTests                     0x00001d07   Data           8  unity.o(.constdata)
    UnityStrResultsFailures                  0x00001d0f   Data          11  unity.o(.constdata)
    UnityStrResultsIgnored                   0x00001d1a   Data          10  unity.o(.constdata)
    UnityStrDetail1Name                      0x00001d24   Data          10  unity.o(.constdata)
    UnityStrDetail2Name                      0x00001d2e   Data          11  unity.o(.constdata)
    .constdata                               0x00001d4c   Section       23  retarget_io.o(.constdata)
    .data                                    0x20000000   Section        4  system_armcm4.o(.data)
    .data                                    0x20000004   Section        4  stdio_streams.o(.data)
    .data                                    0x20000008   Section        4  stdio_streams.o(.data)
    .data                                    0x2000000c   Section        4  stdio_streams.o(.data)
    .bss                                     0x20000010   Section      200  unity.o(.bss)
    .bss                                     0x200000d8   Section       84  stdio_streams.o(.bss)
    .bss                                     0x2000012c   Section       84  stdio_streams.o(.bss)
    .bss                                     0x20000180   Section       84  stdio_streams.o(.bss)
    .bss                                     0x200001d4   Section       96  libspace.o(.bss)
    HEAP                                     0x20000238   Section     3072  startup_armcm4.o(HEAP)
    STACK                                    0x20000e38   Section     1024  startup_armcm4.o(STACK)

    Global Symbols

    Symbol Name                              Value     Ov Type        Size  Object(Section)

    BuildAttributes$$THM_ISAv4$E$P$D$K$B$S$7EM$VFPi3$EXTD16$VFPS$VFMA$PE$A:L22UL41UL21$X:L11$S22US41US21$IEEE1$IW$USESV6$~STKCKD$USESV7$~SHL$OTIME$ROPI$EBA8$UX$STANDARDLIB$REQ8$PRES8$EABIv2 0x00000000   Number         0  anon$$obj.o ABSOLUTE
    __ARM_use_no_argv                        0x00000000   Number         0  ws_unity_intro_testfunctions_all.o ABSOLUTE
    __Vectors                                0x00000000   Data           4  startup_armcm4.o(RESET)
    Image$$ZI$$Limit                          - Undefined Weak Reference
    __ARM_exceptions_init                     - Undefined Weak Reference
    __alloca_initialize                       - Undefined Weak Reference
    __alloca_longjmp                          - Undefined Weak Reference
    __alloca_setjmp                           - Undefined Weak Reference
    __arm_fini_                               - Undefined Weak Reference
    __arm_preinit_                            - Undefined Weak Reference
    __cpp_initialize__aeabi_                  - Undefined Weak Reference
    __cxa_finalize                            - Undefined Weak Reference
    __rt_locale                               - Undefined Weak Reference
    __sigvec_lookup                           - Undefined Weak Reference
    __user_heap_extent                        - Undefined Weak Reference
    _atexit_init                              - Undefined Weak Reference
    _call_atexit_fns                          - Undefined Weak Reference
    _clock_init                               - Undefined Weak Reference
    _fp_trap_init                             - Undefined Weak Reference
    _fp_trap_shutdown                         - Undefined Weak Reference
    _get_lc_collate                           - Undefined Weak Reference
    _get_lc_ctype                             - Undefined Weak Reference
    _get_lc_monetary                          - Undefined Weak Reference
    _get_lc_numeric                           - Undefined Weak Reference
    _get_lc_time                              - Undefined Weak Reference
    _getenv_init                              - Undefined Weak Reference
    _handle_redirection                       - Undefined Weak Reference
    _mutex_acquire                            - Undefined Weak Reference
    _mutex_free                               - Undefined Weak Reference
    _mutex_release                            - Undefined Weak Reference
    _rand_init                                - Undefined Weak Reference
    _signal_finish                            - Undefined Weak Reference
    _signal_init                              - Undefined Weak Reference
    __Vectors_End                            0x000003c0   Data           0  startup_armcm4.o(RESET)
    __Vectors_Size                           0x000003c0   Number         0  startup_armcm4.o ABSOLUTE
    __main                                   0x000003c1   Thumb Code     8  __main.o(!!!main)
    __scatterload                            0x000003c9   Thumb Code     0  __scatter.o(!!!scatter)
    __scatterload_rt2                        0x000003c9   Thumb Code    44  __scatter.o(!!!scatter)
    __scatterload_rt2_thumb_only             0x000003c9   Thumb Code     0  __scatter.o(!!!scatter)
    __scatterload_null                       0x000003d7   Thumb Code     0  __scatter.o(!!!scatter)
    __scatterload_copy                       0x000003fd   Thumb Code    26  __scatter_copy.o(!!handler_copy)
    __scatterload_zeroinit                   0x00000419   Thumb Code    28  __scatter_zi.o(!!handler_zi)
    __rt_lib_init                            0x00000435   Thumb Code     0  libinit.o(.ARM.Collect$$libinit$$00000000)
    __rt_lib_init_fp_1                       0x00000437   Thumb Code     0  libinit2.o(.ARM.Collect$$libinit$$00000001)
    __rt_lib_init_heap_2                     0x0000043b   Thumb Code     0  libinit3.o(.ARM.Collect$$libinit$$00000006)
    __rt_lib_init_preinit_1                  0x0000043b   Thumb Code     0  libinit2.o(.ARM.Collect$$libinit$$00000004)
    __rt_lib_init_atexit_1                   0x00000443   Thumb Code     0  libinit2.o(.ARM.Collect$$libinit$$0000001B)
    __rt_lib_init_clock_1                    0x00000443   Thumb Code     0  libinit2.o(.ARM.Collect$$libinit$$00000021)
    __rt_lib_init_fp_trap_1                  0x00000443   Thumb Code     0  libinit2.o(.ARM.Collect$$libinit$$0000001F)
    __rt_lib_init_getenv_1                   0x00000443   Thumb Code     0  libinit2.o(.ARM.Collect$$libinit$$00000023)
    __rt_lib_init_heap_1                     0x00000443   Thumb Code     0  libinit2.o(.ARM.Collect$$libinit$$0000000A)
    __rt_lib_init_lc_collate_1               0x00000443   Thumb Code     0  libinit2.o(.ARM.Collect$$libinit$$00000011)
    __rt_lib_init_lc_ctype_1                 0x00000443   Thumb Code     0  libinit2.o(.ARM.Collect$$libinit$$00000013)
    __rt_lib_init_lc_monetary_1              0x00000443   Thumb Code     0  libinit2.o(.ARM.Collect$$libinit$$00000015)
    __rt_lib_init_lc_numeric_1               0x00000443   Thumb Code     0  libinit2.o(.ARM.Collect$$libinit$$00000017)
    __rt_lib_init_lc_time_1                  0x00000443   Thumb Code     0  libinit2.o(.ARM.Collect$$libinit$$00000019)
    __rt_lib_init_rand_1                     0x00000443   Thumb Code     0  libinit2.o(.ARM.Collect$$libinit$$0000000E)
    __rt_lib_init_signal_1                   0x00000443   Thumb Code     0  libinit2.o(.ARM.Collect$$libinit$$0000001D)
    __rt_lib_init_stdio_2                    0x00000443   Thumb Code     0  libinit2.o(.ARM.Collect$$libinit$$00000024)
    __rt_lib_init_user_alloc_1               0x00000443   Thumb Code     0  libinit2.o(.ARM.Collect$$libinit$$0000000C)
    __rt_lib_init_alloca_1                   0x00000447   Thumb Code     0  libinit2.o(.ARM.Collect$$libinit$$0000002E)
    __rt_lib_init_argv_1                     0x00000447   Thumb Code     0  libinit2.o(.ARM.Collect$$libinit$$0000002C)
    __rt_lib_init_cpp_1                      0x00000447   Thumb Code     0  libinit2.o(.ARM.Collect$$libinit$$00000032)
    __rt_lib_init_exceptions_1               0x00000447   Thumb Code     0  libinit2.o(.ARM.Collect$$libinit$$00000030)
    __rt_lib_init_return                     0x00000447   Thumb Code     0  libinit2.o(.ARM.Collect$$libinit$$00000033)
    __rt_lib_init_stdio_1                    0x00000447   Thumb Code     0  libinit2.o(.ARM.Collect$$libinit$$00000025)
    __rt_lib_shutdown                        0x00000451   Thumb Code     0  libshutdown.o(.ARM.Collect$$libshutdown$$00000000)
    __rt_lib_shutdown_cpp_1                  0x00000453   Thumb Code     0  libshutdown2.o(.ARM.Collect$$libshutdown$$00000004)
    __rt_lib_shutdown_fini_1                 0x00000453   Thumb Code     0  libshutdown2.o(.ARM.Collect$$libshutdown$$00000002)
    __rt_lib_shutdown_stdio_2                0x00000453   Thumb Code     0  libshutdown2.o(.ARM.Collect$$libshutdown$$00000005)
    __rt_lib_shutdown_fp_trap_1              0x00000457   Thumb Code     0  libshutdown2.o(.ARM.Collect$$libshutdown$$00000009)
    __rt_lib_shutdown_heap_1                 0x00000457   Thumb Code     0  libshutdown2.o(.ARM.Collect$$libshutdown$$00000011)
    __rt_lib_shutdown_return                 0x00000457   Thumb Code     0  libshutdown2.o(.ARM.Collect$$libshutdown$$00000012)
    __rt_lib_shutdown_signal_1               0x00000457   Thumb Code     0  libshutdown2.o(.ARM.Collect$$libshutdown$$0000000C)
    __rt_lib_shutdown_stdio_1                0x00000457   Thumb Code     0  libshutdown2.o(.ARM.Collect$$libshutdown$$00000006)
    __rt_lib_shutdown_user_alloc_1           0x00000457   Thumb Code     0  libshutdown2.o(.ARM.Collect$$libshutdown$$0000000E)
    __rt_entry                               0x00000459   Thumb Code     0  __rtentry.o(.ARM.Collect$$rtentry$$00000000)
    __rt_entry_presh_1                       0x00000459   Thumb Code     0  __rtentry2.o(.ARM.Collect$$rtentry$$00000002)
    __rt_entry_sh                            0x00000459   Thumb Code     0  __rtentry5.o(.ARM.Collect$$rtentry$$00000005)
    __rt_entry_li                            0x0000045d   Thumb Code     0  __rtentry2.o(.ARM.Collect$$rtentry$$0000000A)
    __rt_entry_postsh_1                      0x0000045d   Thumb Code     0  __rtentry2.o(.ARM.Collect$$rtentry$$00000009)
    __rt_entry_main                          0x00000461   Thumb Code     0  __rtentry2.o(.ARM.Collect$$rtentry$$0000000D)
    __rt_entry_postli_1                      0x00000461   Thumb Code     0  __rtentry2.o(.ARM.Collect$$rtentry$$0000000C)
    __rt_exit                                0x0000046d   Thumb Code     0  rtexit.o(.ARM.Collect$$rtexit$$00000000)
    __rt_exit_ls                             0x0000046f   Thumb Code     0  rtexit2.o(.ARM.Collect$$rtexit$$00000003)
    __rt_exit_prels_1                        0x0000046f   Thumb Code     0  rtexit2.o(.ARM.Collect$$rtexit$$00000002)
    __rt_exit_exit                           0x00000473   Thumb Code     0  rtexit2.o(.ARM.Collect$$rtexit$$00000004)
    Reset_Handler                            0x00000479   Thumb Code     8  startup_armcm4.o(.text)
    _maybe_terminate_alloc                   0x00000479   Thumb Code     0  maybetermalloc1.o(.emb_text)
    HardFault_Handler                        0x00000481   Thumb Code     2  startup_armcm4.o(.text)
    NMI_Handler                              0x00000483   Thumb Code     2  startup_armcm4.o(.text)
    MemManage_Handler                        0x00000485   Thumb Code     2  startup_armcm4.o(.text)
    BusFault_Handler                         0x00000487   Thumb Code     2  startup_armcm4.o(.text)
    UsageFault_Handler                       0x00000489   Thumb Code     2  startup_armcm4.o(.text)
    SVC_Handler                              0x0000048b   Thumb Code     2  startup_armcm4.o(.text)
    DebugMon_Handler                         0x0000048d   Thumb Code     2  startup_armcm4.o(.text)
    PendSV_Handler                           0x0000048f   Thumb Code     2  startup_armcm4.o(.text)
    SysTick_Handler                          0x00000491   Thumb Code     2  startup_armcm4.o(.text)
    Interrupt0_Handler                       0x00000493   Thumb Code     2  startup_armcm4.o(.text)
    Interrupt1_Handler                       0x00000495   Thumb Code     2  startup_armcm4.o(.text)
    Interrupt2_Handler                       0x00000497   Thumb Code     2  startup_armcm4.o(.text)
    Interrupt3_Handler                       0x00000499   Thumb Code     2  startup_armcm4.o(.text)
    Interrupt4_Handler                       0x0000049b   Thumb Code     2  startup_armcm4.o(.text)
    Interrupt5_Handler                       0x0000049d   Thumb Code     2  startup_armcm4.o(.text)
    Interrupt6_Handler                       0x0000049f   Thumb Code     2  startup_armcm4.o(.text)
    Interrupt7_Handler                       0x000004a1   Thumb Code     2  startup_armcm4.o(.text)
    Interrupt8_Handler                       0x000004a3   Thumb Code     2  startup_armcm4.o(.text)
    Interrupt9_Handler                       0x000004a5   Thumb Code     2  startup_armcm4.o(.text)
    putc                                     0x000004b1   Thumb Code     4  putc.o(.text)
    __aeabi_memcpy4                          0x000004b5   Thumb Code     0  rt_memcpy_w.o(.text)
    __aeabi_memcpy8                          0x000004b5   Thumb Code     0  rt_memcpy_w.o(.text)
    __rt_memcpy_w                            0x000004b5   Thumb Code   100  rt_memcpy_w.o(.text)
    _memcpy_lastbytes_aligned                0x000004fd   Thumb Code     0  rt_memcpy_w.o(.text)
    strcmp                                   0x00000519   Thumb Code   128  strcmpv7m.o(.text)
    __use_two_region_memory                  0x00000599   Thumb Code     2  heapauxi.o(.text)
    __rt_heap_escrow                         0x0000059b   Thumb Code     2  heapauxi.o(.text)
    __rt_heap_expand                         0x0000059d   Thumb Code     2  heapauxi.o(.text)
    setjmp                                   0x0000059f   Thumb Code    42  setjmp.o(.text)
    longjmp                                  0x000005c9   Thumb Code    56  setjmp.o(.text)
    _initio                                  0x00000601   Thumb Code   210  initio.o(.text)
    _terminateio                             0x000006d3   Thumb Code    56  initio.o(.text)
    free                                     0x00000739   Thumb Code    78  h1_free.o(.text)
    __flsbuf                                 0x00000787   Thumb Code   470  flsbuf.o(.text)
    __flsbuf_byte                            0x00000787   Thumb Code     0  flsbuf.o(.text)
    __flsbuf_wide                            0x00000787   Thumb Code     0  flsbuf.o(.text)
    setvbuf                                  0x0000095d   Thumb Code    70  setvbuf.o(.text)
    freopen                                  0x000009a5   Thumb Code   158  fopen.o(.text)
    fopen                                    0x00000a43   Thumb Code    74  fopen.o(.text)
    _fclose_internal                         0x00000a91   Thumb Code    76  fclose.o(.text)
    fclose                                   0x00000a91   Thumb Code     0  fclose.o(.text)
    __rt_SIGRTRED                            0x00000add   Thumb Code    14  defsig_rtred_outer.o(.text)
    __aeabi_memclr4                          0x00000aeb   Thumb Code     0  rt_memclr_w.o(.text)
    __aeabi_memclr8                          0x00000aeb   Thumb Code     0  rt_memclr_w.o(.text)
    __rt_memclr_w                            0x00000aeb   Thumb Code    78  rt_memclr_w.o(.text)
    _memset_w                                0x00000aef   Thumb Code     0  rt_memclr_w.o(.text)
    __rt_heap_descriptor                     0x00000b39   Thumb Code     8  rt_heap_descriptor_intlibspace.o(.text)
    __use_no_heap                            0x00000b41   Thumb Code     2  hguard.o(.text)
    __heap$guard                             0x00000b43   Thumb Code     2  hguard.o(.text)
    _terminate_user_alloc                    0x00000b45   Thumb Code     2  init_alloc.o(.text)
    _init_user_alloc                         0x00000b47   Thumb Code     2  init_alloc.o(.text)
    __Heap_Full                              0x00000b49   Thumb Code    34  init_alloc.o(.text)
    __Heap_Broken                            0x00000b6b   Thumb Code     6  init_alloc.o(.text)
    _init_alloc                              0x00000b71   Thumb Code    94  init_alloc.o(.text)
    malloc                                   0x00000bcf   Thumb Code    94  h1_alloc.o(.text)
    _fseek                                   0x00000c2d   Thumb Code   242  fseek.o(.text)
    fseek                                    0x00000c2d   Thumb Code     0  fseek.o(.text)
    _seterr                                  0x00000d25   Thumb Code    20  stdio.o(.text)
    _writebuf                                0x00000d39   Thumb Code    84  stdio.o(.text)
    _fflush                                  0x00000d8d   Thumb Code    70  stdio.o(.text)
    _deferredlazyseek                        0x00000dd3   Thumb Code    60  stdio.o(.text)
    exit                                     0x00000e15   Thumb Code    18  exit.o(.text)
    __sig_exit                               0x00000e27   Thumb Code    10  defsig_exit.o(.text)
    __rt_SIGRTRED_inner                      0x00000e31   Thumb Code    14  defsig_rtred_inner.o(.text)
    _sys_exit                                0x00000e65   Thumb Code     8  sys_exit.o(.text)
    __Heap_Initialize                        0x00000e71   Thumb Code    10  h1_init.o(.text)
    __Heap_DescSize                          0x00000e7b   Thumb Code     4  h1_init.o(.text)
    __Heap_ProvideMemory                     0x00000e7f   Thumb Code    52  h1_extend.o(.text)
    _ftell_internal                          0x00000eb3   Thumb Code    66  ftell.o(.text)
    ftell                                    0x00000eb3   Thumb Code     0  ftell.o(.text)
    __default_signal_display                 0x00000ef5   Thumb Code    50  defsig_general.o(.text)
    __rt_SIGRTMEM                            0x00000f27   Thumb Code    14  defsig_rtmem_outer.o(.text)
    _ttywrch                                 0x00000f35   Thumb Code    14  sys_wrch.o(.text)
    __I$use$semihosting                      0x00000f43   Thumb Code     0  use_no_semi.o(.text)
    __use_no_semihosting_swi                 0x00000f43   Thumb Code     2  use_no_semi.o(.text)
    __aeabi_errno_addr                       0x00000f45   Thumb Code     8  rt_errno_addr_intlibspace.o(.text)
    __errno$intlibspace                      0x00000f45   Thumb Code     0  rt_errno_addr_intlibspace.o(.text)
    __rt_errno_addr$intlibspace              0x00000f45   Thumb Code     0  rt_errno_addr_intlibspace.o(.text)
    __semihosting_library_function           0x00000f45   Thumb Code     0  indicate_semi.o(.text)
    __rt_SIGRTMEM_inner                      0x00000f4d   Thumb Code    22  defsig_rtmem_inner.o(.text)
    ITM_SendChar                             0x00000f9d   Thumb Code    42  retarget_io.o(i.ITM_SendChar)
    SystemInit                               0x00000fcd   Thumb Code    30  system_armcm4.o(i.SystemInit)
    UnityAssertEqualIntArray                 0x00001051   Thumb Code   298  unity.o(i.UnityAssertEqualIntArray)
    UnityAssertEqualNumber                   0x00001191   Thumb Code    96  unity.o(i.UnityAssertEqualNumber)
    UnityBegin                               0x000011fd   Thumb Code    28  unity.o(i.UnityBegin)
    UnityConcludeTest                        0x0000121d   Thumb Code    72  unity.o(i.UnityConcludeTest)
    UnityDefaultTestRun                      0x00001271   Thumb Code    64  unity.o(i.UnityDefaultTestRun)
    UnityEnd                                 0x000012b5   Thumb Code   108  unity.o(i.UnityEnd)
    UnityPrint                               0x00001395   Thumb Code    26  unity.o(i.UnityPrint)
    UnityPrintNumber                         0x00001419   Thumb Code    28  unity.o(i.UnityPrintNumber)
    UnityPrintNumberByStyle                  0x00001439   Thumb Code    66  unity.o(i.UnityPrintNumberByStyle)
    UnityPrintNumberHex                      0x00001481   Thumb Code    70  unity.o(i.UnityPrintNumberHex)
    UnityPrintNumberUnsigned                 0x000014cd   Thumb Code    62  unity.o(i.UnityPrintNumberUnsigned)
    _sys_close                               0x00001579   Thumb Code    38  retarget_io.o(i._sys_close)
    _sys_flen                                0x0000159f   Thumb Code    36  retarget_io.o(i._sys_flen)
    _sys_istty                               0x000015c3   Thumb Code    36  retarget_io.o(i._sys_istty)
    _sys_open                                0x000015e9   Thumb Code    80  retarget_io.o(i._sys_open)
    _sys_seek                                0x00001651   Thumb Code    44  retarget_io.o(i._sys_seek)
    _sys_write                               0x0000167d   Thumb Code    70  retarget_io.o(i._sys_write)
    fputc                                    0x000016c3   Thumb Code    26  fputc.o(i.fputc)
    main                                     0x000016dd   Thumb Code    54  ws_unity_intro_testfunctions_all.o(i.main)
    rank_ascending_c                         0x000017a5   Thumb Code    62  ws_unity_intro_functions.o(i.rank_ascending_c)
    rank_descending_c                        0x000017e3   Thumb Code    62  ws_unity_intro_functions.o(i.rank_descending_c)
    setUp                                    0x00001821   Thumb Code     2  ws_unity_intro_testfunctions_all.o(i.setUp)
    swap_c_1                                 0x0000182f   Thumb Code    20  ws_unity_intro_functions.o(i.swap_c_1)
    tearDown                                 0x00001843   Thumb Code     2  ws_unity_intro_testfunctions_all.o(i.tearDown)
    test_rank_ascending_c                    0x00001845   Thumb Code   118  ws_unity_intro_testfunctions_all.o(i.test_rank_ascending_c)
    test_rank_desending_c                    0x000018c1   Thumb Code   118  ws_unity_intro_testfunctions_all.o(i.test_rank_desending_c)
    test_swap_c_1                            0x0000193d   Thumb Code   182  ws_unity_intro_testfunctions_all.o(i.test_swap_c_1)
    test_swap_c_1_fail                       0x000019f9   Thumb Code    58  ws_unity_intro_testfunctions_all.o(i.test_swap_c_1_fail)
    _fp_init                                 0x00001a39   Thumb Code    10  fpinit.o(x$fpl$fpinit)
    __fplib_config_fpu_vfp                   0x00001a41   Thumb Code     0  fpinit.o(x$fpl$fpinit)
    __fplib_config_pureend_doubles           0x00001a41   Thumb Code     0  fpinit.o(x$fpl$fpinit)
    UnityStrErrFloat                         0x00001c93   Data          30  unity.o(.constdata)
    UnityStrErrDouble                        0x00001cb1   Data          32  unity.o(.constdata)
    UnityStrErr64                            0x00001cd1   Data          30  unity.o(.constdata)
    __stdin_name                             0x00001d4c   Data           7  retarget_io.o(.constdata)
    __stdout_name                            0x00001d53   Data           8  retarget_io.o(.constdata)
    __stderr_name                            0x00001d5b   Data           8  retarget_io.o(.constdata)
    Region$$Table$$Base                      0x00001d64   Number         0  anon$$obj.o(Region$$Table)
    Region$$Table$$Limit                     0x00001d84   Number         0  anon$$obj.o(Region$$Table)
    SystemCoreClock                          0x20000000   Data           4  system_armcm4.o(.data)
    __aeabi_stdin                            0x20000004   Data           4  stdio_streams.o(.data)
    __aeabi_stdout                           0x20000008   Data           4  stdio_streams.o(.data)
    __aeabi_stderr                           0x2000000c   Data           4  stdio_streams.o(.data)
    Unity                                    0x20000010   Data         200  unity.o(.bss)
    __stdin                                  0x200000d8   Data          84  stdio_streams.o(.bss)
    __stdout                                 0x2000012c   Data          84  stdio_streams.o(.bss)
    __stderr                                 0x20000180   Data          84  stdio_streams.o(.bss)
    __libspace_start                         0x200001d4   Data          96  libspace.o(.bss)
    __temporary_stack_top$libspace           0x20000234   Data           0  libspace.o(.bss)
    __heap_base                              0x20000238   Data           0  startup_armcm4.o(HEAP)
    __heap_limit                             0x20000e38   Data           0  startup_armcm4.o(HEAP)
    __stack_limit                            0x20000e38   Data           0  startup_armcm4.o(STACK)
    __initial_sp                             0x20001238   Data           0  startup_armcm4.o(STACK)



==============================================================================

Memory Map of the image

  Image Entry point : 0x000003c1

  Load Region LR_IROM1 (Base: 0x00000000, Size: 0x00001d94, Max: 0x00040000, ABSOLUTE)

    Execution Region ER_IROM1 (Exec base: 0x00000000, Load base: 0x00000000, Size: 0x00001d84, Max: 0x00040000, ABSOLUTE)

    Exec Addr    Load Addr    Size         Type   Attr      Idx    E Section Name        Object

    0x00000000   0x00000000   0x000003c0   Data   RO          476    RESET               startup_armcm4.o
    0x000003c0   0x000003c0   0x00000008   Code   RO          554  * !!!main             c_w.l(__main.o)
    0x000003c8   0x000003c8   0x00000034   Code   RO          890    !!!scatter          c_w.l(__scatter.o)
    0x000003fc   0x000003fc   0x0000001a   Code   RO          892    !!handler_copy      c_w.l(__scatter_copy.o)
    0x00000416   0x00000416   0x00000002   PAD
    0x00000418   0x00000418   0x0000001c   Code   RO          894    !!handler_zi        c_w.l(__scatter_zi.o)
    0x00000434   0x00000434   0x00000002   Code   RO          785    .ARM.Collect$$libinit$$00000000  c_w.l(libinit.o)
    0x00000436   0x00000436   0x00000004   Code   RO          666    .ARM.Collect$$libinit$$00000001  c_w.l(libinit2.o)
    0x0000043a   0x0000043a   0x00000000   Code   RO          669    .ARM.Collect$$libinit$$00000004  c_w.l(libinit2.o)
    0x0000043a   0x0000043a   0x00000008   Code   RO          836    .ARM.Collect$$libinit$$00000006  c_w.l(libinit3.o)
    0x00000442   0x00000442   0x00000000   Code   RO          672    .ARM.Collect$$libinit$$0000000A  c_w.l(libinit2.o)
    0x00000442   0x00000442   0x00000000   Code   RO          674    .ARM.Collect$$libinit$$0000000C  c_w.l(libinit2.o)
    0x00000442   0x00000442   0x00000000   Code   RO          676    .ARM.Collect$$libinit$$0000000E  c_w.l(libinit2.o)
    0x00000442   0x00000442   0x00000000   Code   RO          679    .ARM.Collect$$libinit$$00000011  c_w.l(libinit2.o)
    0x00000442   0x00000442   0x00000000   Code   RO          681    .ARM.Collect$$libinit$$00000013  c_w.l(libinit2.o)
    0x00000442   0x00000442   0x00000000   Code   RO          683    .ARM.Collect$$libinit$$00000015  c_w.l(libinit2.o)
    0x00000442   0x00000442   0x00000000   Code   RO          685    .ARM.Collect$$libinit$$00000017  c_w.l(libinit2.o)
    0x00000442   0x00000442   0x00000000   Code   RO          687    .ARM.Collect$$libinit$$00000019  c_w.l(libinit2.o)
    0x00000442   0x00000442   0x00000000   Code   RO          689    .ARM.Collect$$libinit$$0000001B  c_w.l(libinit2.o)
    0x00000442   0x00000442   0x00000000   Code   RO          691    .ARM.Collect$$libinit$$0000001D  c_w.l(libinit2.o)
    0x00000442   0x00000442   0x00000000   Code   RO          693    .ARM.Collect$$libinit$$0000001F  c_w.l(libinit2.o)
    0x00000442   0x00000442   0x00000000   Code   RO          695    .ARM.Collect$$libinit$$00000021  c_w.l(libinit2.o)
    0x00000442   0x00000442   0x00000000   Code   RO          697    .ARM.Collect$$libinit$$00000023  c_w.l(libinit2.o)
    0x00000442   0x00000442   0x00000004   Code   RO          698    .ARM.Collect$$libinit$$00000024  c_w.l(libinit2.o)
    0x00000446   0x00000446   0x00000000   Code   RO          699    .ARM.Collect$$libinit$$00000025  c_w.l(libinit2.o)
    0x00000446   0x00000446   0x00000000   Code   RO          703    .ARM.Collect$$libinit$$0000002C  c_w.l(libinit2.o)
    0x00000446   0x00000446   0x00000000   Code   RO          705    .ARM.Collect$$libinit$$0000002E  c_w.l(libinit2.o)
    0x00000446   0x00000446   0x00000000   Code   RO          707    .ARM.Collect$$libinit$$00000030  c_w.l(libinit2.o)
    0x00000446   0x00000446   0x00000000   Code   RO          709    .ARM.Collect$$libinit$$00000032  c_w.l(libinit2.o)
    0x00000446   0x00000446   0x00000002   Code   RO          710    .ARM.Collect$$libinit$$00000033  c_w.l(libinit2.o)
    0x00000448   0x00000448   0x00000008   Code   RO          837    .ARM.Collect$$libinit$$00002717  c_w.l(libinit3.o)
    0x00000450   0x00000450   0x00000002   Code   RO          887    .ARM.Collect$$libshutdown$$00000000  c_w.l(libshutdown.o)
    0x00000452   0x00000452   0x00000000   Code   RO          712    .ARM.Collect$$libshutdown$$00000002  c_w.l(libshutdown2.o)
    0x00000452   0x00000452   0x00000000   Code   RO          714    .ARM.Collect$$libshutdown$$00000004  c_w.l(libshutdown2.o)
    0x00000452   0x00000452   0x00000004   Code   RO          715    .ARM.Collect$$libshutdown$$00000005  c_w.l(libshutdown2.o)
    0x00000456   0x00000456   0x00000000   Code   RO          716    .ARM.Collect$$libshutdown$$00000006  c_w.l(libshutdown2.o)
    0x00000456   0x00000456   0x00000000   Code   RO          719    .ARM.Collect$$libshutdown$$00000009  c_w.l(libshutdown2.o)
    0x00000456   0x00000456   0x00000000   Code   RO          722    .ARM.Collect$$libshutdown$$0000000C  c_w.l(libshutdown2.o)
    0x00000456   0x00000456   0x00000000   Code   RO          724    .ARM.Collect$$libshutdown$$0000000E  c_w.l(libshutdown2.o)
    0x00000456   0x00000456   0x00000000   Code   RO          727    .ARM.Collect$$libshutdown$$00000011  c_w.l(libshutdown2.o)
    0x00000456   0x00000456   0x00000002   Code   RO          728    .ARM.Collect$$libshutdown$$00000012  c_w.l(libshutdown2.o)
    0x00000458   0x00000458   0x00000000   Code   RO          558    .ARM.Collect$$rtentry$$00000000  c_w.l(__rtentry.o)
    0x00000458   0x00000458   0x00000000   Code   RO          572    .ARM.Collect$$rtentry$$00000002  c_w.l(__rtentry2.o)
    0x00000458   0x00000458   0x00000004   Code   RO          586    .ARM.Collect$$rtentry$$00000005  c_w.l(__rtentry5.o)
    0x0000045c   0x0000045c   0x00000000   Code   RO          574    .ARM.Collect$$rtentry$$00000009  c_w.l(__rtentry2.o)
    0x0000045c   0x0000045c   0x00000004   Code   RO          575    .ARM.Collect$$rtentry$$0000000A  c_w.l(__rtentry2.o)
    0x00000460   0x00000460   0x00000000   Code   RO          577    .ARM.Collect$$rtentry$$0000000C  c_w.l(__rtentry2.o)
    0x00000460   0x00000460   0x00000008   Code   RO          578    .ARM.Collect$$rtentry$$0000000D  c_w.l(__rtentry2.o)
    0x00000468   0x00000468   0x00000004   Code   RO          587    .ARM.Collect$$rtentry$$00002716  c_w.l(__rtentry5.o)
    0x0000046c   0x0000046c   0x00000002   Code   RO          795    .ARM.Collect$$rtexit$$00000000  c_w.l(rtexit.o)
    0x0000046e   0x0000046e   0x00000000   Code   RO          848    .ARM.Collect$$rtexit$$00000002  c_w.l(rtexit2.o)
    0x0000046e   0x0000046e   0x00000004   Code   RO          849    .ARM.Collect$$rtexit$$00000003  c_w.l(rtexit2.o)
    0x00000472   0x00000472   0x00000006   Code   RO          850    .ARM.Collect$$rtexit$$00000004  c_w.l(rtexit2.o)
    0x00000478   0x00000478   0x00000000   Code   RO          797    .emb_text           c_w.l(maybetermalloc1.o)
    0x00000478   0x00000478   0x00000038   Code   RO          477    .text               startup_armcm4.o
    0x000004b0   0x000004b0   0x00000004   Code   RO          540    .text               c_w.l(putc.o)
    0x000004b4   0x000004b4   0x00000064   Code   RO          548    .text               c_w.l(rt_memcpy_w.o)
    0x00000518   0x00000518   0x00000080   Code   RO          550    .text               c_w.l(strcmpv7m.o)
    0x00000598   0x00000598   0x00000006   Code   RO          552    .text               c_w.l(heapauxi.o)
    0x0000059e   0x0000059e   0x00000062   Code   RO          556    .text               fz_wm.l(setjmp.o)
    0x00000600   0x00000600   0x00000138   Code   RO          563    .text               c_w.l(initio.o)
    0x00000738   0x00000738   0x0000004e   Code   RO          593    .text               c_w.l(h1_free.o)
    0x00000786   0x00000786   0x000001d6   Code   RO          647    .text               c_w.l(flsbuf.o)
    0x0000095c   0x0000095c   0x00000046   Code   RO          649    .text               c_w.l(setvbuf.o)
    0x000009a2   0x000009a2   0x00000002   PAD
    0x000009a4   0x000009a4   0x000000ec   Code   RO          652    .text               c_w.l(fopen.o)
    0x00000a90   0x00000a90   0x0000004c   Code   RO          654    .text               c_w.l(fclose.o)
    0x00000adc   0x00000adc   0x0000000e   Code   RO          660    .text               c_w.l(defsig_rtred_outer.o)
    0x00000aea   0x00000aea   0x0000004e   Code   RO          664    .text               c_w.l(rt_memclr_w.o)
    0x00000b38   0x00000b38   0x00000008   Code   RO          738    .text               c_w.l(rt_heap_descriptor_intlibspace.o)
    0x00000b40   0x00000b40   0x00000004   Code   RO          740    .text               c_w.l(hguard.o)
    0x00000b44   0x00000b44   0x0000008a   Code   RO          742    .text               c_w.l(init_alloc.o)
    0x00000bce   0x00000bce   0x0000005e   Code   RO          748    .text               c_w.l(h1_alloc.o)
    0x00000c2c   0x00000c2c   0x000000f8   Code   RO          762    .text               c_w.l(fseek.o)
    0x00000d24   0x00000d24   0x000000f0   Code   RO          764    .text               c_w.l(stdio.o)
    0x00000e14   0x00000e14   0x00000012   Code   RO          770    .text               c_w.l(exit.o)
    0x00000e26   0x00000e26   0x0000000a   Code   RO          772    .text               c_w.l(defsig_exit.o)
    0x00000e30   0x00000e30   0x00000034   Code   RO          774    .text               c_w.l(defsig_rtred_inner.o)
    0x00000e64   0x00000e64   0x0000000c   Code   RO          788    .text               c_w.l(sys_exit.o)
    0x00000e70   0x00000e70   0x0000000e   Code   RO          799    .text               c_w.l(h1_init.o)
    0x00000e7e   0x00000e7e   0x00000034   Code   RO          801    .text               c_w.l(h1_extend.o)
    0x00000eb2   0x00000eb2   0x00000042   Code   RO          811    .text               c_w.l(ftell.o)
    0x00000ef4   0x00000ef4   0x00000032   Code   RO          819    .text               c_w.l(defsig_general.o)
    0x00000f26   0x00000f26   0x0000000e   Code   RO          821    .text               c_w.l(defsig_rtmem_outer.o)
    0x00000f34   0x00000f34   0x0000000e   Code   RO          840    .text               c_w.l(sys_wrch.o)
    0x00000f42   0x00000f42   0x00000002   Code   RO          844    .text               c_w.l(use_no_semi.o)
    0x00000f44   0x00000f44   0x00000000   Code   RO          846    .text               c_w.l(indicate_semi.o)
    0x00000f44   0x00000f44   0x00000008   Code   RO          857    .text               c_w.l(rt_errno_addr_intlibspace.o)
    0x00000f4c   0x00000f4c   0x00000050   Code   RO          863    .text               c_w.l(defsig_rtmem_inner.o)
    0x00000f9c   0x00000f9c   0x00000030   Code   RO          387    i.ITM_SendChar      retarget_io.o
    0x00000fcc   0x00000fcc   0x00000030   Code   RO          486    i.SystemInit        system_armcm4.o
    0x00000ffc   0x00000ffc   0x00000054   Code   RO          113    i.UnityAddMsgIfSpecified  unity.o
    0x00001050   0x00001050   0x00000140   Code   RO          116    i.UnityAssertEqualIntArray  unity.o
    0x00001190   0x00001190   0x0000006c   Code   RO          118    i.UnityAssertEqualNumber  unity.o
    0x000011fc   0x000011fc   0x00000020   Code   RO          126    i.UnityBegin        unity.o
    0x0000121c   0x0000121c   0x00000054   Code   RO          127    i.UnityConcludeTest  unity.o
    0x00001270   0x00001270   0x00000044   Code   RO          128    i.UnityDefaultTestRun  unity.o
    0x000012b4   0x000012b4   0x0000008c   Code   RO          129    i.UnityEnd          unity.o
    0x00001340   0x00001340   0x00000054   Code   RO          134    i.UnityIsOneArrayNull  unity.o
    0x00001394   0x00001394   0x0000001a   Code   RO          136    i.UnityPrint        unity.o
    0x000013ae   0x000013ae   0x00000002   PAD
    0x000013b0   0x000013b0   0x00000068   Code   RO          137    i.UnityPrintChar    unity.o
    0x00001418   0x00001418   0x00000020   Code   RO          143    i.UnityPrintNumber  unity.o
    0x00001438   0x00001438   0x00000048   Code   RO          144    i.UnityPrintNumberByStyle  unity.o
    0x00001480   0x00001480   0x0000004c   Code   RO          145    i.UnityPrintNumberHex  unity.o
    0x000014cc   0x000014cc   0x00000044   Code   RO          146    i.UnityPrintNumberUnsigned  unity.o
    0x00001510   0x00001510   0x0000003c   Code   RO          147    i.UnityTestResultsBegin  unity.o
    0x0000154c   0x0000154c   0x0000002c   Code   RO          148    i.UnityTestResultsFailBegin  unity.o
    0x00001578   0x00001578   0x00000026   Code   RO          388    i._sys_close        retarget_io.o
    0x0000159e   0x0000159e   0x00000024   Code   RO          389    i._sys_flen         retarget_io.o
    0x000015c2   0x000015c2   0x00000024   Code   RO          390    i._sys_istty        retarget_io.o
    0x000015e6   0x000015e6   0x00000002   PAD
    0x000015e8   0x000015e8   0x00000068   Code   RO          391    i._sys_open         retarget_io.o
    0x00001650   0x00001650   0x0000002c   Code   RO          393    i._sys_seek         retarget_io.o
    0x0000167c   0x0000167c   0x00000046   Code   RO          394    i._sys_write        retarget_io.o
    0x000016c2   0x000016c2   0x0000001a   Code   RO          560    i.fputc             c_w.l(fputc.o)
    0x000016dc   0x000016dc   0x000000c8   Code   RO           33    i.main              ws_unity_intro_testfunctions_all.o
    0x000017a4   0x000017a4   0x0000003e   Code   RO            1    i.rank_ascending_c  ws_unity_intro_functions.o
    0x000017e2   0x000017e2   0x0000003e   Code   RO            2    i.rank_descending_c  ws_unity_intro_functions.o
    0x00001820   0x00001820   0x00000002   Code   RO           34    i.setUp             ws_unity_intro_testfunctions_all.o
    0x00001822   0x00001822   0x0000000c   Code   RO          395    i.stdout_putchar    retarget_io.o
    0x0000182e   0x0000182e   0x00000014   Code   RO            3    i.swap_c_1          ws_unity_intro_functions.o
    0x00001842   0x00001842   0x00000002   Code   RO           35    i.tearDown          ws_unity_intro_testfunctions_all.o
    0x00001844   0x00001844   0x0000007c   Code   RO           36    i.test_rank_ascending_c  ws_unity_intro_testfunctions_all.o
    0x000018c0   0x000018c0   0x0000007c   Code   RO           37    i.test_rank_desending_c  ws_unity_intro_testfunctions_all.o
    0x0000193c   0x0000193c   0x000000bc   Code   RO           38    i.test_swap_c_1     ws_unity_intro_testfunctions_all.o
    0x000019f8   0x000019f8   0x00000040   Code   RO           39    i.test_swap_c_1_fail  ws_unity_intro_testfunctions_all.o
    0x00001a38   0x00001a38   0x0000000a   Code   RO          786    x$fpl$fpinit        fz_wm.l(fpinit.o)
    0x00001a42   0x00001a42   0x00000002   PAD
    0x00001a44   0x00001a44   0x00000100   Data   RO           40    .constdata          ws_unity_intro_testfunctions_all.o
    0x00001b44   0x00001b44   0x00000208   Data   RO          156    .constdata          unity.o
    0x00001d4c   0x00001d4c   0x00000017   Data   RO          396    .constdata          retarget_io.o
    0x00001d63   0x00001d63   0x00000001   PAD
    0x00001d64   0x00001d64   0x00000020   Data   RO          888    Region$$Table       anon$$obj.o


    Execution Region RW_IRAM1 (Exec base: 0x20000000, Load base: 0x00001d84, Size: 0x00001238, Max: 0x00010000, ABSOLUTE)

    Exec Addr    Load Addr    Size         Type   Attr      Idx    E Section Name        Object

    0x20000000   0x00001d84   0x00000004   Data   RW          487    .data               system_armcm4.o
    0x20000004   0x00001d88   0x00000004   Data   RW          545    .data               c_w.l(stdio_streams.o)
    0x20000008   0x00001d8c   0x00000004   Data   RW          546    .data               c_w.l(stdio_streams.o)
    0x2000000c   0x00001d90   0x00000004   Data   RW          547    .data               c_w.l(stdio_streams.o)
    0x20000010        -       0x000000c8   Zero   RW          155    .bss                unity.o
    0x200000d8        -       0x00000054   Zero   RW          542    .bss                c_w.l(stdio_streams.o)
    0x2000012c        -       0x00000054   Zero   RW          543    .bss                c_w.l(stdio_streams.o)
    0x20000180        -       0x00000054   Zero   RW          544    .bss                c_w.l(stdio_streams.o)
    0x200001d4        -       0x00000060   Zero   RW          791    .bss                c_w.l(libspace.o)
    0x20000234   0x00001d94   0x00000004   PAD
    0x20000238        -       0x00000c00   Zero   RW          475    HEAP                startup_armcm4.o
    0x20000e38        -       0x00000400   Zero   RW          474    STACK               startup_armcm4.o


==============================================================================

Image component sizes


      Code (inc. data)   RO Data    RW Data    ZI Data      Debug   Object Name

       388         30         23          0          0       7270   retarget_io.o
        56         10        960          0       4096       1248   startup_armcm4.o
        48         18          0          4          0        703   system_armcm4.o
      1402        162        520          0        200      50138   unity.o
       144          0          0          0          0       6970   ws_unity_intro_functions.o
       704        170        256          0          0       4758   ws_unity_intro_testfunctions_all.o

    ----------------------------------------------------------------------
      2746        390       1792          4       4296      71087   Object Totals
         0          0         32          0          0          0   (incl. Generated)
         4          0          1          0          0          0   (incl. Padding)

    ----------------------------------------------------------------------

      Code (inc. data)   RO Data    RW Data    ZI Data      Debug   Library Member Name

         8          0          0          0          0         68   __main.o
         0          0          0          0          0          0   __rtentry.o
        12          0          0          0          0          0   __rtentry2.o
         8          4          0          0          0          0   __rtentry5.o
        52          8          0          0          0          0   __scatter.o
        26          0          0          0          0          0   __scatter_copy.o
        28          0          0          0          0          0   __scatter_zi.o
        10          0          0          0          0         68   defsig_exit.o
        50          0          0          0          0         88   defsig_general.o
        80         58          0          0          0         76   defsig_rtmem_inner.o
        14          0          0          0          0         80   defsig_rtmem_outer.o
        52         38          0          0          0         76   defsig_rtred_inner.o
        14          0          0          0          0         80   defsig_rtred_outer.o
        18          0          0          0          0         80   exit.o
        76          0          0          0          0         88   fclose.o
       470          0          0          0          0         88   flsbuf.o
       236          4          0          0          0        128   fopen.o
        26          0          0          0          0         68   fputc.o
       248          6          0          0          0         84   fseek.o
        66          0          0          0          0         76   ftell.o
        94          0          0          0          0         80   h1_alloc.o
        52          0          0          0          0         68   h1_extend.o
        78          0          0          0          0         80   h1_free.o
        14          0          0          0          0         84   h1_init.o
         6          0          0          0          0        152   heapauxi.o
         4          0          0          0          0        136   hguard.o
         0          0          0          0          0          0   indicate_semi.o
       138          0          0          0          0        168   init_alloc.o
       312         46          0          0          0        112   initio.o
         2          0          0          0          0          0   libinit.o
        10          0          0          0          0          0   libinit2.o
        16          8          0          0          0          0   libinit3.o
         2          0          0          0          0          0   libshutdown.o
         6          0          0          0          0          0   libshutdown2.o
         0          0          0          0         96          0   libspace.o
         0          0          0          0          0          0   maybetermalloc1.o
         4          0          0          0          0         68   putc.o
         8          4          0          0          0         68   rt_errno_addr_intlibspace.o
         8          4          0          0          0         68   rt_heap_descriptor_intlibspace.o
        78          0          0          0          0         80   rt_memclr_w.o
       100          0          0          0          0         80   rt_memcpy_w.o
         2          0          0          0          0          0   rtexit.o
        10          0          0          0          0          0   rtexit2.o
        70          0          0          0          0         80   setvbuf.o
       240          6          0          0          0        156   stdio.o
         0          0          0         12        252          0   stdio_streams.o
       128          0          0          0          0         68   strcmpv7m.o
        12          4          0          0          0         68   sys_exit.o
        14          0          0          0          0         76   sys_wrch.o
         2          0          0          0          0         68   use_no_semi.o
        10          0          0          0          0        116   fpinit.o
        98          0          0          0          0        144   setjmp.o

    ----------------------------------------------------------------------
      3018        190          0         12        352       3168   Library Totals
         6          0          0          0          4          0   (incl. Padding)

    ----------------------------------------------------------------------

      Code (inc. data)   RO Data    RW Data    ZI Data      Debug   Library Name

      2904        190          0         12        348       2908   c_w.l
       108          0          0          0          0        260   fz_wm.l

    ----------------------------------------------------------------------
      3018        190          0         12        352       3168   Library Totals

    ----------------------------------------------------------------------

==============================================================================


      Code (inc. data)   RO Data    RW Data    ZI Data      Debug   

      5764        580       1792         16       4648      69595   Grand Totals
      5764        580       1792         16       4648      69595   ELF Image Totals
      5764        580       1792         16          0          0   ROM Totals

==============================================================================

    Total RO  Size (Code + RO Data)                 7556 (   7.38kB)
    Total RW  Size (RW Data + ZI Data)              4664 (   4.55kB)
    Total ROM Size (Code + RO Data + RW Data)       7572 (   7.39kB)

==============================================================================

